<html>
<body>
<pre>
<h1>µVision Build Log</h1>
<h2>Project:</h2>
E:\Demo\MC_LCD\MC_LCD.uvproj
Project File Date:  05/30/2018

<h2>Output:</h2>
Rebuild target 'FLASH'
assembling startup_LPC17xx.s...
compiling system_LPC17xx.c...
compiling timer.c...
compiling can.c...
compiling main.c...
compiling CanOpen.c...
compiling adc.c...
Src\adc.c(50): warning:  #177-D: variable "stFlg" was declared but never referenced
Src\adc.c(53): warning:  #177-D: variable "vAd0" was declared but never referenced
compiling GPIO.c...
compiling i2c.c...
compiling uart.c...
compiling App_IO.c...
compiling App_Bus.c...
Src\App_Bus.c(415): warning:  #177-D: variable "i" was declared but never referenced
compiling Task.c...
compiling App_usr.c...
compiling pwm.c...
compiling App_DGUS.c...
compiling App_KEY.c...
compiling App_lcd.c...
Src\App_lcd.c(86): warning:  #167-D: argument of type "unsigned char *" is incompatible with parameter of type "char *restrict"
linking...
Program Size: Code=36984 RO-data=424 RW-data=620 ZI-data=6308  
FromELF: creating hex file...
".\FLASH\BU_MC65.axf" - 0 Errors, 4 Warning(s).
Clean started: Project: 'MC_LCD'
   deleting intermediate output files for target 'RAM'
   deleting intermediate output files for target 'FLASH'
Build target 'FLASH'
assembling startup_LPC17xx.s...
compiling system_LPC17xx.c...
compiling timer.c...
compiling can.c...
compiling main.c...
compiling CanOpen.c...
compiling adc.c...
Src\adc.c(50): warning:  #177-D: variable "stFlg" was declared but never referenced
Src\adc.c(53): warning:  #177-D: variable "vAd0" was declared but never referenced
compiling GPIO.c...
compiling i2c.c...
compiling uart.c...
compiling App_IO.c...
compiling App_Bus.c...
Src\App_Bus.c(415): warning:  #177-D: variable "i" was declared but never referenced
compiling Task.c...
compiling App_usr.c...
compiling pwm.c...
compiling App_DGUS.c...
compiling App_KEY.c...
compiling App_lcd.c...
Src\App_lcd.c(86): warning:  #167-D: argument of type "unsigned char *" is incompatible with parameter of type "char *restrict"
linking...
Program Size: Code=36984 RO-data=424 RW-data=620 ZI-data=6308  
FromELF: creating hex file...
".\FLASH\MC_LCD.axf" - 0 Errors, 4 Warning(s).
Build target 'FLASH'
compiling timer.c...
compiling can.c...
compiling main.c...
compiling CanOpen.c...
compiling adc.c...
Src\adc.c(50): warning:  #177-D: variable "stFlg" was declared but never referenced
Src\adc.c(53): warning:  #177-D: variable "vAd0" was declared but never referenced
compiling GPIO.c...
compiling App_IO.c...
compiling App_Bus.c...
Src\App_Bus.c(415): warning:  #177-D: variable "i" was declared but never referenced
compiling Task.c...
compiling App_usr.c...
compiling pwm.c...
compiling App_DGUS.c...
compiling App_KEY.c...
compiling App_lcd.c...
Src\App_lcd.c(86): warning:  #167-D: argument of type "unsigned char *" is incompatible with parameter of type "char *restrict"
linking...
Program Size: Code=36984 RO-data=424 RW-data=620 ZI-data=6308  
FromELF: creating hex file...
".\FLASH\MC_LCD.axf" - 0 Errors, 4 Warning(s).
Build target 'FLASH'
compiling timer.c...
compiling App_IO.c...
linking...
Program Size: Code=36988 RO-data=424 RW-data=620 ZI-data=6308  
FromELF: creating hex file...
".\FLASH\MC_LCD.axf" - 0 Errors, 0 Warning(s).
Build target 'FLASH'
linking...
Program Size: Code=36988 RO-data=424 RW-data=620 ZI-data=6308  
FromELF: creating hex file...
".\FLASH\MC_LCD.axf" - 0 Errors, 0 Warning(s).
Rebuild target 'FLASH'
assembling startup_LPC17xx.s...
compiling system_LPC17xx.c...
compiling timer.c...
compiling can.c...
compiling main.c...
compiling CanOpen.c...
compiling adc.c...
Src\adc.c(50): warning:  #177-D: variable "stFlg" was declared but never referenced
Src\adc.c(53): warning:  #177-D: variable "vAd0" was declared but never referenced
compiling GPIO.c...
compiling i2c.c...
compiling uart.c...
compiling App_IO.c...
compiling App_Bus.c...
Src\App_Bus.c(415): warning:  #177-D: variable "i" was declared but never referenced
compiling Task.c...
compiling App_usr.c...
compiling pwm.c...
compiling App_DGUS.c...
compiling App_KEY.c...
compiling App_lcd.c...
Src\App_lcd.c(86): warning:  #167-D: argument of type "unsigned char *" is incompatible with parameter of type "char *restrict"
linking...
Program Size: Code=36988 RO-data=424 RW-data=620 ZI-data=6308  
FromELF: creating hex file...
".\FLASH\MC_LCD.axf" - 0 Errors, 4 Warning(s).
Build target 'FLASH'
compiling main.c...
compiling App_IO.c...
linking...
Program Size: Code=37064 RO-data=424 RW-data=620 ZI-data=6308  
FromELF: creating hex file...
".\FLASH\MC_LCD.axf" - 0 Errors, 0 Warning(s).
Build target 'FLASH'
compiling adc.c...
Src\adc.c(50): warning:  #177-D: variable "stFlg" was declared but never referenced
Src\adc.c(53): warning:  #177-D: variable "vAd0" was declared but never referenced
compiling App_IO.c...
linking...
Program Size: Code=37092 RO-data=424 RW-data=620 ZI-data=6308  
FromELF: creating hex file...
".\FLASH\MC_LCD.axf" - 0 Errors, 2 Warning(s).
Build target 'FLASH'
compiling timer.c...
compiling can.c...
compiling main.c...
compiling CanOpen.c...
compiling adc.c...
Src\adc.c(50): warning:  #177-D: variable "stFlg" was declared but never referenced
Src\adc.c(53): warning:  #177-D: variable "vAd0" was declared but never referenced
compiling GPIO.c...
compiling App_IO.c...
compiling App_Bus.c...
Src\App_Bus.c(415): warning:  #177-D: variable "i" was declared but never referenced
compiling Task.c...
compiling App_usr.c...
compiling pwm.c...
compiling App_DGUS.c...
compiling App_KEY.c...
compiling App_lcd.c...
Src\App_lcd.c(86): warning:  #167-D: argument of type "unsigned char *" is incompatible with parameter of type "char *restrict"
linking...
Program Size: Code=37116 RO-data=424 RW-data=624 ZI-data=6312  
FromELF: creating hex file...
".\FLASH\MC_LCD.axf" - 0 Errors, 4 Warning(s).
Build target 'FLASH'
compiling main.c...
linking...
Program Size: Code=37116 RO-data=424 RW-data=624 ZI-data=6312  
FromELF: creating hex file...
".\FLASH\MC_LCD.axf" - 0 Errors, 0 Warning(s).
Build target 'FLASH'
compiling adc.c...
Src\adc.c(50): warning:  #177-D: variable "stFlg" was declared but never referenced
Src\adc.c(53): warning:  #177-D: variable "vAd0" was declared but never referenced
linking...
Program Size: Code=37108 RO-data=424 RW-data=624 ZI-data=6312  
FromELF: creating hex file...
".\FLASH\MC_LCD.axf" - 0 Errors, 2 Warning(s).
