Component: ARM Compiler 5.06 update 6 (build 750) Tool: armlink [4d35ed]

==============================================================================

Section Cross References

    startup_lpc17xx.o(STACK) refers (Special) to heapauxi.o(.text) for __use_two_region_memory
    startup_lpc17xx.o(HEAP) refers (Special) to heapauxi.o(.text) for __use_two_region_memory
    startup_lpc17xx.o(RESET) refers (Special) to heapauxi.o(.text) for __use_two_region_memory
    startup_lpc17xx.o(RESET) refers to startup_lpc17xx.o(STACK) for __initial_sp
    startup_lpc17xx.o(RESET) refers to startup_lpc17xx.o(.text) for Reset_Handler
    startup_lpc17xx.o(RESET) refers to timer.o(.text) for TIMER0_IRQHandler
    startup_lpc17xx.o(RESET) refers to uart.o(.text) for UART0_IRQHandler
    startup_lpc17xx.o(RESET) refers to pwm.o(.text) for PWM1_IRQHandler
    startup_lpc17xx.o(RESET) refers to i2c.o(.text) for I2C0_IRQHandler
    startup_lpc17xx.o(RESET) refers to adc.o(.text) for ADC_IRQHandler
    startup_lpc17xx.o(RESET) refers to can.o(.text) for CAN_IRQHandler
    startup_lpc17xx.o(.ARM.__at_0x02FC) refers (Special) to heapauxi.o(.text) for __use_two_region_memory
    startup_lpc17xx.o(.text) refers (Special) to heapauxi.o(.text) for __use_two_region_memory
    startup_lpc17xx.o(.text) refers to __main.o(!!!main) for __main
    startup_lpc17xx.o(.text) refers to startup_lpc17xx.o(HEAP) for Heap_Mem
    startup_lpc17xx.o(.text) refers to startup_lpc17xx.o(STACK) for Stack_Mem
    system_lpc17xx.o(.text) refers to system_lpc17xx.o(.data) for SystemFrequency
    app_sys.o(.text) refers to fflt_clz.o(x$fpl$ffltu) for __aeabi_ui2f
    app_sys.o(.text) refers to fdiv.o(x$fpl$fdiv) for __aeabi_fdiv
    app_sys.o(.text) refers to fmul.o(x$fpl$fmul) for __aeabi_fmul
    app_sys.o(.text) refers to ffixu.o(x$fpl$ffixu) for __aeabi_f2uiz
    app_sys.o(.text) refers to dflt_clz.o(x$fpl$dfltu) for __aeabi_ui2d
    app_sys.o(.text) refers to dmul.o(x$fpl$dmul) for __aeabi_dmul
    app_sys.o(.text) refers to dfixu.o(x$fpl$dfixu) for __aeabi_d2uiz
    app_sys.o(.text) refers to app_bus.o(.text) for Sys_Write_WT
    app_sys.o(.text) refers to gpio.o(.text) for WDT_Feed
    app_sys.o(.text) refers to timer.o(.text) for T0_mS_Prog
    app_sys.o(.text) refers to canopen.o(.text) for Can_Rcv_Dly
    app_sys.o(.text) refers to app_io.o(.text) for Key_Led_On
    app_sys.o(.text) refers to app_uart.o(.text) for Uart0_DGUS
    app_sys.o(.text) refers to app_sys.o(.data) for gADxChn
    app_sys.o(.text) refers to adc.o(.bss) for ADCRst
    app_sys.o(.text) refers to app_sys.o(.bss) for gADVal
    app_sys.o(.text) refers to timer.o(.data) for gT0Flg
    app_sys.o(.text) refers to app_io.o(.bss) for gTODH
    app_sys.o(.text) refers to canopen.o(.data) for CAN1RxDone
    app_sys.o(.text) refers to uart.o(.data) for gUart0RcvFlg
    app_sys.o(.text) refers to app_uart.o(.data) for gDGUSRtnFlg
    app_sys.o(.text) refers to app_lcd.o(.data) for gLcdFresh
    timer.o(.text) refers to app_io.o(.text) for DI_Scan
    timer.o(.text) refers to timer.o(.data) for gT0Flg
    timer.o(.text) refers to app_comm.o(.data) for gCommOvDly
    timer.o(.text) refers to app_sys.o(.data) for gTimeFlg_10mS
    timer.o(.text) refers to uart.o(.data) for UART0RcvDly
    timer.o(.text) refers to app_lcd.o(.data) for gLcdFresh
    timer.o(.text) refers to app_io.o(.bss) for gTON
    timer.o(.text) refers to app_io.o(.data) for gPIValAdd
    can.o(.text) refers to canopen.o(.text) for Can_ID_Chk
    can.o(.text) refers to canopen.o(.bss) for MsgBuf_RX1
    can.o(.text) refers to canopen.o(.data) for CAN1RxDone
    can.o(.text) refers to can.o(.data) for CAN_BPS
    can.o(.text) refers to app_bus.o(.bss) for gSysInfo
    main.o(.text) refers to system_lpc17xx.o(.text) for SystemInit
    main.o(.text) refers to app_bus.o(.text) for Sys_Param_Init
    main.o(.text) refers to app_io.o(.text) for IO_Init
    main.o(.text) refers to gpio.o(.text) for WDT_Feed
    main.o(.text) refers to pwm.o(.text) for PWM_Init
    main.o(.text) refers to i2c.o(.text) for I2CInit
    main.o(.text) refers to can.o(.text) for CAN_Init
    main.o(.text) refers to timer.o(.text) for init_timer
    main.o(.text) refers to uart.o(.text) for UARTInit
    main.o(.text) refers to canopen.o(.text) for Can1_RcvID_Cfg
    main.o(.text) refers to adc.o(.text) for ADCInit
    main.o(.text) refers to app_dgus.o(.text) for LCD_GO_Page
    main.o(.text) refers to app_usr.o(.text) for ReadRetain_
    main.o(.text) refers to app_comm.o(.text) for Uart1_WL_Rcv
    main.o(.text) refers to arm200a_store.o(.text) for Arm200A_StoreSave
    main.o(.text) refers to app_sys.o(.text) for Sys_Prog_While
    main.o(.text) refers to app_sys.o(.bss) for gPWMx
    main.o(.text) refers to pwm.o(.data) for gPwmCycle
    main.o(.text) refers to app_bus.o(.bss) for gSysInfo
    main.o(.text) refers to timer.o(.data) for gCanCyc
    main.o(.text) refers to app_bus.o(.data) for gID
[...]
    UART0RcvDly                              0x10000228   Data           4  uart.o(.data)
    UART1RcvDly                              0x1000022c   Data           4  uart.o(.data)
    gUart0RcvFlg                             0x10000230   Data           4  uart.o(.data)
    gUart1RcvFlg                             0x10000234   Data           4  uart.o(.data)
    gKeyValue                                0x10000238   Data           4  app_io.o(.data)
    gKeyValueXY                              0x1000023c   Data           4  app_io.o(.data)
    gKeyValue0                               0x10000240   Data           4  app_io.o(.data)
    gDIBitV                                  0x10000244   Data           4  app_io.o(.data)
    gPIVal                                   0x10000248   Data           4  app_io.o(.data)
    gPIValAdd                                0x1000024c   Data           4  app_io.o(.data)
    gPIVal1                                  0x10000250   Data           4  app_io.o(.data)
    gPIVal2                                  0x10000254   Data           4  app_io.o(.data)
    gPIVal3                                  0x10000258   Data           4  app_io.o(.data)
    gPIVal4                                  0x1000025c   Data           4  app_io.o(.data)
    gPIValAdd1                               0x10000260   Data           4  app_io.o(.data)
    gPIValAdd2                               0x10000264   Data           4  app_io.o(.data)
    gPIValAdd3                               0x10000268   Data           4  app_io.o(.data)
    gPIValAdd4                               0x1000026c   Data           4  app_io.o(.data)
    gDOBitV                                  0x10000270   Data           8  app_io.o(.data)
    gDOPNum                                  0x10000278   Data           1  app_io.o(.data)
    gXNLeft                                  0x10000279   Data           1  app_io.o(.data)
    gXNRight                                 0x1000027a   Data           1  app_io.o(.data)
    gKeyScanTable                            0x1000027b   Data          24  app_io.o(.data)
    gKeyLedTable                             0x10000293   Data          24  app_io.o(.data)
    gDIScanTable                             0x100002ab   Data          48  app_io.o(.data)
    gDOSetTable                              0x100002db   Data          40  app_io.o(.data)
    gPWM_DO_Tab                              0x10000303   Data          12  app_io.o(.data)
    gSysTime                                 0x10000310   Data           8  app_bus.o(.data)
    gSysTime0                                0x10000318   Data           8  app_bus.o(.data)
    x_year                                   0x10000320   Data           1  app_bus.o(.data)
    x_month                                  0x10000321   Data           1  app_bus.o(.data)
    x_day                                    0x10000322   Data           1  app_bus.o(.data)
    x_hour                                   0x10000323   Data           1  app_bus.o(.data)
    x_minute                                 0x10000324   Data           1  app_bus.o(.data)
    x_second                                 0x10000325   Data           1  app_bus.o(.data)
    x_y2k                                    0x10000326   Data           1  app_bus.o(.data)
    x_week                                   0x10000327   Data           1  app_bus.o(.data)
    x12026_st                                0x10000328   Data           1  app_bus.o(.data)
    gID                                      0x10000329   Data           1  app_bus.o(.data)
    gID2                                     0x1000032a   Data           1  app_bus.o(.data)
    gSSite                                   0x1000032c   Data           4  app_bus.o(.data)
    gLenE                                    0x10000330   Data           4  app_bus.o(.data)
    gChkE                                    0x10000334   Data           2  app_bus.o(.data)
    lpFlg                                    0x10000336   Data           1  app_bus.o(.data)
    gk                                       0x10000337   Data           1  app_bus.o(.data)
    pL                                       0x10000338   Data           4  app_bus.o(.data)
    gWkTimeSave                              0x1000033c   Data           1  app_bus.o(.data)
    GADC_Databuf                             0x10000340   Data           4  pwm.o(.data)
    gPwmCycle                                0x10000344   Data           4  pwm.o(.data)
    match_counter1                           0x10000348   Data           4  pwm.o(.data)
    _R_Valve                                 0x1000034c   Data          48  pwm.o(.data)
    pwm_pclkdiv                              0x1000037c   Data           4  pwm.o(.data)
    pwm_pclk                                 0x10000380   Data           4  pwm.o(.data)
    gLCDSLen                                 0x10000386   Data           1  app_dgus.o(.data)
    gLCDRLen                                 0x10000387   Data           1  app_dgus.o(.data)
    gDGUSSndCmd                              0x10000388   Data           4  app_uart.o(.data)
    gDGUSSndAddr                             0x1000038c   Data           4  app_uart.o(.data)
    gDGUSSndLen                              0x10000390   Data           4  app_uart.o(.data)
    gDGUSRtnCmd                              0x10000394   Data           4  app_uart.o(.data)
    gDGUSRtnAddr                             0x10000398   Data           4  app_uart.o(.data)
    gDGUSRtnLen                              0x1000039c   Data           4  app_uart.o(.data)
    gDGUSRtnData                             0x100003a0   Data           4  app_uart.o(.data)
    gDGUSRtnFlg                              0x100003a4   Data           1  app_uart.o(.data)
    gWLRcvs                                  0x100003a8   Data           4  app_comm.o(.data)
    gWLRcvOkN                                0x100003ac   Data           4  app_comm.o(.data)
    gCommOvDly                               0x100003b0   Data           4  app_comm.o(.data)
    gUartSendDly                             0x100003b4   Data           4  app_comm.o(.data)
    gUartDType                               0x100003b8   Data           4  app_comm.o(.data)
    gWLRcvOk                                 0x100003bc   Data           1  app_comm.o(.data)
    gWLAckCnt                                0x100003c0   Data           4  app_comm.o(.data)
    gWL_RCV_T                                0x100003c4   Data          16  app_comm.o(.data)
    gWLDType                                 0x100003d4   Data           1  app_comm.o(.data)
    gWLInfo                                  0x100003d5   Data           8  app_comm.o(.data)
    gWLCmd                                   0x100003dd   Data           1  app_comm.o(.data)
    gWLParam                                 0x100003de   Data           2  app_comm.o(.data)
    gWLRWFlg                                 0x100003e0   Data           1  app_comm.o(.data)
    stBKClose                                0x100003e1   Data           1  app_comm.o(.data)
    gPower24V                                0x100003e2   Data           1  app_comm.o(.data)
    can_send_10ms                            0x100003e8   Data           1  app_usr.o(.data)
    gYunx20ms                                0x100003e9   Data           1  app_usr.o(.data)
    Prog_Run_2s                              0x100003ec   Data           4  app_usr.o(.data)
    Prog_Run_1s                              0x100003f0   Data           4  app_usr.o(.data)
    Enable_ON                                0x10000460   Data           1  app_usr.o(.data)
    YJ_ON                                    0x10000461   Data           1  app_usr.o(.data)
    Motor_ON                                 0x10000462   Data           1  app_usr.o(.data)
    engine_ON_ykq                            0x10000463   Data           1  app_usr.o(.data)
    engine_OFF_ykq                           0x10000464   Data           1  app_usr.o(.data)
    Plat_Left_ykq                            0x10000465   Data           1  app_usr.o(.data)
    Plat_Right_ykq                           0x10000466   Data           1  app_usr.o(.data)
    ABCD_down_flags                          0x10000467   Data           1  app_usr.o(.data)
    ABCD_up_flags                            0x10000468   Data           1  app_usr.o(.data)
    byte_mode                                0x10000469   Data           1  app_usr.o(.data)
    Fast_Dwei                                0x1000046a   Data           1  app_usr.o(.data)
    byte_mode_old                            0x1000046b   Data           1  app_usr.o(.data)
    Main_motor_setup_DI                      0x1000046c   Data           1  app_usr.o(.data)
    Main_motor_setup_DO                      0x1000046d   Data           1  app_usr.o(.data)
    leg_DO                                   0x1000046e   Data           1  app_usr.o(.data)
    Horn_DO                                  0x1000046f   Data           1  app_usr.o(.data)
    ALARM_DO                                 0x10000470   Data           1  app_usr.o(.data)
    Main_motor_setup_DI_buf                  0x10000471   Data           1  app_usr.o(.data)
    Main_motor_setup_DI_buf_old              0x10000472   Data           1  app_usr.o(.data)
    SC121_DI1                                0x10000473   Data           1  app_usr.o(.data)
    SC121_DI2                                0x10000474   Data           1  app_usr.o(.data)
    SC121_DI3                                0x10000475   Data           1  app_usr.o(.data)
    SC121_DI4                                0x10000476   Data           1  app_usr.o(.data)
    SC121_DI5                                0x10000477   Data           1  app_usr.o(.data)
    SC121_DI6                                0x10000478   Data           1  app_usr.o(.data)
    SC121_DI7                                0x10000479   Data           1  app_usr.o(.data)
    SC121_DI8                                0x1000047a   Data           1  app_usr.o(.data)
    CEshi_1                                  0x1000047b   Data           1  app_usr.o(.data)
    CE_NO                                    0x1000047c   Data           1  app_usr.o(.data)
    SC121_DI9                                0x1000047d   Data           1  app_usr.o(.data)
    SC121_DI10                               0x1000047e   Data           1  app_usr.o(.data)
    SC121_DI11                               0x1000047f   Data           1  app_usr.o(.data)
    SC121_DI12                               0x10000480   Data           1  app_usr.o(.data)
    SC121_DI13                               0x10000481   Data           1  app_usr.o(.data)
    SC121_DI14                               0x10000482   Data           1  app_usr.o(.data)
    SC121_DI15                               0x10000483   Data           1  app_usr.o(.data)
    SC121_DI16                               0x10000484   Data           1  app_usr.o(.data)
    SC121_DI17                               0x10000485   Data           1  app_usr.o(.data)
    SC121_DI18                               0x10000486   Data           1  app_usr.o(.data)
    SC121_DI19                               0x10000487   Data           1  app_usr.o(.data)
    MC121_AI1                                0x10000488   Data           4  app_usr.o(.data)
    MC121_AI2                                0x1000048c   Data           4  app_usr.o(.data)
    MC121_AI3                                0x10000490   Data           4  app_usr.o(.data)
    MC121_AI4                                0x10000494   Data           4  app_usr.o(.data)
    MC121_AI5                                0x10000498   Data           4  app_usr.o(.data)
    MC121_AI6                                0x1000049c   Data           4  app_usr.o(.data)
    SC121_AI1                                0x100004a0   Data           4  app_usr.o(.data)
    SC121_AI2                                0x100004a4   Data           4  app_usr.o(.data)
    SC121_AI3                                0x100004a8   Data           4  app_usr.o(.data)
    SC121_AI4                                0x100004ac   Data           4  app_usr.o(.data)
    SC121_AI5                                0x100004b0   Data           4  app_usr.o(.data)
    SC121_AI6                                0x100004b4   Data           4  app_usr.o(.data)
    MC121_DI1                                0x100004b8   Data           1  app_usr.o(.data)
    MC121_DI2                                0x100004b9   Data           1  app_usr.o(.data)
    MC121_DI3                                0x100004ba   Data           1  app_usr.o(.data)
    MC121_DI4                                0x100004bb   Data           1  app_usr.o(.data)
    MC121_DI5                                0x100004bc   Data           1  app_usr.o(.data)
    MC121_DI6                                0x100004bd   Data           1  app_usr.o(.data)
    MC121_DI7                                0x100004be   Data           1  app_usr.o(.data)
    MC121_DI8                                0x100004bf   Data           1  app_usr.o(.data)
    MC121_DI9                                0x100004c0   Data           1  app_usr.o(.data)
    MC121_DI10                               0x100004c1   Data           1  app_usr.o(.data)
    MC121_DI11                               0x100004c2   Data           1  app_usr.o(.data)
    MC121_DI12                               0x100004c3   Data           1  app_usr.o(.data)
    MC121_DI13                               0x100004c4   Data           1  app_usr.o(.data)
    MC121_DI14                               0x100004c5   Data           1  app_usr.o(.data)
    MC121_DI15                               0x100004c6   Data           1  app_usr.o(.data)
    MC121_DI16                               0x100004c7   Data           1  app_usr.o(.data)
    MC121_DI17                               0x100004c8   Data           1  app_usr.o(.data)
    MC121_DI18                               0x100004c9   Data           1  app_usr.o(.data)
    MC121_DI19                               0x100004ca   Data           1  app_usr.o(.data)
    MC121_PWM1B                              0x100004cc   Data           4  app_usr.o(.data)
    MC121_PWM1A                              0x100004d0   Data           4  app_usr.o(.data)
    MC121_PWM2B                              0x100004d4   Data           4  app_usr.o(.data)
    MC121_PWM2A                              0x100004d8   Data           4  app_usr.o(.data)
    MC121_PWM3B                              0x100004dc   Data           4  app_usr.o(.data)
    MC121_PWM3A                              0x100004e0   Data           4  app_usr.o(.data)
    MC121_PWM4B                              0x100004e4   Data           4  app_usr.o(.data)
    MC121_PWM4A                              0x100004e8   Data           4  app_usr.o(.data)
    MC121_PWM5B                              0x100004ec   Data           4  app_usr.o(.data)
    MC121_PWM5A                              0x100004f0   Data           4  app_usr.o(.data)
    MC121_PWM6B                              0x100004f4   Data           4  app_usr.o(.data)
    MC121_PWM6A                              0x100004f8   Data           4  app_usr.o(.data)
    on_off_time_dly                          0x100004fc   Data           4  app_usr.o(.data)
    on_off_time_out                          0x10000500   Data           1  app_usr.o(.data)
    y_key_1                                  0x10000501   Data           1  app_usr.o(.data)
    y_key_2                                  0x10000502   Data           1  app_usr.o(.data)
    y_key_3                                  0x10000503   Data           1  app_usr.o(.data)
    y_key_3_old                              0x10000504   Data           1  app_usr.o(.data)
    y_key_4                                  0x10000505   Data           1  app_usr.o(.data)
    y_key_5                                  0x10000506   Data           1  app_usr.o(.data)
    y_key_5_dly                              0x10000507   Data           1  app_usr.o(.data)
    y_key_1_dly                              0x10000508   Data           1  app_usr.o(.data)
    Tisho_S                                  0x10000509   Data           1  app_usr.o(.data)
    y_key_6                                  0x1000050a   Data           1  app_usr.o(.data)
    y_key_7                                  0x1000050b   Data           1  app_usr.o(.data)
    y_key_8                                  0x1000050c   Data           1  app_usr.o(.data)
    Offline_weak                             0x1000050d   Data           1  app_usr.o(.data)
    maunal_mode_flags                        0x1000050e   Data           1  app_usr.o(.data)
    Auto_mode_flags                          0x1000050f   Data           1  app_usr.o(.data)
    E_stop_DI                                0x10000510   Data           1  app_usr.o(.data)
    Boom_bar_AI                              0x10000514   Data           4  app_usr.o(.data)
    Fast_Dwei_local_DI                       0x10000518   Data           1  app_usr.o(.data)
    Left_limit_Rotation_DI                   0x10000519   Data           1  app_usr.o(.data)
    Right_limit_Rotation_DI                  0x1000051a   Data           1  app_usr.o(.data)
    YJ_ON_Local_DI                           0x1000051b   Data           1  app_usr.o(.data)
    engine_start_DI                          0x1000051c   Data           1  app_usr.o(.data)
    engine_off_DI                            0x1000051d   Data           1  app_usr.o(.data)
    Plat_Left_DI                             0x1000051e   Data           1  app_usr.o(.data)
    Plat_Right_DI                            0x1000051f   Data           1  app_usr.o(.data)
    Leg3_Limit_DI                            0x10000520   Data           1  app_usr.o(.data)
    Leg2_Limit_DI                            0x10000521   Data           1  app_usr.o(.data)
    Leg1_Limit_DI                            0x10000522   Data           1  app_usr.o(.data)
    Leg4_Limit_DI                            0x10000523   Data           1  app_usr.o(.data)
    PWM_4A_119_CAN2                          0x10000524   Data           4  app_usr.o(.data)
    PWM_4B_119_CAN2                          0x10000528   Data           4  app_usr.o(.data)
    PWM_5A_119_CAN2                          0x1000052c   Data           4  app_usr.o(.data)
    PWM_5B_119_CAN2                          0x10000530   Data           4  app_usr.o(.data)
    PWM_6A_119_CAN2                          0x10000534   Data           4  app_usr.o(.data)
    PWM_6B_119_CAN2                          0x10000538   Data           4  app_usr.o(.data)
    PWM_3A_119_CAN2                          0x1000053c   Data           4  app_usr.o(.data)
    PWM_3B_119_CAN2                          0x10000540   Data           4  app_usr.o(.data)
    PWM_2A_119_CAN2                          0x10000544   Data           4  app_usr.o(.data)
    PWM_2B_119_CAN2                          0x10000548   Data           4  app_usr.o(.data)
    PWM_1A_119_CAN2                          0x1000054c   Data           4  app_usr.o(.data)
    PWM_1B_119_CAN2                          0x10000550   Data           4  app_usr.o(.data)
    DO_0_PWM                                 0x10000554   Data           4  app_usr.o(.data)
    DO_1_PWM                                 0x10000558   Data           4  app_usr.o(.data)
    DO_2_PWM                                 0x1000055c   Data           4  app_usr.o(.data)
    DO_3_PWM                                 0x10000560   Data           4  app_usr.o(.data)
    DO_4_PWM                                 0x10000564   Data           4  app_usr.o(.data)
    DO_5_PWM                                 0x10000568   Data           4  app_usr.o(.data)
    in_D_DI_buf                              0x1000056c   Data           4  app_usr.o(.data)
    in_C_DI_buf                              0x10000570   Data           4  app_usr.o(.data)
    in_B_DI_buf                              0x10000574   Data           4  app_usr.o(.data)
    in_A_DI_buf                              0x10000578   Data           4  app_usr.o(.data)
    Horn_DI                                  0x1000057c   Data           1  app_usr.o(.data)
    R_Horn                                   0x1000057d   Data           1  app_usr.o(.data)
    R_stop                                   0x1000057e   Data           1  app_usr.o(.data)
    in_D_DI                                  0x1000057f   Data           1  app_usr.o(.data)
    in_C_DI                                  0x10000580   Data           1  app_usr.o(.data)
    in_B_DI                                  0x10000581   Data           1  app_usr.o(.data)
    in_A_DI                                  0x10000582   Data           1  app_usr.o(.data)
    in_A_DI_old                              0x10000583   Data           1  app_usr.o(.data)
    in_B_DI_old                              0x10000584   Data           1  app_usr.o(.data)
    in_C_DI_old                              0x10000585   Data           1  app_usr.o(.data)
    in_D_DI_old                              0x10000586   Data           1  app_usr.o(.data)
    OUT_T_dead                               0x10000587   Data           1  app_usr.o(.data)
    OUT_M_dead                               0x10000588   Data           1  app_usr.o(.data)
    SC121_PWM1B                              0x1000058c   Data           4  app_usr.o(.data)
    SC121_PWM1A                              0x10000590   Data           4  app_usr.o(.data)
    SC121_PWM2B                              0x10000594   Data           4  app_usr.o(.data)
    SC121_PWM2A                              0x10000598   Data           4  app_usr.o(.data)
    SC121_PWM3B                              0x1000059c   Data           4  app_usr.o(.data)
    SC121_PWM3A                              0x100005a0   Data           4  app_usr.o(.data)
    SC121_PWM4B                              0x100005a4   Data           4  app_usr.o(.data)
    SC121_PWM4A                              0x100005a8   Data           4  app_usr.o(.data)
    SC121_PWM5B                              0x100005ac   Data           4  app_usr.o(.data)
    SC121_PWM5A                              0x100005b0   Data           4  app_usr.o(.data)
    SC121_PWM6B                              0x100005b4   Data           4  app_usr.o(.data)
    SC121_PWM6A                              0x100005b8   Data           4  app_usr.o(.data)
    save_time1                               0x100005bc   Data           4  app_usr.o(.data)
    save_time2                               0x100005c0   Data           4  app_usr.o(.data)
    work_time1                               0x100005c4   Data           4  app_usr.o(.data)
    work_time2                               0x100005c8   Data           4  app_usr.o(.data)
    Whole_pumptime1_Min                      0x100005cc   Data           4  app_usr.o(.data)
    Whole_pumptime2_Min                      0x100005d0   Data           4  app_usr.o(.data)
    Whole_Pumptime1                          0x100005d4   Data           4  app_usr.o(.data)
    Whole_Pumptime2                          0x100005d8   Data           4  app_usr.o(.data)
    fsx_wSpeed_buf                           0x100005dc   Data           4  app_usr.o(.data)
    Can_wSpeed_send                          0x100005e0   Data           4  app_usr.o(.data)
    OUT_M                                    0x100005e4   Data           4  app_usr.o(.data)
    OUT_T                                    0x100005e8   Data           4  app_usr.o(.data)
    ABCD_up_flags_old                        0x100005ec   Data           1  app_usr.o(.data)
    MC121_DO3                                0x100005ed   Data           1  app_usr.o(.data)
    MC121_DO4                                0x100005ee   Data           1  app_usr.o(.data)
    MC121_DO5                                0x100005ef   Data           1  app_usr.o(.data)
    MC121_DO6                                0x100005f0   Data           1  app_usr.o(.data)
    MC121_DO7                                0x100005f1   Data           1  app_usr.o(.data)
    MC121_DO8                                0x100005f2   Data           1  app_usr.o(.data)
    MC121_DO9                                0x100005f3   Data           1  app_usr.o(.data)
    MC121_DO11                               0x100005f4   Data           1  app_usr.o(.data)
    MC121_DO14                               0x100005f5   Data           1  app_usr.o(.data)
    MC121_DO15                               0x100005f6   Data           1  app_usr.o(.data)
    MC121_DO22                               0x100005f7   Data           1  app_usr.o(.data)
    MC121_DO24                               0x100005f8   Data           1  app_usr.o(.data)
    MC121_DO25                               0x100005f9   Data           1  app_usr.o(.data)
    MC121_DO26                               0x100005fa   Data           1  app_usr.o(.data)
    SC121_DO3                                0x100005fb   Data           1  app_usr.o(.data)
    SC121_DO4                                0x100005fc   Data           1  app_usr.o(.data)
    SC121_DO5                                0x100005fd   Data           1  app_usr.o(.data)
    SC121_DO6                                0x100005fe   Data           1  app_usr.o(.data)
    SC121_DO7                                0x100005ff   Data           1  app_usr.o(.data)
    SC121_DO8                                0x10000600   Data           1  app_usr.o(.data)
    SC121_DO9                                0x10000601   Data           1  app_usr.o(.data)
    SC121_DO11                               0x10000602   Data           1  app_usr.o(.data)
    SC121_DO14                               0x10000603   Data           1  app_usr.o(.data)
    SC121_DO15                               0x10000604   Data           1  app_usr.o(.data)
    SC121_DO16                               0x10000605   Data           1  app_usr.o(.data)
    SC121_DO19                               0x10000606   Data           1  app_usr.o(.data)
    SC121_DO22                               0x10000607   Data           1  app_usr.o(.data)
    SC121_DO23                               0x10000608   Data           1  app_usr.o(.data)
    SC121_DO21                               0x10000609   Data           1  app_usr.o(.data)
    SC121_DO24                               0x1000060a   Data           1  app_usr.o(.data)
    SC121_DO25                               0x1000060b   Data           1  app_usr.o(.data)
    SC121_DO26                               0x1000060c   Data           1  app_usr.o(.data)
    DI_L1                                    0x1000060d   Data           1  app_usr.o(.data)
    DI_L2                                    0x1000060e   Data           1  app_usr.o(.data)
    DI_L3                                    0x1000060f   Data           1  app_usr.o(.data)
    DI_L4                                    0x10000610   Data           1  app_usr.o(.data)
    DI_L5                                    0x10000611   Data           1  app_usr.o(.data)
    DI_L9                                    0x10000612   Data           1  app_usr.o(.data)
    DI_L10                                   0x10000613   Data           1  app_usr.o(.data)
    DI_L11                                   0x10000614   Data           1  app_usr.o(.data)
    DI_L12                                   0x10000615   Data           1  app_usr.o(.data)
    DI_L13                                   0x10000616   Data           1  app_usr.o(.data)
    DI_L14                                   0x10000617   Data           1  app_usr.o(.data)
    DI_L16                                   0x10000618   Data           1  app_usr.o(.data)
    DI_8P1                                   0x10000619   Data           1  app_usr.o(.data)
    DI_8P2                                   0x1000061a   Data           1  app_usr.o(.data)
    DI_8P3                                   0x1000061b   Data           1  app_usr.o(.data)
    DI_8P4                                   0x1000061c   Data           1  app_usr.o(.data)
    DI_8P5                                   0x1000061d   Data           1  app_usr.o(.data)
    DO_H2                                    0x1000061e   Data           1  app_usr.o(.data)
    DO_H3                                    0x1000061f   Data           1  app_usr.o(.data)
    DO_H4                                    0x10000620   Data           1  app_usr.o(.data)
    DO_H5                                    0x10000621   Data           1  app_usr.o(.data)
    DO_H6                                    0x10000622   Data           1  app_usr.o(.data)
    DO_H7                                    0x10000623   Data           1  app_usr.o(.data)
    DO_H8                                    0x10000624   Data           1  app_usr.o(.data)
    Drill_Back_Switch_DI                     0x10000625   Data           1  app_usr.o(.data)
    Clear_Flags                              0x10000626   Data           1  app_usr.o(.data)
    E_STOP                                   0x10000627   Data           1  app_usr.o(.data)
    Clear_Flags_dly                          0x10000628   Data           1  app_usr.o(.data)
    E_STOP_dly                               0x10000629   Data           1  app_usr.o(.data)
    DO_H15                                   0x1000062a   Data           1  app_usr.o(.data)
    DO_L6                                    0x1000062b   Data           1  app_usr.o(.data)
    DO_L7                                    0x1000062c   Data           1  app_usr.o(.data)
    DO_8P6                                   0x1000062d   Data           1  app_usr.o(.data)
    DO_8P7                                   0x1000062e   Data           1  app_usr.o(.data)
    DO_8P8                                   0x1000062f   Data           1  app_usr.o(.data)
    alarm_Local_option                       0x10000630   Data           1  app_usr.o(.data)
    DO_H17                                   0x10000631   Data           1  app_usr.o(.data)
    DO_H18                                   0x10000632   Data           1  app_usr.o(.data)
    DO_H19                                   0x10000633   Data           1  app_usr.o(.data)
    DO_H20                                   0x10000634   Data           1  app_usr.o(.data)
    DO_H21                                   0x10000635   Data           1  app_usr.o(.data)
    DO_H22                                   0x10000636   Data           1  app_usr.o(.data)
    DO_L17                                   0x10000637   Data           1  app_usr.o(.data)
    DO_L18                                   0x10000638   Data           1  app_usr.o(.data)
    DO_L19                                   0x10000639   Data           1  app_usr.o(.data)
    DO_L20                                   0x1000063a   Data           1  app_usr.o(.data)
    DO_L21                                   0x1000063b   Data           1  app_usr.o(.data)
    DO_L22                                   0x1000063c   Data           1  app_usr.o(.data)
    Safe_Seat_DI                             0x1000063d   Data           1  app_usr.o(.data)
    Back_walk_Led_DO                         0x1000063e   Data           1  app_usr.o(.data)
    Brake_Led_DO                             0x1000063f   Data           1  app_usr.o(.data)
    V_pwm_save                               0x10000640   Data           1  app_usr.o(.data)
    Frame_Fresh                              0x10000641   Data           1  app_usr.o(.data)
    key_Fresh                                0x10000642   Data           1  app_usr.o(.data)
    Paramet_Set1_default                     0x10000644   Data           4  app_usr.o(.data)
    Paramet_Set2_default                     0x10000648   Data           4  app_usr.o(.data)
    Paramet_Set3_default                     0x1000064c   Data           4  app_usr.o(.data)
    Paramet_Set4_default                     0x10000650   Data           4  app_usr.o(.data)
    Paramet_Set5_default                     0x10000654   Data           4  app_usr.o(.data)
    Paramet_Set6_default                     0x10000658   Data           4  app_usr.o(.data)
    Paramet_Set7_default                     0x1000065c   Data           4  app_usr.o(.data)
    Paramet_Set8_default                     0x10000660   Data           4  app_usr.o(.data)
    Paramet_Set9_default                     0x10000664   Data           4  app_usr.o(.data)
    Paramet_Set10_default                    0x10000668   Data           4  app_usr.o(.data)
    Paramet_Set11_default                    0x1000066c   Data           4  app_usr.o(.data)
    Paramet_Set12_default                    0x10000670   Data           4  app_usr.o(.data)
    Paramet_Set13_default                    0x10000674   Data           4  app_usr.o(.data)
    Paramet_Set14_default                    0x10000678   Data           4  app_usr.o(.data)
    Paramet_Set15_default                    0x1000067c   Data           4  app_usr.o(.data)
    Paramet_Set16_default                    0x10000680   Data           4  app_usr.o(.data)
    MC121_Offline_dly                        0x10000684   Data           1  app_usr.o(.data)
    length_retain                            0x10000688   Data           4  app_usr.o(.data)
    PWMA_OUT                                 0x1000068c   Data           4  app_usr.o(.data)
    PWMB_OUT                                 0x10000690   Data           4  app_usr.o(.data)
    A_flags                                  0x10000694   Data           1  app_usr.o(.data)
    B_flags                                  0x10000695   Data           1  app_usr.o(.data)
    gABPulseCount_CAN2                       0x10000696   Data           2  app_usr.o(.data)
    gABPulseCount_CAN2_buf                   0x10000698   Data           2  app_usr.o(.data)
    gABPulseCount_CAN1_buf                   0x1000069c   Data           4  app_usr.o(.data)
    GAB_CAN2_ZERO                            0x100006a0   Data           4  app_usr.o(.data)
    gABPulseCount_CAN2_buf_old               0x100006a4   Data           4  app_usr.o(.data)
    gABPulseCount_CAN1_Temp                  0x100006a8   Data           2  app_usr.o(.data)
    gABPulse_Count_First                     0x100006aa   Data           2  app_usr.o(.data)
    Left_Dirl_Stop_DI                        0x100006ac   Data           1  app_usr.o(.data)
    Right_Dirl_Stop_DI                       0x100006ad   Data           1  app_usr.o(.data)
    gABPulseCount_CAN1_init                  0x100006ae   Data           1  app_usr.o(.data)
    DI_Pin07                                 0x100006af   Data           1  app_usr.o(.data)
    DI_Pin10                                 0x100006b0   Data           1  app_usr.o(.data)
    DI_Pin20                                 0x100006b1   Data           1  app_usr.o(.data)
    DI_Pin23                                 0x100006b2   Data           1  app_usr.o(.data)
    DI_Pin24                                 0x100006b3   Data           1  app_usr.o(.data)
    DI_Pin30                                 0x100006b4   Data           1  app_usr.o(.data)
    DI_Pin32                                 0x100006b5   Data           1  app_usr.o(.data)
    DI_Pin33                                 0x100006b6   Data           1  app_usr.o(.data)
    DI_8P01                                  0x100006b7   Data           1  app_usr.o(.data)
    DI_8P02                                  0x100006b8   Data           1  app_usr.o(.data)
    DI_8P03                                  0x100006b9   Data           1  app_usr.o(.data)
    DI_8P04                                  0x100006ba   Data           1  app_usr.o(.data)
    DO_Pin02                                 0x100006bb   Data           1  app_usr.o(.data)
    DO_Pin03                                 0x100006bc   Data           1  app_usr.o(.data)
    Horn_out_CC                              0x100006bd   Data           1  app_usr.o(.data)
    Horn_out                                 0x100006be   Data           1  app_usr.o(.data)
    Horn_out_count                           0x100006c0   Data           4  app_usr.o(.data)
    DO_Pin04                                 0x100006c4   Data           1  app_usr.o(.data)
    DO_Pin11                                 0x100006c5   Data           1  app_usr.o(.data)
    DO_Pin12                                 0x100006c6   Data           1  app_usr.o(.data)
    DO_Pin14                                 0x100006c7   Data           1  app_usr.o(.data)
    DO_Pin15                                 0x100006c8   Data           1  app_usr.o(.data)
    DO_Pin16                                 0x100006c9   Data           1  app_usr.o(.data)
    DO_Pin25                                 0x100006ca   Data           1  app_usr.o(.data)
    DO_Pin26                                 0x100006cb   Data           1  app_usr.o(.data)
    DO_Pin34                                 0x100006cc   Data           4  app_usr.o(.data)
    DO_Pin35                                 0x100006d0   Data           1  app_usr.o(.data)
    AI_Pin08                                 0x100006d4   Data           4  app_usr.o(.data)
    AI_Pin09                                 0x100006d8   Data           4  app_usr.o(.data)
    AI_Pin10                                 0x100006dc   Data           4  app_usr.o(.data)
    AI_Pin19                                 0x100006e0   Data           4  app_usr.o(.data)
    AI_Pin21                                 0x100006e4   Data           4  app_usr.o(.data)
    AI_Pin22                                 0x100006e8   Data           4  app_usr.o(.data)
    AI_Pin31                                 0x100006ec   Data           4  app_usr.o(.data)
    gECUDly                                  0x100006f0   Data           4  app_usr.o(.data)
    wSpeed                                   0x100006f4   Data           4  app_usr.o(.data)
    Min_Pwm                                  0x100006f8   Data           4  app_usr.o(.data)
    Max_Pwm                                  0x100006fc   Data           4  app_usr.o(.data)
    Paramet_Set1                             0x10000700   Data           4  app_usr.o(.data)
    Paramet_Set2                             0x10000704   Data           4  app_usr.o(.data)
    Paramet_Set3                             0x10000708   Data           4  app_usr.o(.data)
    Paramet_Set4                             0x1000070c   Data           4  app_usr.o(.data)
    Paramet_Set5                             0x10000710   Data           4  app_usr.o(.data)
    Paramet_Set6                             0x10000714   Data           4  app_usr.o(.data)
    Paramet_Set7                             0x10000718   Data           4  app_usr.o(.data)
    Paramet_Set8                             0x1000071c   Data           4  app_usr.o(.data)
    Paramet_Set9                             0x10000720   Data           4  app_usr.o(.data)
    Paramet_Set10                            0x10000724   Data           4  app_usr.o(.data)
    Paramet_Set11                            0x10000728   Data           4  app_usr.o(.data)
    Paramet_Set12                            0x1000072c   Data           4  app_usr.o(.data)
    Paramet_Set13                            0x10000730   Data           4  app_usr.o(.data)
    Paramet_Set14                            0x10000734   Data           4  app_usr.o(.data)
    Paramet_Set15                            0x10000738   Data           4  app_usr.o(.data)
    Paramet_Set16                            0x1000073c   Data           4  app_usr.o(.data)
    Min_Hand_buf                             0x10000740   Data           4  app_usr.o(.data)
    Max_Hand_buf                             0x10000744   Data           4  app_usr.o(.data)
    _ARM_MIDV                                0x10000748   Data           4  app_usr.o(.data)
    _PWM_MAXV                                0x1000074c   Data           4  app_usr.o(.data)
    JOY_127_OutPut                           0x10000750   Data           1  app_usr.o(.data)
    Main_left_LCD                            0x10000751   Data           1  app_usr.o(.data)
    Paramet_Set_Frame11_default              0x10000754   Data          80  app_usr.o(.data)
    Paramet_Set_Frame6_default               0x100007a4   Data          80  app_usr.o(.data)
    Senso_Logic_out                          0x100007f4   Data           4  app_usr.o(.data)
    gABPulseCount                            0x100007f8   Data           4  app_usr.o(.data)
    Aff_CAN2                                 0x100007fc   Data           1  app_usr.o(.data)
    gDIBitV_AB                               0x100007fd   Data           1  app_usr.o(.data)
    Aff                                      0x100007fe   Data           1  app_usr.o(.data)
    boom_type                                0x100007ff   Data           1  app_usr.o(.data)
    TEST_buf                                 0x10000814   Data           4  app_lcd.o(.data)
    set_dly                                  0x10000818   Data           4  app_lcd.o(.data)
    _Value_buf                               0x1000081c   Data           4  app_lcd.o(.data)
    _fast_Max_pwm                            0x10000820   Data           4  app_lcd.o(.data)
    _slow_Max_pwm                            0x10000824   Data           4  app_lcd.o(.data)
    _Min_pwm                                 0x10000828   Data           4  app_lcd.o(.data)
    _Accel_step                              0x1000082c   Data           4  app_lcd.o(.data)
    _Dccel_step                              0x10000830   Data           4  app_lcd.o(.data)
    Addr_flags                               0x10000834   Data           4  app_lcd.o(.data)
    ggg_lcd                                  0x10000838   Data           4  app_lcd.o(.data)
    TIAOSHI_ROW1                             0x1000083c   Data           1  app_lcd.o(.data)
    TIAOSHI_ROW2                             0x1000083d   Data           1  app_lcd.o(.data)
    TIAOSHI_ROW3                             0x1000083e   Data           1  app_lcd.o(.data)
    TIAOSHI_ROW4                             0x1000083f   Data           1  app_lcd.o(.data)
    TIAOSHI_ROW5                             0x10000840   Data           1  app_lcd.o(.data)
    TIAOSHI_ROW6                             0x10000841   Data           1  app_lcd.o(.data)
    TIAOSHI_ROW7                             0x10000842   Data           1  app_lcd.o(.data)
    TIAOSHI_ROW8                             0x10000843   Data           1  app_lcd.o(.data)
    TIAOSHI_Column0                          0x10000844   Data           1  app_lcd.o(.data)
    TIAOSHI_Column1                          0x10000845   Data           1  app_lcd.o(.data)
    TIAOSHI_Column2                          0x10000846   Data           1  app_lcd.o(.data)
    TIAOSHI_Column3                          0x10000847   Data           1  app_lcd.o(.data)
    TIAOSHI_Column4                          0x10000848   Data           1  app_lcd.o(.data)
    ICO_NUM                                  0x10000849   Data           1  app_lcd.o(.data)
    key_6_dly                                0x1000084a   Data           1  app_lcd.o(.data)
    index_p                                  0x1000084b   Data           1  app_lcd.o(.data)
    key4_set                                 0x1000084c   Data           1  app_lcd.o(.data)
    redline_flags                            0x1000084d   Data           1  app_lcd.o(.data)
    PhaseAlarm_cance                         0x1000084e   Data           1  app_lcd.o(.data)
    vSave_dly                                0x1000084f   Data           1  app_lcd.o(.data)
    PhaseAlarm_cance_display                 0x10000850   Data           1  app_lcd.o(.data)
    Motor_error_cance_display                0x10000851   Data           1  app_lcd.o(.data)
    set_D_display                            0x10000852   Data           1  app_lcd.o(.data)
    with_yes                                 0x10000853   Data           1  app_lcd.o(.data)
    Fan_Z_do                                 0x10000854   Data           1  app_lcd.o(.data)
    set_D                                    0x10000855   Data           1  app_lcd.o(.data)
    snj_dead_zone                            0x10000858   Data           4  app_lcd.o(.data)
    snj_kof_set                              0x1000085c   Data           4  app_lcd.o(.data)
    snj_time_dly                             0x10000860   Data           4  app_lcd.o(.data)
    gCommOvDly_dly                           0x10000864   Data           4  app_lcd.o(.data)
    y_key_count                              0x10000868   Data           4  app_lcd.o(.data)
    parameter_save_flag                      0x1000086c   Data           1  app_lcd.o(.data)
    Prog_Run_3s_BOOL                         0x1000086d   Data           1  app_lcd.o(.data)
    fCurve_State                             0x10000870   Data           4  app_lcd.o(.data)
    fOutput_Y                                0x10000874   Data           4  app_lcd.o(.data)
    key                                      0x10000878   Data           8  app_lcd.o(.data)
    keyold                                   0x10000880   Data           8  app_lcd.o(.data)
    dead_zone                                0x10000888   Data           4  app_lcd.o(.data)
    dead_zone_A                              0x1000088c   Data           4  app_lcd.o(.data)
    dead_zone_B                              0x10000890   Data           4  app_lcd.o(.data)
    gp_lcdtask                               0x10000894   Data           4  app_lcd.o(.data)
    gLcdFresh                                0x10000898   Data           2  app_lcd.o(.data)
    gDataFresh                               0x1000089a   Data           2  app_lcd.o(.data)
    gPasswordIn                              0x1000089c   Data           8  app_lcd.o(.data)
    gBKColor                                 0x100008a4   Data           2  app_lcd.o(.data)
    gFTColor                                 0x100008a6   Data           2  app_lcd.o(.data)
    gLCDX                                    0x100008a8   Data           2  app_lcd.o(.data)
    gLCDY                                    0x100008aa   Data           2  app_lcd.o(.data)
    gLCDX1                                   0x100008ac   Data           2  app_lcd.o(.data)
    gLCDY1                                   0x100008ae   Data           2  app_lcd.o(.data)
    gLCDW                                    0x100008b0   Data           2  app_lcd.o(.data)
    gLCDH                                    0x100008b2   Data           2  app_lcd.o(.data)
    Page_No                                  0x100008b4   Data           1  app_lcd.o(.data)
    pageindex                                0x100008b5   Data           1  app_lcd.o(.data)
    pageold                                  0x100008b6   Data           1  app_lcd.o(.data)
    gArmQ1WorldX                             0x100008b8   Data           4  arm200a_kine.o(.data)
    gArmQ1WorldY                             0x100008bc   Data           4  arm200a_kine.o(.data)
    gArmQ1WorldZ                             0x100008c0   Data           4  arm200a_kine.o(.data)
    gArmQ2WorldX                             0x100008c4   Data           4  arm200a_kine.o(.data)
    gArmQ2WorldY                             0x100008c8   Data           4  arm200a_kine.o(.data)
    gArmQ2WorldZ                             0x100008cc   Data           4  arm200a_kine.o(.data)
    gArmQ3WorldX                             0x100008d0   Data           4  arm200a_kine.o(.data)
    gArmQ3WorldY                             0x100008d4   Data           4  arm200a_kine.o(.data)
    gArmQ3WorldZ                             0x100008d8   Data           4  arm200a_kine.o(.data)
    gArmQ4WorldX                             0x100008dc   Data           4  arm200a_kine.o(.data)
    gArmQ4WorldY                             0x100008e0   Data           4  arm200a_kine.o(.data)
    gArmQ4WorldZ                             0x100008e4   Data           4  arm200a_kine.o(.data)
    gArmFitReqLeft                           0x100008e8   Data           1  arm200a_kine.o(.data)
    gArmFitReqMid                            0x100008e9   Data           1  arm200a_kine.o(.data)
    gArmFitReqRight                          0x100008ea   Data           1  arm200a_kine.o(.data)
    gArmZeroMaskLeft                         0x100008ec   Data           4  arm200a_kine.o(.data)
    gArmZeroMaskMid                          0x100008f0   Data           4  arm200a_kine.o(.data)
    gArmZeroMaskRight                        0x100008f4   Data           4  arm200a_kine.o(.data)
    gArmCoordReq                             0x100008f8   Data           1  arm200a_kine.o(.data)
    gArmSampleReqLeft                        0x100008f9   Data           1  arm200a_kine.o(.data)
    gArmSampleReqMid                         0x100008fa   Data           1  arm200a_kine.o(.data)
    gArmSampleReqRight                       0x100008fb   Data           1  arm200a_kine.o(.data)
    gArmUseZeroComp                          0x100008fc   Data           1  arm200a_kine.o(.data)
    gArmLeftSampleHx                         0x10000900   Data           4  arm200a_kine.o(.data)
    gArmLeftSampleHy                         0x10000904   Data           4  arm200a_kine.o(.data)
    gArmLeftSampleHz                         0x10000908   Data           4  arm200a_kine.o(.data)
    gArmMidSampleHx                          0x1000090c   Data           4  arm200a_kine.o(.data)
    gArmMidSampleHy                          0x10000910   Data           4  arm200a_kine.o(.data)
    gArmMidSampleHz                          0x10000914   Data           4  arm200a_kine.o(.data)
    gArmRightSampleHx                        0x10000918   Data           4  arm200a_kine.o(.data)
    gArmRightSampleHy                        0x1000091c   Data           4  arm200a_kine.o(.data)
    gArmRightSampleHz                        0x10000920   Data           4  arm200a_kine.o(.data)
    gScanTestEn                              0x10000924   Data           1  scancycle.o(.data)
    gScanLastStartMs                         0x10000928   Data           4  scancycle.o(.data)
    gScanPeriodMs                            0x1000092c   Data           4  scancycle.o(.data)
    gScanPeriodMinMs                         0x10000930   Data           4  scancycle.o(.data)
    gScanPeriodMaxMs                         0x10000934   Data           4  scancycle.o(.data)
    gScanStartMs                             0x10000938   Data           4  scancycle.o(.data)
    gScanRunMs                               0x1000093c   Data           4  scancycle.o(.data)
    gScanRunMinMs                            0x10000940   Data           4  scancycle.o(.data)
    gScanRunMaxMs                            0x10000944   Data           4  scancycle.o(.data)
    gBDParam                                 0x1000094c   Data          24  app_sys.o(.bss)
    gBDParam2                                0x10000964   Data          56  app_sys.o(.bss)
    gWorkTime                                0x1000099c   Data          24  app_sys.o(.bss)
    gWorkTimeRd                              0x100009b4   Data          24  app_sys.o(.bss)
    gPWMx                                    0x100009cc   Data         120  app_sys.o(.bss)
    gADVal_pwm                               0x10000a44   Data          64  app_sys.o(.bss)
    gADVal                                   0x10000a84   Data          64  app_sys.o(.bss)
    gADV_mV                                  0x10000ac4   Data          64  app_sys.o(.bss)
    gAIValx                                  0x10000b04   Data          64  app_sys.o(.bss)
    MsgBuf_TX1                               0x10000b44   Data         576  canopen.o(.bss)
    MsgBuf_TX2                               0x10000d84   Data         576  canopen.o(.bss)
    MsgBuf_RX1                               0x10000fc4   Data         768  canopen.o(.bss)
    MsgBuf_RX2                               0x100012c4   Data         768  canopen.o(.bss)
    gRcvCanID                                0x100015c4   Data         256  canopen.o(.bss)
    gRcvCan2ID                               0x100016c4   Data         256  canopen.o(.bss)
    ADC0Value                                0x100017c4   Data          64  adc.o(.bss)
    ADCRst                                   0x10001804   Data          64  adc.o(.bss)
    ADCBsl                                   0x10001844   Data          64  adc.o(.bss)
    I2CMasterBuffer                          0x10001884   Data         128  i2c.o(.bss)
    I2CSlaveBuffer                           0x10001904   Data         128  i2c.o(.bss)
    gIICStat                                 0x10001984   Data          32  i2c.o(.bss)
    UART0Buffer                              0x100019a4   Data          64  uart.o(.bss)
    UART1Buffer                              0x100019e4   Data          64  uart.o(.bss)
    pGPIOCfg                                 0x10001a24   Data         124  app_io.o(.bss)
    gDIScanFlg                               0x10001aa0   Data          24  app_io.o(.bss)
    gDIScanCnt                               0x10001ab8   Data          24  app_io.o(.bss)
    gKeyScanFlg                              0x10001ad0   Data          12  app_io.o(.bss)
    gKeyScanFlg0                             0x10001adc   Data          12  app_io.o(.bss)
    gKeyScanCnt                              0x10001ae8   Data          12  app_io.o(.bss)
    gKeyTurnFlg                              0x10001af4   Data          12  app_io.o(.bss)
    gTON                                     0x10001b00   Data         800  app_io.o(.bss)
    gTOF                                     0x10001e20   Data         120  app_io.o(.bss)
    gTODH                                    0x10001e98   Data         300  app_io.o(.bss)
    gTODL                                    0x10001fc4   Data         300  app_io.o(.bss)
    gTODXOR                                  0x100020f0   Data         300  app_io.o(.bss)
    gSysInfo                                 0x1000221c   Data          30  app_bus.o(.bss)
    PWM                                      0x1000223c   Data         400  pwm.o(.bss)
    gLCDSets                                 0x100023cc   Data          10  app_dgus.o(.bss)
    gLCDSStr0                                0x100023d6   Data          40  app_dgus.o(.bss)
    gLCDSStr                                 0x100023fe   Data          80  app_dgus.o(.bss)
    gLCDRStr                                 0x1000244e   Data          80  app_dgus.o(.bss)
    gRunInfo                                 0x100024a0   Data          96  app_comm.o(.bss)
    gRunInfoS                                0x10002500   Data          96  app_comm.o(.bss)
    gWLSStr                                  0x10002560   Data          32  app_comm.o(.bss)
    Paramet_Set_Frame11                      0x1000264c   Data          80  app_usr.o(.bss)
    Paramet_Set_Frame6                       0x1000269c   Data          48  app_usr.o(.bss)
    DI_Buf                                   0x100026cc   Data          22  app_usr.o(.bss)
    gLCDPage                                 0x100026e4   Data          14  app_lcd.o(.bss)
    data_input_TT                            0x100026f2   Data          30  app_lcd.o(.bss)
    ArrayX                                   0x10002710   Data         960  app_lcd.o(.bss)
    ArrayY                                   0x10002ad0   Data         960  app_lcd.o(.bss)
    gRamp                                    0x10002e90   Data         800  function.o(.bss)
    gArmLeftIn                               0x100031b0   Data          40  arm200a_kine.o(.bss)
    gArmMidIn                                0x100031d8   Data          40  arm200a_kine.o(.bss)
    gArmRightIn                              0x10003200   Data          40  arm200a_kine.o(.bss)
    gArmLeftRaw                              0x10003228   Data          44  arm200a_kine.o(.bss)
    gArmMidRaw                               0x10003254   Data          44  arm200a_kine.o(.bss)
    gArmRightRaw                             0x10003280   Data          44  arm200a_kine.o(.bss)
    gArmLeftZero                             0x100032ac   Data         132  arm200a_kine.o(.bss)
    gArmMidZero                              0x10003330   Data         132  arm200a_kine.o(.bss)
    gArmRightZero                            0x100033b4   Data         132  arm200a_kine.o(.bss)
    gArmLeftBodyOut                          0x10003438   Data         184  arm200a_kine.o(.bss)
    gArmMidBodyOut                           0x100034f0   Data         184  arm200a_kine.o(.bss)
    gArmRightBodyOut                         0x100035a8   Data         184  arm200a_kine.o(.bss)
    gArmLeftOut                              0x10003660   Data         184  arm200a_kine.o(.bss)
    gArmMidOut                               0x10003718   Data         184  arm200a_kine.o(.bss)
    gArmRightOut                             0x100037d0   Data         184  arm200a_kine.o(.bss)
    gArmLeftH1Info                           0x10003888   Data          52  arm200a_kine.o(.bss)
    gArmMidH1Info                            0x100038bc   Data          52  arm200a_kine.o(.bss)
    gArmRightH1Info                          0x100038f0   Data          52  arm200a_kine.o(.bss)
    gArmLeftFix                              0x10003924   Data         136  arm200a_kine.o(.bss)
    gArmMidFix                               0x100039ac   Data         136  arm200a_kine.o(.bss)
    gArmRightFix                             0x10003a34   Data         136  arm200a_kine.o(.bss)
    gArmLeftSample                           0x10003abc   Data        1680  arm200a_kine.o(.bss)
    gArmMidSample                            0x1000414c   Data        1680  arm200a_kine.o(.bss)
    gArmRightSample                          0x100047dc   Data        1680  arm200a_kine.o(.bss)
    gArmLeftFit                              0x10004e6c   Data          16  arm200a_kine.o(.bss)
    gArmMidFit                               0x10004e7c   Data          16  arm200a_kine.o(.bss)
    gArmRightFit                             0x10004e8c   Data          16  arm200a_kine.o(.bss)
    gArmCoordTrans                           0x10004e9c   Data          64  arm200a_kine.o(.bss)
    __libspace_start                         0x10006678   Data          96  libspace.o(.bss)
    __temporary_stack_top$libspace           0x100066d8   Data           0  libspace.o(.bss)



==============================================================================

Memory Map of the image

  Image Entry point : 0x000000c5

  Load Region LR_IROM1 (Base: 0x00000000, Size: 0x000145d4, Max: 0x00040000, ABSOLUTE, COMPRESSED[0x00013df4])

    Execution Region ER_IROM1 (Exec base: 0x00000000, Load base: 0x00000000, Size: 0x00013c88, Max: 0x00040000, ABSOLUTE)

    Exec Addr    Load Addr    Size         Type   Attr      Idx    E Section Name        Object

    0x00000000   0x00000000   0x000000c4   Data   RO            3    RESET               startup_lpc17xx.o
    0x000000c4   0x000000c4   0x00000008   Code   RO          666  * !!!main             c_w.l(__main.o)
    0x000000cc   0x000000cc   0x00000034   Code   RO         1051    !!!scatter          c_w.l(__scatter.o)
    0x00000100   0x00000100   0x0000005a   Code   RO         1049    !!dczerorl2         c_w.l(__dczerorl2.o)
    0x0000015a   0x0000015a   0x00000002   PAD
    0x0000015c   0x0000015c   0x0000001c   Code   RO         1053    !!handler_zi        c_w.l(__scatter_zi.o)
    0x00000178   0x00000178   0x00000000   Code   RO          655    .ARM.Collect$$_printf_percent$$00000000  c_w.l(_printf_percent.o)
    0x00000178   0x00000178   0x00000006   Code   RO          654    .ARM.Collect$$_printf_percent$$00000003  c_w.l(_printf_f.o)
    0x0000017e   0x0000017e   0x00000006   Code   RO          653    .ARM.Collect$$_printf_percent$$00000009  c_w.l(_printf_d.o)
    0x00000184   0x00000184   0x00000004   Code   RO          787    .ARM.Collect$$_printf_percent$$00000017  c_w.l(_printf_percent_end.o)
    0x00000188   0x00000188   0x00000002   Code   RO          918    .ARM.Collect$$libinit$$00000000  c_w.l(libinit.o)
    0x0000018a   0x0000018a   0x00000000   Code   RO          920    .ARM.Collect$$libinit$$00000002  c_w.l(libinit2.o)
    0x0000018a   0x0000018a   0x00000000   Code   RO          922    .ARM.Collect$$libinit$$00000004  c_w.l(libinit2.o)
    0x0000018a   0x0000018a   0x00000000   Code   RO          925    .ARM.Collect$$libinit$$0000000A  c_w.l(libinit2.o)
    0x0000018a   0x0000018a   0x00000000   Code   RO          927    .ARM.Collect$$libinit$$0000000C  c_w.l(libinit2.o)
    0x0000018a   0x0000018a   0x00000000   Code   RO          929    .ARM.Collect$$libinit$$0000000E  c_w.l(libinit2.o)
    0x0000018a   0x0000018a   0x00000006   Code   RO          930    .ARM.Collect$$libinit$$0000000F  c_w.l(libinit2.o)
    0x00000190   0x00000190   0x00000000   Code   RO          932    .ARM.Collect$$libinit$$00000011  c_w.l(libinit2.o)
    0x00000190   0x00000190   0x00000000   Code   RO          934    .ARM.Collect$$libinit$$00000013  c_w.l(libinit2.o)
    0x00000190   0x00000190   0x00000000   Code   RO          936    .ARM.Collect$$libinit$$00000015  c_w.l(libinit2.o)
    0x00000190   0x00000190   0x0000000a   Code   RO          937    .ARM.Collect$$libinit$$00000016  c_w.l(libinit2.o)
    0x0000019a   0x0000019a   0x00000000   Code   RO          938    .ARM.Collect$$libinit$$00000017  c_w.l(libinit2.o)
    0x0000019a   0x0000019a   0x00000000   Code   RO          940    .ARM.Collect$$libinit$$00000019  c_w.l(libinit2.o)
    0x0000019a   0x0000019a   0x00000000   Code   RO          942    .ARM.Collect$$libinit$$0000001B  c_w.l(libinit2.o)
    0x0000019a   0x0000019a   0x00000000   Code   RO          944    .ARM.Collect$$libinit$$0000001D  c_w.l(libinit2.o)
    0x0000019a   0x0000019a   0x00000000   Code   RO          946    .ARM.Collect$$libinit$$0000001F  c_w.l(libinit2.o)
    0x0000019a   0x0000019a   0x00000000   Code   RO          948    .ARM.Collect$$libinit$$00000021  c_w.l(libinit2.o)
    0x0000019a   0x0000019a   0x00000000   Code   RO          950    .ARM.Collect$$libinit$$00000023  c_w.l(libinit2.o)
    0x0000019a   0x0000019a   0x00000000   Code   RO          952    .ARM.Collect$$libinit$$00000025  c_w.l(libinit2.o)
    0x0000019a   0x0000019a   0x00000000   Code   RO          956    .ARM.Collect$$libinit$$0000002C  c_w.l(libinit2.o)
    0x0000019a   0x0000019a   0x00000000   Code   RO          958    .ARM.Collect$$libinit$$0000002E  c_w.l(libinit2.o)
    0x0000019a   0x0000019a   0x00000000   Code   RO          960    .ARM.Collect$$libinit$$00000030  c_w.l(libinit2.o)
    0x0000019a   0x0000019a   0x00000000   Code   RO          962    .ARM.Collect$$libinit$$00000032  c_w.l(libinit2.o)
    0x0000019a   0x0000019a   0x00000002   Code   RO          963    .ARM.Collect$$libinit$$00000033  c_w.l(libinit2.o)
    0x0000019c   0x0000019c   0x00000002   Code   RO          997    .ARM.Collect$$libshutdown$$00000000  c_w.l(libshutdown.o)
    0x0000019e   0x0000019e   0x00000000   Code   RO         1008    .ARM.Collect$$libshutdown$$00000002  c_w.l(libshutdown2.o)
    0x0000019e   0x0000019e   0x00000000   Code   RO         1010    .ARM.Collect$$libshutdown$$00000004  c_w.l(libshutdown2.o)
    0x0000019e   0x0000019e   0x00000000   Code   RO         1013    .ARM.Collect$$libshutdown$$00000007  c_w.l(libshutdown2.o)
    0x0000019e   0x0000019e   0x00000000   Code   RO         1016    .ARM.Collect$$libshutdown$$0000000A  c_w.l(libshutdown2.o)
    0x0000019e   0x0000019e   0x00000000   Code   RO         1018    .ARM.Collect$$libshutdown$$0000000C  c_w.l(libshutdown2.o)
    0x0000019e   0x0000019e   0x00000000   Code   RO         1021    .ARM.Collect$$libshutdown$$0000000F  c_w.l(libshutdown2.o)
    0x0000019e   0x0000019e   0x00000002   Code   RO         1022    .ARM.Collect$$libshutdown$$00000010  c_w.l(libshutdown2.o)
    0x000001a0   0x000001a0   0x00000000   Code   RO          776    .ARM.Collect$$rtentry$$00000000  c_w.l(__rtentry.o)
    0x000001a0   0x000001a0   0x00000000   Code   RO          838    .ARM.Collect$$rtentry$$00000002  c_w.l(__rtentry2.o)
    0x000001a0   0x000001a0   0x00000006   Code   RO          850    .ARM.Collect$$rtentry$$00000004  c_w.l(__rtentry4.o)
    0x000001a6   0x000001a6   0x00000000   Code   RO          840    .ARM.Collect$$rtentry$$00000009  c_w.l(__rtentry2.o)
    0x000001a6   0x000001a6   0x00000004   Code   RO          841    .ARM.Collect$$rtentry$$0000000A  c_w.l(__rtentry2.o)
    0x000001aa   0x000001aa   0x00000000   Code   RO          843    .ARM.Collect$$rtentry$$0000000C  c_w.l(__rtentry2.o)
    0x000001aa   0x000001aa   0x00000008   Code   RO          844    .ARM.Collect$$rtentry$$0000000D  c_w.l(__rtentry2.o)
    0x000001b2   0x000001b2   0x00000002   Code   RO          966    .ARM.Collect$$rtexit$$00000000  c_w.l(rtexit.o)
    0x000001b4   0x000001b4   0x00000000   Code   RO          975    .ARM.Collect$$rtexit$$00000002  c_w.l(rtexit2.o)
    0x000001b4   0x000001b4   0x00000004   Code   RO          976    .ARM.Collect$$rtexit$$00000003  c_w.l(rtexit2.o)
    0x000001b8   0x000001b8   0x00000006   Code   RO          977    .ARM.Collect$$rtexit$$00000004  c_w.l(rtexit2.o)
    0x000001be   0x000001be   0x00000002   PAD
    0x000001c0   0x000001c0   0x00000038   Code   RO            5    .text               startup_lpc17xx.o
    0x000001f8   0x000001f8   0x000000f8   Code   RO          261    .text               gpio.o
    0x000002f0   0x000002f0   0x00000006   Code   RO          664    .text               c_w.l(heapauxi.o)
    0x000002f6   0x000002f6   0x00000002   Code   RO          998    .text               c_w.l(use_no_semi.o)
    0x000002f8   0x000002f8   0x00000000   Code   RO         1000    .text               c_w.l(indicate_semi.o)
    0x000002f8   0x000002f8   0x00000004   Code   RO          730    x$fpl$printf1       fz_ws.l(printf1.o)
    0x000002fc   0x000002fc   0x00000004   Code   RO            4    .ARM.__at_0x02FC    startup_lpc17xx.o
    0x00000300   0x00000300   0x000001fc   Code   RO           13    .text               system_lpc17xx.o
    0x000004fc   0x000004fc   0x00000408   Code   RO           41    .text               app_sys.o
    0x00000904   0x00000904   0x000004a8   Code   RO          141    .text               timer.o
    0x00000dac   0x00000dac   0x000005f4   Code   RO          178    .text               can.o
    0x000013a0   0x000013a0   0x000001fc   Code   RO          203    .text               main.o
    0x0000159c   0x0000159c   0x00000fe8   Code   RO          219    .text               canopen.o
    0x00002584   0x00002584   0x00000f7c   Code   RO          241    .text               adc.o
    0x00003500   0x00003500   0x000002c0   Code   RO          282    .text               i2c.o
    0x000037c0   0x000037c0   0x00000368   Code   RO          304    .text               uart.o
    0x00003b28   0x00003b28   0x000009f8   Code   RO          326    .text               app_io.o
    0x00004520   0x00004520   0x00001348   Code   RO          349    .text               app_bus.o
    0x00005868   0x00005868   0x00000c1c   Code   RO          389    .text               pwm.o
    0x00006484   0x00006484   0x0000211c   Code   RO          408    .text               app_dgus.o
    0x000085a0   0x000085a0   0x000001f4   Code   RO          431    .text               app_uart.o
    0x00008794   0x00008794   0x00000a28   Code   RO          457    .text               app_comm.o
    0x000091bc   0x000091bc   0x000035bc   Code   RO          501    .text               app_usr.o
    0x0000c778   0x0000c778   0x000003e4   Code   RO          525    .text               app_lcd.o
    0x0000cb5c   0x0000cb5c   0x000000fc   Code   RO          546    .text               function.o
    0x0000cc58   0x0000cc58   0x00002f8c   Code   RO          565    .text               arm200a_kine.o
    0x0000fbe4   0x0000fbe4   0x00000698   Code   RO          585    .text               arm200a_store.o
    0x0001027c   0x0001027c   0x00000108   Code   RO          603    .text               scancycle.o
    0x00010384   0x00010384   0x00000028   Code   RO          625    .text               c_w.l(noretval__2sprintf.o)
    0x000103ac   0x000103ac   0x0000004e   Code   RO          629    .text               c_w.l(_printf_pad.o)
    0x000103fa   0x000103fa   0x00000002   PAD
    0x000103fc   0x000103fc   0x00000078   Code   RO          631    .text               c_w.l(_printf_dec.o)
    0x00010474   0x00010474   0x0000010e   Code   RO          641    .text               c_w.l(__printf_wp.o)
    0x00010582   0x00010582   0x0000003e   Code   RO          656    .text               c_w.l(strlen.o)
    0x000105c0   0x000105c0   0x0000008a   Code   RO          658    .text               c_w.l(rt_memcpy_v6.o)
    0x0001064a   0x0001064a   0x00000064   Code   RO          660    .text               c_w.l(rt_memcpy_w.o)
    0x000106ae   0x000106ae   0x0000004e   Code   RO          662    .text               c_w.l(rt_memclr_w.o)
    0x000106fc   0x000106fc   0x00000016   Code   RO          777    .text               c_w.l(_rserrno.o)
    0x00010712   0x00010712   0x000000b2   Code   RO          779    .text               c_w.l(_printf_intcommon.o)
    0x000107c4   0x000107c4   0x0000041e   Code   RO          781    .text               c_w.l(_printf_fp_dec.o)
    0x00010be2   0x00010be2   0x00000002   PAD
    0x00010be4   0x00010be4   0x00000030   Code   RO          783    .text               c_w.l(_printf_char_common.o)
    0x00010c14   0x00010c14   0x0000000a   Code   RO          785    .text               c_w.l(_sputc.o)
    0x00010c1e   0x00010c1e   0x00000002   PAD
    0x00010c20   0x00010c20   0x00000008   Code   RO          855    .text               c_w.l(rt_locale_intlibspace.o)
    0x00010c28   0x00010c28   0x00000008   Code   RO          860    .text               c_w.l(rt_errno_addr_intlibspace.o)
    0x00010c30   0x00010c30   0x0000008a   Code   RO          862    .text               c_w.l(lludiv10.o)
    0x00010cba   0x00010cba   0x00000002   PAD
    0x00010cbc   0x00010cbc   0x00000080   Code   RO          864    .text               c_w.l(_printf_fp_infnan.o)
    0x00010d3c   0x00010d3c   0x000000e4   Code   RO          868    .text               c_w.l(bigflt0.o)
    0x00010e20   0x00010e20   0x00000008   Code   RO          904    .text               c_w.l(libspace.o)
    0x00010e28   0x00010e28   0x0000004a   Code   RO          907    .text               c_w.l(sys_stackheap_outer.o)
    0x00010e72   0x00010e72   0x00000012   Code   RO          909    .text               c_w.l(exit.o)
    0x00010e84   0x00010e84   0x00000080   Code   RO          911    .text               c_w.l(strcmpv7m.o)
    0x00010f04   0x00010f04   0x0000000c   Code   RO          987    .text               c_w.l(sys_exit.o)
    0x00010f10   0x00010f10   0x0000003e   Code   RO          871    CL$$btod_d2e        c_w.l(btod.o)
    0x00010f4e   0x00010f4e   0x00000046   Code   RO          873    CL$$btod_d2e_denorm_low  c_w.l(btod.o)
    0x00010f94   0x00010f94   0x00000060   Code   RO          872    CL$$btod_d2e_norm_op1  c_w.l(btod.o)
    0x00010ff4   0x00010ff4   0x00000338   Code   RO          881    CL$$btod_div_common  c_w.l(btod.o)
    0x0001132c   0x0001132c   0x000000dc   Code   RO          878    CL$$btod_e2e        c_w.l(btod.o)
    0x00011408   0x00011408   0x0000002a   Code   RO          875    CL$$btod_ediv       c_w.l(btod.o)
    0x00011432   0x00011432   0x0000002a   Code   RO          874    CL$$btod_emul       c_w.l(btod.o)
    0x0001145c   0x0001145c   0x00000244   Code   RO          880    CL$$btod_mult_common  c_w.l(btod.o)
    0x000116a0   0x000116a0   0x00000028   Code   RO          822    i.__ARM_fpclassify  m_ws.l(fpclassify.o)
    0x000116c8   0x000116c8   0x00000388   Code   RO          826    i.__ieee754_rem_pio2  m_ws.l(rred.o)
    0x00011a50   0x00011a50   0x000000fc   Code   RO          805    i.__kernel_cos      m_ws.l(cos_i.o)
    0x00011b4c   0x00011b4c   0x000000aa   Code   RO          824    i.__kernel_poly     m_ws.l(poly.o)
    0x00011bf6   0x00011bf6   0x00000002   PAD
    0x00011bf8   0x00011bf8   0x000000ec   Code   RO          831    i.__kernel_sin      m_ws.l(sin_i.o)
    0x00011ce4   0x00011ce4   0x00000006   Code   RO          809    i.__mathlib_dbl_infnan  m_ws.l(dunder.o)
    0x00011cea   0x00011cea   0x0000000c   Code   RO          811    i.__mathlib_dbl_invalid  m_ws.l(dunder.o)
    0x00011cf6   0x00011cf6   0x00000002   PAD
    0x00011cf8   0x00011cf8   0x00000010   Code   RO          814    i.__mathlib_dbl_underflow  m_ws.l(dunder.o)
    0x00011d08   0x00011d08   0x0000000e   Code   RO          643    i._is_digit         c_w.l(__printf_wp.o)
    0x00011d16   0x00011d16   0x00000002   PAD
    0x00011d18   0x00011d18   0x0000027c   Code   RO          733    i.acos              m_ws.l(acos.o)
    0x00011f94   0x00011f94   0x00000270   Code   RO          743    i.asin              m_ws.l(asin.o)
    0x00012204   0x00012204   0x0000009c   Code   RO          753    i.cos               m_ws.l(cos.o)
    0x000122a0   0x000122a0   0x000000a0   Code   RO          761    i.sin               m_ws.l(sin.o)
    0x00012340   0x00012340   0x0000004c   Code   RO          769    i.sqrt              m_ws.l(sqrt.o)
    0x0001238c   0x0001238c   0x0000002c   Code   RO          894    locale$$code        c_w.l(lc_numeric_c.o)
    0x000123b8   0x000123b8   0x00000062   Code   RO          668    x$fpl$d2f           fz_ws.l(d2f.o)
    0x0001241a   0x0001241a   0x00000002   PAD
    0x0001241c   0x0001241c   0x00000150   Code   RO          670    x$fpl$dadd          fz_ws.l(daddsub_clz.o)
    0x0001256c   0x0001256c   0x00000010   Code   RO          896    x$fpl$dcheck1       fz_ws.l(dcheck1.o)
    0x0001257c   0x0001257c   0x00000018   Code   RO          788    x$fpl$dcmpinf       fz_ws.l(dcmpi.o)
    0x00012594   0x00012594   0x000002b0   Code   RO          677    x$fpl$ddiv          fz_ws.l(ddiv.o)
    0x00012844   0x00012844   0x0000005e   Code   RO          898    x$fpl$dfix          fz_ws.l(dfix.o)
    0x000128a2   0x000128a2   0x00000002   PAD
    0x000128a4   0x000128a4   0x0000005a   Code   RO          680    x$fpl$dfixu         fz_ws.l(dfixu.o)
    0x000128fe   0x000128fe   0x0000002e   Code   RO          685    x$fpl$dflt          fz_ws.l(dflt_clz.o)
    0x0001292c   0x0001292c   0x00000026   Code   RO          684    x$fpl$dfltu         fz_ws.l(dflt_clz.o)
    0x00012952   0x00012952   0x00000002   PAD
    0x00012954   0x00012954   0x00000078   Code   RO          690    x$fpl$dleqf         fz_ws.l(dleqf.o)
    0x000129cc   0x000129cc   0x00000154   Code   RO          692    x$fpl$dmul          fz_ws.l(dmul.o)
    0x00012b20   0x00012b20   0x0000009c   Code   RO          790    x$fpl$dnaninf       fz_ws.l(dnaninf.o)
    0x00012bbc   0x00012bbc   0x0000000c   Code   RO          792    x$fpl$dretinf       fz_ws.l(dretinf.o)
    0x00012bc8   0x00012bc8   0x0000006c   Code   RO          694    x$fpl$drleqf        fz_ws.l(drleqf.o)
    0x00012c34   0x00012c34   0x00000016   Code   RO          671    x$fpl$drsb          fz_ws.l(daddsub_clz.o)
    0x00012c4a   0x00012c4a   0x00000002   PAD
    0x00012c4c   0x00012c4c   0x000001cc   Code   RO          794    x$fpl$dsqrt         fz_ws.l(dsqrt_noumaal.o)
    0x00012e18   0x00012e18   0x000001d4   Code   RO          672    x$fpl$dsub          fz_ws.l(daddsub_clz.o)
    0x00012fec   0x00012fec   0x00000056   Code   RO          696    x$fpl$f2d           fz_ws.l(f2d.o)
    0x00013042   0x00013042   0x00000002   PAD
    0x00013044   0x00013044   0x000000c4   Code   RO          698    x$fpl$fadd          fz_ws.l(faddsub_clz.o)
    0x00013108   0x00013108   0x00000018   Code   RO          796    x$fpl$fcmpinf       fz_ws.l(fcmpi.o)
    0x00013120   0x00013120   0x00000184   Code   RO          705    x$fpl$fdiv          fz_ws.l(fdiv.o)
    0x000132a4   0x000132a4   0x00000068   Code   RO          708    x$fpl$feqf          fz_ws.l(feqf.o)
    0x0001330c   0x0001330c   0x00000036   Code   RO          710    x$fpl$ffix          fz_ws.l(ffix.o)
    0x00013342   0x00013342   0x00000002   PAD
    0x00013344   0x00013344   0x0000003e   Code   RO          714    x$fpl$ffixu         fz_ws.l(ffixu.o)
    0x00013382   0x00013382   0x00000002   PAD
    0x00013384   0x00013384   0x00000030   Code   RO          719    x$fpl$fflt          fz_ws.l(fflt_clz.o)
    0x000133b4   0x000133b4   0x00000026   Code   RO          718    x$fpl$ffltu         fz_ws.l(fflt_clz.o)
    0x000133da   0x000133da   0x00000002   PAD
    0x000133dc   0x000133dc   0x00000068   Code   RO          724    x$fpl$fleqf         fz_ws.l(fleqf.o)
    0x00013444   0x00013444   0x00000102   Code   RO          726    x$fpl$fmul          fz_ws.l(fmul.o)
    0x00013546   0x00013546   0x0000008c   Code   RO          798    x$fpl$fnaninf       fz_ws.l(fnaninf.o)
    0x000135d2   0x000135d2   0x0000000a   Code   RO          800    x$fpl$fretinf       fz_ws.l(fretinf.o)
    0x000135dc   0x000135dc   0x00000062   Code   RO          728    x$fpl$frleqf        fz_ws.l(frleqf.o)
    0x0001363e   0x0001363e   0x00000014   Code   RO          699    x$fpl$frsb          fz_ws.l(faddsub_clz.o)
    0x00013652   0x00013652   0x00000002   PAD
    0x00013654   0x00013654   0x000000ea   Code   RO          700    x$fpl$fsub          fz_ws.l(faddsub_clz.o)
    0x0001373e   0x0001373e   0x00000064   Code   RO          964    x$fpl$retnan        fz_ws.l(retnan.o)
    0x000137a2   0x000137a2   0x0000005c   Code   RO          802    x$fpl$scalbn        fz_ws.l(scalbn.o)
    0x000137fe   0x000137fe   0x00000030   Code   RO          972    x$fpl$trapveneer    fz_ws.l(trapv.o)
    0x0001382e   0x0001382e   0x00000000   Code   RO          804    x$fpl$usenofp       fz_ws.l(usenofp.o)
    0x0001382e   0x0001382e   0x00000002   PAD
    0x00013830   0x00013830   0x000001c8   Data   RO          567    .constdata          arm200a_kine.o
    0x000139f8   0x000139f8   0x00000050   Data   RO          734    .constdata          m_ws.l(acos.o)
    0x00013a48   0x00013a48   0x00000050   Data   RO          744    .constdata          m_ws.l(asin.o)
    0x00013a98   0x00013a98   0x00000030   Data   RO          806    .constdata          m_ws.l(cos_i.o)
    0x00013ac8   0x00013ac8   0x000000c8   Data   RO          828    .constdata          m_ws.l(rred.o)
    0x00013b90   0x00013b90   0x00000028   Data   RO          832    .constdata          m_ws.l(sin_i.o)
    0x00013bb8   0x00013bb8   0x00000094   Data   RO          869    .constdata          c_w.l(bigflt0.o)
    0x00013c4c   0x00013c4c   0x00000020   Data   RO         1047    Region$$Table       anon$$obj.o
    0x00013c6c   0x00013c6c   0x0000001c   Data   RO          893    locale$$data        c_w.l(lc_numeric_c.o)


    Execution Region RW_IRAM1 (Exec base: 0x10000000, Load base: 0x00013c88, Size: 0x000077d8, Max: 0x00008000, ABSOLUTE, COMPRESSED[0x0000016c])

    Exec Addr    Load Addr    Size         Type   Attr      Idx    E Section Name        Object

    0x10000000   COMPRESSED   0x00000004   Data   RW           14    .data               system_lpc17xx.o
    0x10000004   COMPRESSED   0x0000002a   Data   RW           43    .data               app_sys.o
    0x1000002e   COMPRESSED   0x00000002   PAD
    0x10000030   COMPRESSED   0x00000043   Data   RW          142    .data               timer.o
    0x10000073   COMPRESSED   0x00000001   PAD
    0x10000074   COMPRESSED   0x00000038   Data   RW          179    .data               can.o
    0x100000ac   COMPRESSED   0x000000c6   Data   RW          221    .data               canopen.o
    0x10000172   COMPRESSED   0x00000002   PAD
    0x10000174   COMPRESSED   0x00000065   Data   RW          243    .data               adc.o
    0x100001d9   COMPRESSED   0x00000003   PAD
    0x100001dc   COMPRESSED   0x00000005   Data   RW          262    .data               gpio.o
    0x100001e1   COMPRESSED   0x00000003   PAD
    0x100001e4   COMPRESSED   0x0000002e   Data   RW          284    .data               i2c.o
    0x10000212   COMPRESSED   0x00000002   PAD
    0x10000214   COMPRESSED   0x00000024   Data   RW          306    .data               uart.o
    0x10000238   COMPRESSED   0x000000d7   Data   RW          328    .data               app_io.o
    0x1000030f   COMPRESSED   0x00000001   PAD
    0x10000310   COMPRESSED   0x0000002d   Data   RW          351    .data               app_bus.o
    0x1000033d   COMPRESSED   0x00000003   PAD
    0x10000340   COMPRESSED   0x00000046   Data   RW          391    .data               pwm.o
    0x10000386   COMPRESSED   0x00000002   Data   RW          410    .data               app_dgus.o
    0x10000388   COMPRESSED   0x0000001d   Data   RW          432    .data               app_uart.o
    0x100003a5   COMPRESSED   0x00000003   PAD
    0x100003a8   COMPRESSED   0x0000003f   Data   RW          459    .data               app_comm.o
    0x100003e7   COMPRESSED   0x00000001   PAD
    0x100003e8   COMPRESSED   0x00000429   Data   RW          503    .data               app_usr.o
    0x10000811   COMPRESSED   0x00000003   PAD
    0x10000814   COMPRESSED   0x000000a3   Data   RW          528    .data               app_lcd.o
    0x100008b7   COMPRESSED   0x00000001   PAD
    0x100008b8   COMPRESSED   0x0000006c   Data   RW          568    .data               arm200a_kine.o
    0x10000924   COMPRESSED   0x00000025   Data   RW          604    .data               scancycle.o
    0x10000949   COMPRESSED   0x00000003   PAD
    0x1000094c        -       0x000001f8   Zero   RW           42    .bss                app_sys.o
    0x10000b44        -       0x00000c80   Zero   RW          220    .bss                canopen.o
    0x100017c4        -       0x000000c0   Zero   RW          242    .bss                adc.o
    0x10001884        -       0x00000120   Zero   RW          283    .bss                i2c.o
    0x100019a4        -       0x00000080   Zero   RW          305    .bss                uart.o
    0x10001a24        -       0x000007f8   Zero   RW          327    .bss                app_io.o
    0x1000221c        -       0x0000001e   Zero   RW          350    .bss                app_bus.o
    0x1000223a   COMPRESSED   0x00000002   PAD
    0x1000223c        -       0x00000190   Zero   RW          390    .bss                pwm.o
    0x100023cc        -       0x000000d2   Zero   RW          409    .bss                app_dgus.o
    0x1000249e   COMPRESSED   0x00000002   PAD
    0x100024a0        -       0x000000e0   Zero   RW          458    .bss                app_comm.o
    0x10002580        -       0x00000162   Zero   RW          502    .bss                app_usr.o
    0x100026e2   COMPRESSED   0x00000002   PAD
    0x100026e4        -       0x000007ac   Zero   RW          526    .bss                app_lcd.o
    0x10002e90        -       0x00000320   Zero   RW          547    .bss                function.o
    0x100031b0        -       0x00001dd4   Zero   RW          566    .bss                arm200a_kine.o
    0x10004f84        -       0x000016f4   Zero   RW          586    .bss                arm200a_store.o
    0x10006678        -       0x00000060   Zero   RW          905    .bss                c_w.l(libspace.o)
    0x100066d8        -       0x00000100   Zero   RW            2    HEAP                startup_lpc17xx.o
    0x100067d8        -       0x00001000   Zero   RW            1    STACK               startup_lpc17xx.o


==============================================================================

Image component sizes


      Code (inc. data)   RO Data    RW Data    ZI Data      Debug   Object Name

      3964        334          0        101        192       5444   adc.o
      4936        208          0         45         30      11680   app_bus.o
      2600        110          0         63        224       5663   app_comm.o
      8476        156          0          2        210      15565   app_dgus.o
      2552        128          0        215       2040       9343   app_io.o
       996         50          0        163       1964       7054   app_lcd.o
      1032        132          0         42        504       6407   app_sys.o
       500         24          0         29          0       1799   app_uart.o
     13756        792          0       1065        354      35237   app_usr.o
     12172        738        456        108       7636      34282   arm200a_kine.o
      1688        176          0          0       5876       6310   arm200a_store.o
      1524        116          0         56          0       6570   can.o
      4072        144          0        198       3200       8989   canopen.o
       252          8          0          0        800       1543   function.o
       248          8          0          5          0      16381   gpio.o
       704         66          0         46        288       2876   i2c.o
       508         64          0          0          0       1148   main.o
      3100        138          0         70        400       8686   pwm.o
       264         44          0         37          0       1814   scancycle.o
        60         26        196          0       4352       1076   startup_lpc17xx.o
       508         24          0          4          0      20263   system_lpc17xx.o
      1192        168          0         67          0       9317   timer.o
       872         72          0         36        128       3338   uart.o

    ----------------------------------------------------------------------
     65976       3726        684       2380      28204     220785   Object Totals
         0          0         32          0          0          0   (incl. Generated)
         0          0          0         28          6          0   (incl. Padding)

    ----------------------------------------------------------------------

      Code (inc. data)   RO Data    RW Data    ZI Data      Debug   Library Member Name

        90          0          0          0          0          0   __dczerorl2.o
         8          0          0          0          0         68   __main.o
       284          0          0          0          0        156   __printf_wp.o
         0          0          0          0          0          0   __rtentry.o
        12          0          0          0          0          0   __rtentry2.o
         6          0          0          0          0          0   __rtentry4.o
        52          8          0          0          0          0   __scatter.o
        28          0          0          0          0          0   __scatter_zi.o
        48          6          0          0          0         96   _printf_char_common.o
         6          0          0          0          0          0   _printf_d.o
       120         16          0          0          0         92   _printf_dec.o
         6          0          0          0          0          0   _printf_f.o
      1054          0          0          0          0        216   _printf_fp_dec.o
       128         16          0          0          0         84   _printf_fp_infnan.o
       178          0          0          0          0         88   _printf_intcommon.o
        78          0          0          0          0        108   _printf_pad.o
         0          0          0          0          0          0   _printf_percent.o
         4          0          0          0          0          0   _printf_percent_end.o
        22          0          0          0          0        100   _rserrno.o
        10          0          0          0          0         68   _sputc.o
       228          4        148          0          0         96   bigflt0.o
      1936        128          0          0          0        672   btod.o
        18          0          0          0          0         80   exit.o
         6          0          0          0          0        152   heapauxi.o
         0          0          0          0          0          0   indicate_semi.o
        44         10         28          0          0         76   lc_numeric_c.o
         2          0          0          0          0          0   libinit.o
        18          0          0          0          0          0   libinit2.o
         2          0          0          0          0          0   libshutdown.o
         2          0          0          0          0          0   libshutdown2.o
         8          4          0          0         96         68   libspace.o
       138          0          0          0          0         80   lludiv10.o
        40          6          0          0          0         84   noretval__2sprintf.o
         8          4          0          0          0         68   rt_errno_addr_intlibspace.o
         8          4          0          0          0         68   rt_locale_intlibspace.o
        78          0          0          0          0         80   rt_memclr_w.o
       138          0          0          0          0         68   rt_memcpy_v6.o
       100          0          0          0          0         80   rt_memcpy_w.o
         2          0          0          0          0          0   rtexit.o
        10          0          0          0          0          0   rtexit2.o
       128          0          0          0          0         68   strcmpv7m.o
        62          0          0          0          0         76   strlen.o
        12          4          0          0          0         68   sys_exit.o
        74          0          0          0          0         80   sys_stackheap_outer.o
         2          0          0          0          0         68   use_no_semi.o
        98          4          0          0          0         92   d2f.o
       826         16          0          0          0        348   daddsub_clz.o
        16          4          0          0          0         68   dcheck1.o
        24          0          0          0          0         68   dcmpi.o
       688        140          0          0          0        208   ddiv.o
        94          4          0          0          0         92   dfix.o
        90          4          0          0          0         92   dfixu.o
        84          0          0          0          0        136   dflt_clz.o
       120          4          0          0          0         92   dleqf.o
       340         12          0          0          0        104   dmul.o
       156          4          0          0          0         92   dnaninf.o
        12          0          0          0          0         68   dretinf.o
       108          0          0          0          0         80   drleqf.o
       460         56          0          0          0        120   dsqrt_noumaal.o
        86          4          0          0          0         84   f2d.o
       450          8          0          0          0        236   faddsub_clz.o
        24          0          0          0          0         68   fcmpi.o
       388         76          0          0          0         96   fdiv.o
       104          4          0          0          0         84   feqf.o
        54          4          0          0          0         84   ffix.o
        62          4          0          0          0         84   ffixu.o
        86          0          0          0          0        136   fflt_clz.o
       104          4          0          0          0         84   fleqf.o
       258          4          0          0          0         84   fmul.o
       140          4          0          0          0         84   fnaninf.o
        10          0          0          0          0         68   fretinf.o
        98          0          0          0          0         68   frleqf.o
         4          0          0          0          0         68   printf1.o
       100          0          0          0          0         68   retnan.o
        92          0          0          0          0         68   scalbn.o
        48          0          0          0          0         68   trapv.o
         0          0          0          0          0          0   usenofp.o
       636         62         80          0          0        188   acos.o
       624         52         80          0          0        168   asin.o
       156          8          0          0          0        104   cos.o
       252         22         48          0          0        124   cos_i.o
        34          6          0          0          0        204   dunder.o
        40          0          0          0          0         68   fpclassify.o
       170          0          0          0          0         96   poly.o
       904         76        200          0          0        140   rred.o
       160         10          0          0          0        108   sin.o
       236         12         40          0          0        128   sin_i.o
        76          0          0          0          0         84   sqrt.o

    ----------------------------------------------------------------------
     13748        818        624          0         96       7712   Library Totals
        38          0          0          0          0          0   (incl. Padding)

    ----------------------------------------------------------------------

      Code (inc. data)   RO Data    RW Data    ZI Data      Debug   Library Name

      5198        210        176          0         96       3108   c_w.l
      5224        360          0          0          0       3192   fz_ws.l
      3288        248        448          0          0       1412   m_ws.l

    ----------------------------------------------------------------------
     13748        818        624          0         96       7712   Library Totals

    ----------------------------------------------------------------------

==============================================================================


      Code (inc. data)   RO Data    RW Data    ZI Data      Debug   

     79724       4544       1308       2380      28300     222305   Grand Totals
     79724       4544       1308        364      28300     222305   ELF Image Totals (compressed)
     79724       4544       1308        364          0          0   ROM Totals

==============================================================================

    Total RO  Size (Code + RO Data)                81032 (  79.13kB)
    Total RW  Size (RW Data + ZI Data)             30680 (  29.96kB)
    Total ROM Size (Code + RO Data + RW Data)      81396 (  79.49kB)

==============================================================================

