<!doctype html public "-//w3c//dtd html 4.0 transitional//en">
<html><head>
<title>Static Call Graph - [.\FLASH\MC_LCD - 7Control_V.axf]</title></head>
<body><HR>
<H1>Static Call Graph for image .\FLASH\MC_LCD - 7Control_V.axf</H1><HR>
<BR><P>#&#060CALLGRAPH&#062# ARM Linker, 5060750: Last Updated: Sun Jun 07 00:47:23 2026
<BR><P>
<H3>Maximum Stack Usage =       1920 bytes + Unknown(Functions without stacksize, Cycles, Untraceable Function Pointers)</H3><H3>
Call chain for Maximum Stack Depth:</H3>
__rt_entry_main &rArr; main &rArr; MyLogic_10ms &rArr; Arm200A_Task10ms &rArr; Arm200A_FitRight &rArr; arm_fit_one &rArr; arm_update_sample_one &rArr; arm_calc_world_from_fix &rArr; arm_calc_from_fix &rArr; arm_calc_one &rArr; arm_ra &rArr; sin &rArr; __ieee754_rem_pio2 &rArr; __aeabi_d2iz
<P>
<H3>
Functions with no stack information
</H3><UL>
 <LI><a href="#[1ae]">__user_initial_stackheap</a>
</UL>
</UL>
<P>
<H3>
Mutually Recursive functions
</H3> <LI><a href="#[5]">NMI_Handler</a>&nbsp;&nbsp;&nbsp;&rArr;&nbsp;&nbsp;&nbsp;<a href="#[5]">NMI_Handler</a><BR>
 <LI><a href="#[6]">HardFault_Handler</a>&nbsp;&nbsp;&nbsp;&rArr;&nbsp;&nbsp;&nbsp;<a href="#[6]">HardFault_Handler</a><BR>
 <LI><a href="#[7]">MemManage_Handler</a>&nbsp;&nbsp;&nbsp;&rArr;&nbsp;&nbsp;&nbsp;<a href="#[7]">MemManage_Handler</a><BR>
 <LI><a href="#[8]">BusFault_Handler</a>&nbsp;&nbsp;&nbsp;&rArr;&nbsp;&nbsp;&nbsp;<a href="#[8]">BusFault_Handler</a><BR>
 <LI><a href="#[9]">UsageFault_Handler</a>&nbsp;&nbsp;&nbsp;&rArr;&nbsp;&nbsp;&nbsp;<a href="#[9]">UsageFault_Handler</a><BR>
 <LI><a href="#[a]">SVC_Handler</a>&nbsp;&nbsp;&nbsp;&rArr;&nbsp;&nbsp;&nbsp;<a href="#[a]">SVC_Handler</a><BR>
 <LI><a href="#[b]">DebugMon_Handler</a>&nbsp;&nbsp;&nbsp;&rArr;&nbsp;&nbsp;&nbsp;<a href="#[b]">DebugMon_Handler</a><BR>
 <LI><a href="#[c]">PendSV_Handler</a>&nbsp;&nbsp;&nbsp;&rArr;&nbsp;&nbsp;&nbsp;<a href="#[c]">PendSV_Handler</a><BR>
 <LI><a href="#[d]">SysTick_Handler</a>&nbsp;&nbsp;&nbsp;&rArr;&nbsp;&nbsp;&nbsp;<a href="#[d]">SysTick_Handler</a><BR>
 <LI><a href="#[25]">BOD_IRQHandler</a>&nbsp;&nbsp;&nbsp;&rArr;&nbsp;&nbsp;&nbsp;<a href="#[25]">BOD_IRQHandler</a><BR>
</UL>
<P>
<H3>
Function Pointers
</H3><UL>
 <LI><a href="#[24]">ADC_IRQHandler</a> from adc.o(.text) referenced from startup_lpc17xx.o(RESET)
 <LI><a href="#[25]">BOD_IRQHandler</a> from startup_lpc17xx.o(.text) referenced from startup_lpc17xx.o(RESET)
 <LI><a href="#[8]">BusFault_Handler</a> from startup_lpc17xx.o(.text) referenced from startup_lpc17xx.o(RESET)
 <LI><a href="#[27]">CAN_IRQHandler</a> from can.o(.text) referenced from startup_lpc17xx.o(RESET)
 <LI><a href="#[28]">DMA_IRQHandler</a> from startup_lpc17xx.o(.text) referenced from startup_lpc17xx.o(RESET)
 <LI><a href="#[b]">DebugMon_Handler</a> from startup_lpc17xx.o(.text) referenced from startup_lpc17xx.o(RESET)
 <LI><a href="#[30]">Disp_main</a> from app_lcd.o(.text) referenced from main.o(.text)
 <LI><a href="#[20]">EINT0_IRQHandler</a> from startup_lpc17xx.o(.text) referenced from startup_lpc17xx.o(RESET)
 <LI><a href="#[21]">EINT1_IRQHandler</a> from startup_lpc17xx.o(.text) referenced from startup_lpc17xx.o(RESET)
 <LI><a href="#[22]">EINT2_IRQHandler</a> from startup_lpc17xx.o(.text) referenced from startup_lpc17xx.o(RESET)
 <LI><a href="#[23]">EINT3_IRQHandler</a> from startup_lpc17xx.o(.text) referenced from startup_lpc17xx.o(RESET)
 <LI><a href="#[2a]">ENET_IRQHandler</a> from startup_lpc17xx.o(.text) referenced from startup_lpc17xx.o(RESET)
 <LI><a href="#[6]">HardFault_Handler</a> from startup_lpc17xx.o(.text) referenced from startup_lpc17xx.o(RESET)
 <LI><a href="#[18]">I2C0_IRQHandler</a> from i2c.o(.text) referenced from startup_lpc17xx.o(RESET)
 <LI><a href="#[19]">I2C1_IRQHandler</a> from startup_lpc17xx.o(.text) referenced from startup_lpc17xx.o(RESET)
 <LI><a href="#[1a]">I2C2_IRQHandler</a> from startup_lpc17xx.o(.text) referenced from startup_lpc17xx.o(RESET)
 <LI><a href="#[29]">I2S_IRQHandler</a> from startup_lpc17xx.o(.text) referenced from startup_lpc17xx.o(RESET)
 <LI><a href="#[2c]">MCPWM_IRQHandler</a> from startup_lpc17xx.o(.text) referenced from startup_lpc17xx.o(RESET)
 <LI><a href="#[7]">MemManage_Handler</a> from startup_lpc17xx.o(.text) referenced from startup_lpc17xx.o(RESET)
 <LI><a href="#[5]">NMI_Handler</a> from startup_lpc17xx.o(.text) referenced from startup_lpc17xx.o(RESET)
 <LI><a href="#[1e]">PLL0_IRQHandler</a> from startup_lpc17xx.o(.text) referenced from startup_lpc17xx.o(RESET)
 <LI><a href="#[2e]">PLL1_IRQHandler</a> from startup_lpc17xx.o(.text) referenced from startup_lpc17xx.o(RESET)
 <LI><a href="#[17]">PWM1_IRQHandler</a> from pwm.o(.text) referenced from startup_lpc17xx.o(RESET)
 <LI><a href="#[c]">PendSV_Handler</a> from startup_lpc17xx.o(.text) referenced from startup_lpc17xx.o(RESET)
 <LI><a href="#[2d]">QEI_IRQHandler</a> from startup_lpc17xx.o(.text) referenced from startup_lpc17xx.o(RESET)
 <LI><a href="#[2b]">RIT_IRQHandler</a> from startup_lpc17xx.o(.text) referenced from startup_lpc17xx.o(RESET)
 <LI><a href="#[1f]">RTC_IRQHandler</a> from startup_lpc17xx.o(.text) referenced from startup_lpc17xx.o(RESET)
 <LI><a href="#[4]">Reset_Handler</a> from startup_lpc17xx.o(.text) referenced from startup_lpc17xx.o(RESET)
 <LI><a href="#[1b]">SPI_IRQHandler</a> from startup_lpc17xx.o(.text) referenced from startup_lpc17xx.o(RESET)
 <LI><a href="#[1c]">SSP0_IRQHandler</a> from startup_lpc17xx.o(.text) referenced from startup_lpc17xx.o(RESET)
 <LI><a href="#[1d]">SSP1_IRQHandler</a> from startup_lpc17xx.o(.text) referenced from startup_lpc17xx.o(RESET)
 <LI><a href="#[a]">SVC_Handler</a> from startup_lpc17xx.o(.text) referenced from startup_lpc17xx.o(RESET)
 <LI><a href="#[d]">SysTick_Handler</a> from startup_lpc17xx.o(.text) referenced from startup_lpc17xx.o(RESET)
 <LI><a href="#[f]">TIMER0_IRQHandler</a> from timer.o(.text) referenced from startup_lpc17xx.o(RESET)
 <LI><a href="#[10]">TIMER1_IRQHandler</a> from timer.o(.text) referenced from startup_lpc17xx.o(RESET)
 <LI><a href="#[11]">TIMER2_IRQHandler</a> from startup_lpc17xx.o(.text) referenced from startup_lpc17xx.o(RESET)
 <LI><a href="#[12]">TIMER3_IRQHandler</a> from startup_lpc17xx.o(.text) referenced from startup_lpc17xx.o(RESET)
 <LI><a href="#[13]">UART0_IRQHandler</a> from uart.o(.text) referenced from startup_lpc17xx.o(RESET)
 <LI><a href="#[14]">UART1_IRQHandler</a> from uart.o(.text) referenced from startup_lpc17xx.o(RESET)
 <LI><a href="#[15]">UART2_IRQHandler</a> from startup_lpc17xx.o(.text) referenced from startup_lpc17xx.o(RESET)
 <LI><a href="#[16]">UART3_IRQHandler</a> from startup_lpc17xx.o(.text) referenced from startup_lpc17xx.o(RESET)
 <LI><a href="#[26]">USB_IRQHandler</a> from startup_lpc17xx.o(.text) referenced from startup_lpc17xx.o(RESET)
 <LI><a href="#[9]">UsageFault_Handler</a> from startup_lpc17xx.o(.text) referenced from startup_lpc17xx.o(RESET)
 <LI><a href="#[e]">WDT_IRQHandler</a> from startup_lpc17xx.o(.text) referenced from startup_lpc17xx.o(RESET)
 <LI><a href="#[33]">__main</a> from __main.o(!!!main) referenced from startup_lpc17xx.o(.text)
 <LI><a href="#[32]">_printf_input_char</a> from _printf_char_common.o(.text) referenced from _printf_char_common.o(.text)
 <LI><a href="#[31]">_sputc</a> from _sputc.o(.text) referenced from noretval__2sprintf.o(.text)
</UL>
<P>
<H3>
Global Symbols
</H3>
<P><STRONG><a name="[33]"></a>__main</STRONG> (Thumb, 8 bytes, Stack size 0 bytes, __main.o(!!!main))
<BR><BR>[Calls]<UL><LI><a href="#[35]">&gt;&gt;</a>&nbsp;&nbsp;&nbsp;__rt_entry
<LI><a href="#[34]">&gt;&gt;</a>&nbsp;&nbsp;&nbsp;__scatterload
</UL>

<P><STRONG><a name="[34]"></a>__scatterload</STRONG> (Thumb, 0 bytes, Stack size unknown bytes, __scatter.o(!!!scatter))
<BR><BR>[Called By]<UL><LI><a href="#[33]">&gt;&gt;</a>&nbsp;&nbsp;&nbsp;__main
</UL>

<P><STRONG><a name="[36]"></a>__scatterload_rt2</STRONG> (Thumb, 44 bytes, Stack size unknown bytes, __scatter.o(!!!scatter), UNUSED)
<BR><BR>[Calls]<UL><LI><a href="#[35]">&gt;&gt;</a>&nbsp;&nbsp;&nbsp;__rt_entry
</UL>

<P><STRONG><a name="[1e5]"></a>__scatterload_rt2_thumb_only</STRONG> (Thumb, 0 bytes, Stack size unknown bytes, __scatter.o(!!!scatter), UNUSED)

<P><STRONG><a name="[1e6]"></a>__scatterload_null</STRONG> (Thumb, 0 bytes, Stack size unknown bytes, __scatter.o(!!!scatter), UNUSED)

<P><STRONG><a name="[1e7]"></a>__decompress</STRONG> (Thumb, 90 bytes, Stack size unknown bytes, __dczerorl2.o(!!dczerorl2), UNUSED)

<P><STRONG><a name="[1e8]"></a>__decompress1</STRONG> (Thumb, 0 bytes, Stack size unknown bytes, __dczerorl2.o(!!dczerorl2), UNUSED)

<P><STRONG><a name="[1e9]"></a>__scatterload_zeroinit</STRONG> (Thumb, 28 bytes, Stack size unknown bytes, __scatter_zi.o(!!handler_zi), UNUSED)

<P><STRONG><a name="[37]"></a>_printf_f</STRONG> (Thumb, 0 bytes, Stack size unknown bytes, _printf_f.o(.ARM.Collect$$_printf_percent$$00000003))
<BR><BR>[Stack]<UL><LI>Max Depth = 324 + Unknown Stack Size
<LI>Call Chain = _printf_f &rArr; _printf_fp_dec &rArr; _printf_fp_dec_real &rArr; _fp_digits &rArr; _btod_etento &rArr; _btod_emul &rArr; _e2e
</UL>
<BR>[Calls]<UL><LI><a href="#[38]">&gt;&gt;</a>&nbsp;&nbsp;&nbsp;_printf_fp_dec
</UL>

<P><STRONG><a name="[19e]"></a>_printf_percent</STRONG> (Thumb, 0 bytes, Stack size unknown bytes, _printf_percent.o(.ARM.Collect$$_printf_percent$$00000000))
<BR><BR>[Called By]<UL><LI><a href="#[19c]">&gt;&gt;</a>&nbsp;&nbsp;&nbsp;__printf
</UL>

<P><STRONG><a name="[39]"></a>_printf_d</STRONG> (Thumb, 0 bytes, Stack size unknown bytes, _printf_d.o(.ARM.Collect$$_printf_percent$$00000009))
<BR><BR>[Stack]<UL><LI>Max Depth = 72 + Unknown Stack Size
<LI>Call Chain = _printf_d &rArr; _printf_int_dec &rArr; _printf_int_common &rArr; _printf_post_padding
</UL>
<BR>[Calls]<UL><LI><a href="#[3a]">&gt;&gt;</a>&nbsp;&nbsp;&nbsp;_printf_int_dec
</UL>

<P><STRONG><a name="[1ea]"></a>_printf_percent_end</STRONG> (Thumb, 0 bytes, Stack size unknown bytes, _printf_percent_end.o(.ARM.Collect$$_printf_percent$$00000017))

<P><STRONG><a name="[42]"></a>__rt_lib_init</STRONG> (Thumb, 0 bytes, Stack size unknown bytes, libinit.o(.ARM.Collect$$libinit$$00000000))
<BR><BR>[Called By]<UL><LI><a href="#[41]">&gt;&gt;</a>&nbsp;&nbsp;&nbsp;__rt_entry_li
</UL>

<P><STRONG><a name="[1eb]"></a>__rt_lib_init_fp_1</STRONG> (Thumb, 0 bytes, Stack size unknown bytes, libinit2.o(.ARM.Collect$$libinit$$00000002))

<P><STRONG><a name="[1ec]"></a>__rt_lib_init_heap_1</STRONG> (Thumb, 0 bytes, Stack size unknown bytes, libinit2.o(.ARM.Collect$$libinit$$0000000A))

<P><STRONG><a name="[3b]"></a>__rt_lib_init_lc_common</STRONG> (Thumb, 0 bytes, Stack size unknown bytes, libinit2.o(.ARM.Collect$$libinit$$0000000F))
<BR><BR>[Calls]<UL><LI><a href="#[3c]">&gt;&gt;</a>&nbsp;&nbsp;&nbsp;__rt_locale
</UL>

<P><STRONG><a name="[1ed]"></a>__rt_lib_init_preinit_1</STRONG> (Thumb, 0 bytes, Stack size unknown bytes, libinit2.o(.ARM.Collect$$libinit$$00000004))

<P><STRONG><a name="[1ee]"></a>__rt_lib_init_rand_1</STRONG> (Thumb, 0 bytes, Stack size unknown bytes, libinit2.o(.ARM.Collect$$libinit$$0000000E))

<P><STRONG><a name="[1ef]"></a>__rt_lib_init_user_alloc_1</STRONG> (Thumb, 0 bytes, Stack size unknown bytes, libinit2.o(.ARM.Collect$$libinit$$0000000C))

<P><STRONG><a name="[1f0]"></a>__rt_lib_init_lc_collate_1</STRONG> (Thumb, 0 bytes, Stack size unknown bytes, libinit2.o(.ARM.Collect$$libinit$$00000011))

<P><STRONG><a name="[1f1]"></a>__rt_lib_init_lc_ctype_1</STRONG> (Thumb, 0 bytes, Stack size unknown bytes, libinit2.o(.ARM.Collect$$libinit$$00000013))

<P><STRONG><a name="[1f2]"></a>__rt_lib_init_lc_monetary_1</STRONG> (Thumb, 0 bytes, Stack size unknown bytes, libinit2.o(.ARM.Collect$$libinit$$00000015))

<P><STRONG><a name="[3d]"></a>__rt_lib_init_lc_numeric_2</STRONG> (Thumb, 0 bytes, Stack size unknown bytes, libinit2.o(.ARM.Collect$$libinit$$00000016))
<BR><BR>[Stack]<UL><LI>Max Depth = 8 + Unknown Stack Size
<LI>Call Chain = __rt_lib_init_lc_numeric_2 &rArr; _get_lc_numeric
</UL>
<BR>[Calls]<UL><LI><a href="#[3e]">&gt;&gt;</a>&nbsp;&nbsp;&nbsp;_get_lc_numeric
</UL>

<P><STRONG><a name="[1f3]"></a>__rt_lib_init_alloca_1</STRONG> (Thumb, 0 bytes, Stack size unknown bytes, libinit2.o(.ARM.Collect$$libinit$$0000002E))

<P><STRONG><a name="[1f4]"></a>__rt_lib_init_argv_1</STRONG> (Thumb, 0 bytes, Stack size unknown bytes, libinit2.o(.ARM.Collect$$libinit$$0000002C))

<P><STRONG><a name="[1f5]"></a>__rt_lib_init_atexit_1</STRONG> (Thumb, 0 bytes, Stack size unknown bytes, libinit2.o(.ARM.Collect$$libinit$$0000001B))

<P><STRONG><a name="[1f6]"></a>__rt_lib_init_clock_1</STRONG> (Thumb, 0 bytes, Stack size unknown bytes, libinit2.o(.ARM.Collect$$libinit$$00000021))

<P><STRONG><a name="[1f7]"></a>__rt_lib_init_cpp_1</STRONG> (Thumb, 0 bytes, Stack size unknown bytes, libinit2.o(.ARM.Collect$$libinit$$00000032))

<P><STRONG><a name="[1f8]"></a>__rt_lib_init_exceptions_1</STRONG> (Thumb, 0 bytes, Stack size unknown bytes, libinit2.o(.ARM.Collect$$libinit$$00000030))

<P><STRONG><a name="[1f9]"></a>__rt_lib_init_fp_trap_1</STRONG> (Thumb, 0 bytes, Stack size unknown bytes, libinit2.o(.ARM.Collect$$libinit$$0000001F))

<P><STRONG><a name="[1fa]"></a>__rt_lib_init_getenv_1</STRONG> (Thumb, 0 bytes, Stack size unknown bytes, libinit2.o(.ARM.Collect$$libinit$$00000023))

<P><STRONG><a name="[1fb]"></a>__rt_lib_init_lc_numeric_1</STRONG> (Thumb, 0 bytes, Stack size unknown bytes, libinit2.o(.ARM.Collect$$libinit$$00000017))

<P><STRONG><a name="[1fc]"></a>__rt_lib_init_lc_time_1</STRONG> (Thumb, 0 bytes, Stack size unknown bytes, libinit2.o(.ARM.Collect$$libinit$$00000019))

<P><STRONG><a name="[1fd]"></a>__rt_lib_init_return</STRONG> (Thumb, 0 bytes, Stack size unknown bytes, libinit2.o(.ARM.Collect$$libinit$$00000033))

<P><STRONG><a name="[1fe]"></a>__rt_lib_init_signal_1</STRONG> (Thumb, 0 bytes, Stack size unknown bytes, libinit2.o(.ARM.Collect$$libinit$$0000001D))

<P><STRONG><a name="[1ff]"></a>__rt_lib_init_stdio_1</STRONG> (Thumb, 0 bytes, Stack size unknown bytes, libinit2.o(.ARM.Collect$$libinit$$00000025))

<P><STRONG><a name="[47]"></a>__rt_lib_shutdown</STRONG> (Thumb, 0 bytes, Stack size unknown bytes, libshutdown.o(.ARM.Collect$$libshutdown$$00000000))
<BR><BR>[Called By]<UL><LI><a href="#[46]">&gt;&gt;</a>&nbsp;&nbsp;&nbsp;__rt_exit_ls
</UL>

<P><STRONG><a name="[200]"></a>__rt_lib_shutdown_cpp_1</STRONG> (Thumb, 0 bytes, Stack size unknown bytes, libshutdown2.o(.ARM.Collect$$libshutdown$$00000002))

<P><STRONG><a name="[201]"></a>__rt_lib_shutdown_fp_trap_1</STRONG> (Thumb, 0 bytes, Stack size unknown bytes, libshutdown2.o(.ARM.Collect$$libshutdown$$00000007))

<P><STRONG><a name="[202]"></a>__rt_lib_shutdown_heap_1</STRONG> (Thumb, 0 bytes, Stack size unknown bytes, libshutdown2.o(.ARM.Collect$$libshutdown$$0000000F))

<P><STRONG><a name="[203]"></a>__rt_lib_shutdown_return</STRONG> (Thumb, 0 bytes, Stack size unknown bytes, libshutdown2.o(.ARM.Collect$$libshutdown$$00000010))

<P><STRONG><a name="[204]"></a>__rt_lib_shutdown_signal_1</STRONG> (Thumb, 0 bytes, Stack size unknown bytes, libshutdown2.o(.ARM.Collect$$libshutdown$$0000000A))

<P><STRONG><a name="[205]"></a>__rt_lib_shutdown_stdio_1</STRONG> (Thumb, 0 bytes, Stack size unknown bytes, libshutdown2.o(.ARM.Collect$$libshutdown$$00000004))

<P><STRONG><a name="[206]"></a>__rt_lib_shutdown_user_alloc_1</STRONG> (Thumb, 0 bytes, Stack size unknown bytes, libshutdown2.o(.ARM.Collect$$libshutdown$$0000000C))

<P><STRONG><a name="[35]"></a>__rt_entry</STRONG> (Thumb, 0 bytes, Stack size unknown bytes, __rtentry.o(.ARM.Collect$$rtentry$$00000000))
<BR><BR>[Called By]<UL><LI><a href="#[33]">&gt;&gt;</a>&nbsp;&nbsp;&nbsp;__main
<LI><a href="#[36]">&gt;&gt;</a>&nbsp;&nbsp;&nbsp;__scatterload_rt2
</UL>

<P><STRONG><a name="[207]"></a>__rt_entry_presh_1</STRONG> (Thumb, 0 bytes, Stack size unknown bytes, __rtentry2.o(.ARM.Collect$$rtentry$$00000002))

<P><STRONG><a name="[3f]"></a>__rt_entry_sh</STRONG> (Thumb, 0 bytes, Stack size unknown bytes, __rtentry4.o(.ARM.Collect$$rtentry$$00000004))
<BR><BR>[Stack]<UL><LI>Max Depth = 8 + Unknown Stack Size
<LI>Call Chain = __rt_entry_sh &rArr; __user_setup_stackheap
</UL>
<BR>[Calls]<UL><LI><a href="#[40]">&gt;&gt;</a>&nbsp;&nbsp;&nbsp;__user_setup_stackheap
</UL>

<P><STRONG><a name="[41]"></a>__rt_entry_li</STRONG> (Thumb, 0 bytes, Stack size unknown bytes, __rtentry2.o(.ARM.Collect$$rtentry$$0000000A))
<BR><BR>[Calls]<UL><LI><a href="#[42]">&gt;&gt;</a>&nbsp;&nbsp;&nbsp;__rt_lib_init
</UL>

<P><STRONG><a name="[208]"></a>__rt_entry_postsh_1</STRONG> (Thumb, 0 bytes, Stack size unknown bytes, __rtentry2.o(.ARM.Collect$$rtentry$$00000009))

<P><STRONG><a name="[43]"></a>__rt_entry_main</STRONG> (Thumb, 0 bytes, Stack size unknown bytes, __rtentry2.o(.ARM.Collect$$rtentry$$0000000D))
<BR><BR>[Stack]<UL><LI>Max Depth = 1920 + Unknown Stack Size
<LI>Call Chain = __rt_entry_main &rArr; main &rArr; MyLogic_10ms &rArr; Arm200A_Task10ms &rArr; Arm200A_FitRight &rArr; arm_fit_one &rArr; arm_update_sample_one &rArr; arm_calc_world_from_fix &rArr; arm_calc_from_fix &rArr; arm_calc_one &rArr; arm_ra &rArr; sin &rArr; __ieee754_rem_pio2 &rArr; __aeabi_d2iz
</UL>
<BR>[Calls]<UL><LI><a href="#[44]">&gt;&gt;</a>&nbsp;&nbsp;&nbsp;main
<LI><a href="#[45]">&gt;&gt;</a>&nbsp;&nbsp;&nbsp;exit
</UL>

<P><STRONG><a name="[209]"></a>__rt_entry_postli_1</STRONG> (Thumb, 0 bytes, Stack size unknown bytes, __rtentry2.o(.ARM.Collect$$rtentry$$0000000C))

<P><STRONG><a name="[1af]"></a>__rt_exit</STRONG> (Thumb, 0 bytes, Stack size unknown bytes, rtexit.o(.ARM.Collect$$rtexit$$00000000))
<BR><BR>[Called By]<UL><LI><a href="#[45]">&gt;&gt;</a>&nbsp;&nbsp;&nbsp;exit
</UL>

<P><STRONG><a name="[46]"></a>__rt_exit_ls</STRONG> (Thumb, 0 bytes, Stack size unknown bytes, rtexit2.o(.ARM.Collect$$rtexit$$00000003))
<BR><BR>[Calls]<UL><LI><a href="#[47]">&gt;&gt;</a>&nbsp;&nbsp;&nbsp;__rt_lib_shutdown
</UL>

<P><STRONG><a name="[20a]"></a>__rt_exit_prels_1</STRONG> (Thumb, 0 bytes, Stack size unknown bytes, rtexit2.o(.ARM.Collect$$rtexit$$00000002))

<P><STRONG><a name="[48]"></a>__rt_exit_exit</STRONG> (Thumb, 0 bytes, Stack size unknown bytes, rtexit2.o(.ARM.Collect$$rtexit$$00000004))
<BR><BR>[Calls]<UL><LI><a href="#[49]">&gt;&gt;</a>&nbsp;&nbsp;&nbsp;_sys_exit
</UL>

<P><STRONG><a name="[4]"></a>Reset_Handler</STRONG> (Thumb, 4 bytes, Stack size 0 bytes, startup_lpc17xx.o(.text))
<BR>[Address Reference Count : 1]<UL><LI> startup_lpc17xx.o(RESET)
</UL>
<P><STRONG><a name="[5]"></a>NMI_Handler</STRONG> (Thumb, 2 bytes, Stack size 0 bytes, startup_lpc17xx.o(.text))
<BR><BR>[Calls]<UL><LI><a href="#[5]">&gt;&gt;</a>&nbsp;&nbsp;&nbsp;NMI_Handler
</UL>
<BR>[Called By]<UL><LI><a href="#[5]">&gt;&gt;</a>&nbsp;&nbsp;&nbsp;NMI_Handler
</UL>
<BR>[Address Reference Count : 1]<UL><LI> startup_lpc17xx.o(RESET)
</UL>
<P><STRONG><a name="[6]"></a>HardFault_Handler</STRONG> (Thumb, 2 bytes, Stack size 0 bytes, startup_lpc17xx.o(.text))
<BR><BR>[Calls]<UL><LI><a href="#[6]">&gt;&gt;</a>&nbsp;&nbsp;&nbsp;HardFault_Handler
</UL>
<BR>[Called By]<UL><LI><a href="#[6]">&gt;&gt;</a>&nbsp;&nbsp;&nbsp;HardFault_Handler
</UL>
<BR>[Address Reference Count : 1]<UL><LI> startup_lpc17xx.o(RESET)
</UL>
<P><STRONG><a name="[7]"></a>MemManage_Handler</STRONG> (Thumb, 2 bytes, Stack size 0 bytes, startup_lpc17xx.o(.text))
<BR><BR>[Calls]<UL><LI><a href="#[7]">&gt;&gt;</a>&nbsp;&nbsp;&nbsp;MemManage_Handler
</UL>
<BR>[Called By]<UL><LI><a href="#[7]">&gt;&gt;</a>&nbsp;&nbsp;&nbsp;MemManage_Handler
</UL>
<BR>[Address Reference Count : 1]<UL><LI> startup_lpc17xx.o(RESET)
</UL>
<P><STRONG><a name="[8]"></a>BusFault_Handler</STRONG> (Thumb, 2 bytes, Stack size 0 bytes, startup_lpc17xx.o(.text))
<BR><BR>[Calls]<UL><LI><a href="#[8]">&gt;&gt;</a>&nbsp;&nbsp;&nbsp;BusFault_Handler
</UL>
<BR>[Called By]<UL><LI><a href="#[8]">&gt;&gt;</a>&nbsp;&nbsp;&nbsp;BusFault_Handler
</UL>
<BR>[Address Reference Count : 1]<UL><LI> startup_lpc17xx.o(RESET)
</UL>
<P><STRONG><a name="[9]"></a>UsageFault_Handler</STRONG> (Thumb, 2 bytes, Stack size 0 bytes, startup_lpc17xx.o(.text))
<BR><BR>[Calls]<UL><LI><a href="#[9]">&gt;&gt;</a>&nbsp;&nbsp;&nbsp;UsageFault_Handler
</UL>
<BR>[Called By]<UL><LI><a href="#[9]">&gt;&gt;</a>&nbsp;&nbsp;&nbsp;UsageFault_Handler
</UL>
<BR>[Address Reference Count : 1]<UL><LI> startup_lpc17xx.o(RESET)
</UL>
<P><STRONG><a name="[a]"></a>SVC_Handler</STRONG> (Thumb, 2 bytes, Stack size 0 bytes, startup_lpc17xx.o(.text))
<BR><BR>[Calls]<UL><LI><a href="#[a]">&gt;&gt;</a>&nbsp;&nbsp;&nbsp;SVC_Handler
</UL>
<BR>[Called By]<UL><LI><a href="#[a]">&gt;&gt;</a>&nbsp;&nbsp;&nbsp;SVC_Handler
</UL>
<BR>[Address Reference Count : 1]<UL><LI> startup_lpc17xx.o(RESET)
</UL>
<P><STRONG><a name="[b]"></a>DebugMon_Handler</STRONG> (Thumb, 2 bytes, Stack size 0 bytes, startup_lpc17xx.o(.text))
<BR><BR>[Calls]<UL><LI><a href="#[b]">&gt;&gt;</a>&nbsp;&nbsp;&nbsp;DebugMon_Handler
</UL>
<BR>[Called By]<UL><LI><a href="#[b]">&gt;&gt;</a>&nbsp;&nbsp;&nbsp;DebugMon_Handler
</UL>
<BR>[Address Reference Count : 1]<UL><LI> startup_lpc17xx.o(RESET)
</UL>
<P><STRONG><a name="[c]"></a>PendSV_Handler</STRONG> (Thumb, 2 bytes, Stack size 0 bytes, startup_lpc17xx.o(.text))
<BR><BR>[Calls]<UL><LI><a href="#[c]">&gt;&gt;</a>&nbsp;&nbsp;&nbsp;PendSV_Handler
</UL>
<BR>[Called By]<UL><LI><a href="#[c]">&gt;&gt;</a>&nbsp;&nbsp;&nbsp;PendSV_Handler
</UL>
<BR>[Address Reference Count : 1]<UL><LI> startup_lpc17xx.o(RESET)
</UL>
<P><STRONG><a name="[d]"></a>SysTick_Handler</STRONG> (Thumb, 2 bytes, Stack size 0 bytes, startup_lpc17xx.o(.text))
<BR><BR>[Calls]<UL><LI><a href="#[d]">&gt;&gt;</a>&nbsp;&nbsp;&nbsp;SysTick_Handler
</UL>
<BR>[Called By]<UL><LI><a href="#[d]">&gt;&gt;</a>&nbsp;&nbsp;&nbsp;SysTick_Handler
</UL>
<BR>[Address Reference Count : 1]<UL><LI> startup_lpc17xx.o(RESET)
</UL>
<P><STRONG><a name="[25]"></a>BOD_IRQHandler</STRONG> (Thumb, 0 bytes, Stack size 0 bytes, startup_lpc17xx.o(.text))
<BR><BR>[Calls]<UL><LI><a href="#[25]">&gt;&gt;</a>&nbsp;&nbsp;&nbsp;BOD_IRQHandler
</UL>
<BR>[Called By]<UL><LI><a href="#[25]">&gt;&gt;</a>&nbsp;&nbsp;&nbsp;BOD_IRQHandler
</UL>
<BR>[Address Reference Count : 1]<UL><LI> startup_lpc17xx.o(RESET)
</UL>
<P><STRONG><a name="[28]"></a>DMA_IRQHandler</STRONG> (Thumb, 0 bytes, Stack size 0 bytes, startup_lpc17xx.o(.text))
<BR>[Address Reference Count : 1]<UL><LI> startup_lpc17xx.o(RESET)
</UL>
<P><STRONG><a name="[20]"></a>EINT0_IRQHandler</STRONG> (Thumb, 0 bytes, Stack size 0 bytes, startup_lpc17xx.o(.text))
<BR>[Address Reference Count : 1]<UL><LI> startup_lpc17xx.o(RESET)
</UL>
<P><STRONG><a name="[21]"></a>EINT1_IRQHandler</STRONG> (Thumb, 0 bytes, Stack size 0 bytes, startup_lpc17xx.o(.text))
<BR>[Address Reference Count : 1]<UL><LI> startup_lpc17xx.o(RESET)
</UL>
<P><STRONG><a name="[22]"></a>EINT2_IRQHandler</STRONG> (Thumb, 0 bytes, Stack size 0 bytes, startup_lpc17xx.o(.text))
<BR>[Address Reference Count : 1]<UL><LI> startup_lpc17xx.o(RESET)
</UL>
<P><STRONG><a name="[23]"></a>EINT3_IRQHandler</STRONG> (Thumb, 0 bytes, Stack size 0 bytes, startup_lpc17xx.o(.text))
<BR>[Address Reference Count : 1]<UL><LI> startup_lpc17xx.o(RESET)
</UL>
<P><STRONG><a name="[2a]"></a>ENET_IRQHandler</STRONG> (Thumb, 0 bytes, Stack size 0 bytes, startup_lpc17xx.o(.text))
<BR>[Address Reference Count : 1]<UL><LI> startup_lpc17xx.o(RESET)
</UL>
<P><STRONG><a name="[19]"></a>I2C1_IRQHandler</STRONG> (Thumb, 0 bytes, Stack size 0 bytes, startup_lpc17xx.o(.text))
<BR>[Address Reference Count : 1]<UL><LI> startup_lpc17xx.o(RESET)
</UL>
<P><STRONG><a name="[1a]"></a>I2C2_IRQHandler</STRONG> (Thumb, 0 bytes, Stack size 0 bytes, startup_lpc17xx.o(.text))
<BR>[Address Reference Count : 1]<UL><LI> startup_lpc17xx.o(RESET)
</UL>
<P><STRONG><a name="[29]"></a>I2S_IRQHandler</STRONG> (Thumb, 0 bytes, Stack size 0 bytes, startup_lpc17xx.o(.text))
<BR>[Address Reference Count : 1]<UL><LI> startup_lpc17xx.o(RESET)
</UL>
<P><STRONG><a name="[2c]"></a>MCPWM_IRQHandler</STRONG> (Thumb, 0 bytes, Stack size 0 bytes, startup_lpc17xx.o(.text))
<BR>[Address Reference Count : 1]<UL><LI> startup_lpc17xx.o(RESET)
</UL>
<P><STRONG><a name="[1e]"></a>PLL0_IRQHandler</STRONG> (Thumb, 0 bytes, Stack size 0 bytes, startup_lpc17xx.o(.text))
<BR>[Address Reference Count : 1]<UL><LI> startup_lpc17xx.o(RESET)
</UL>
<P><STRONG><a name="[2e]"></a>PLL1_IRQHandler</STRONG> (Thumb, 0 bytes, Stack size 0 bytes, startup_lpc17xx.o(.text))
<BR>[Address Reference Count : 1]<UL><LI> startup_lpc17xx.o(RESET)
</UL>
<P><STRONG><a name="[2d]"></a>QEI_IRQHandler</STRONG> (Thumb, 0 bytes, Stack size 0 bytes, startup_lpc17xx.o(.text))
<BR>[Address Reference Count : 1]<UL><LI> startup_lpc17xx.o(RESET)
</UL>
<P><STRONG><a name="[2b]"></a>RIT_IRQHandler</STRONG> (Thumb, 0 bytes, Stack size 0 bytes, startup_lpc17xx.o(.text))
<BR>[Address Reference Count : 1]<UL><LI> startup_lpc17xx.o(RESET)
</UL>
<P><STRONG><a name="[1f]"></a>RTC_IRQHandler</STRONG> (Thumb, 0 bytes, Stack size 0 bytes, startup_lpc17xx.o(.text))
<BR>[Address Reference Count : 1]<UL><LI> startup_lpc17xx.o(RESET)
</UL>
<P><STRONG><a name="[1b]"></a>SPI_IRQHandler</STRONG> (Thumb, 0 bytes, Stack size 0 bytes, startup_lpc17xx.o(.text))
<BR>[Address Reference Count : 1]<UL><LI> startup_lpc17xx.o(RESET)
</UL>
<P><STRONG><a name="[1c]"></a>SSP0_IRQHandler</STRONG> (Thumb, 0 bytes, Stack size 0 bytes, startup_lpc17xx.o(.text))
<BR>[Address Reference Count : 1]<UL><LI> startup_lpc17xx.o(RESET)
</UL>
<P><STRONG><a name="[1d]"></a>SSP1_IRQHandler</STRONG> (Thumb, 0 bytes, Stack size 0 bytes, startup_lpc17xx.o(.text))
<BR>[Address Reference Count : 1]<UL><LI> startup_lpc17xx.o(RESET)
</UL>
<P><STRONG><a name="[11]"></a>TIMER2_IRQHandler</STRONG> (Thumb, 0 bytes, Stack size 0 bytes, startup_lpc17xx.o(.text))
<BR>[Address Reference Count : 1]<UL><LI> startup_lpc17xx.o(RESET)
</UL>
<P><STRONG><a name="[12]"></a>TIMER3_IRQHandler</STRONG> (Thumb, 0 bytes, Stack size 0 bytes, startup_lpc17xx.o(.text))
<BR>[Address Reference Count : 1]<UL><LI> startup_lpc17xx.o(RESET)
</UL>
<P><STRONG><a name="[15]"></a>UART2_IRQHandler</STRONG> (Thumb, 0 bytes, Stack size 0 bytes, startup_lpc17xx.o(.text))
<BR>[Address Reference Count : 1]<UL><LI> startup_lpc17xx.o(RESET)
</UL>
<P><STRONG><a name="[16]"></a>UART3_IRQHandler</STRONG> (Thumb, 0 bytes, Stack size 0 bytes, startup_lpc17xx.o(.text))
<BR>[Address Reference Count : 1]<UL><LI> startup_lpc17xx.o(RESET)
</UL>
<P><STRONG><a name="[26]"></a>USB_IRQHandler</STRONG> (Thumb, 0 bytes, Stack size 0 bytes, startup_lpc17xx.o(.text))
<BR>[Address Reference Count : 1]<UL><LI> startup_lpc17xx.o(RESET)
</UL>
<P><STRONG><a name="[e]"></a>WDT_IRQHandler</STRONG> (Thumb, 0 bytes, Stack size 0 bytes, startup_lpc17xx.o(.text))
<BR>[Address Reference Count : 1]<UL><LI> startup_lpc17xx.o(RESET)
</UL>
<P><STRONG><a name="[1ae]"></a>__user_initial_stackheap</STRONG> (Thumb, 0 bytes, Stack size unknown bytes, startup_lpc17xx.o(.text))
<BR><BR>[Called By]<UL><LI><a href="#[40]">&gt;&gt;</a>&nbsp;&nbsp;&nbsp;__user_setup_stackheap
</UL>

<P><STRONG><a name="[a0]"></a>GPIOInit</STRONG> (Thumb, 132 bytes, Stack size 0 bytes, gpio.o(.text))
<BR><BR>[Called By]<UL><LI><a href="#[77]">&gt;&gt;</a>&nbsp;&nbsp;&nbsp;IO_Init
</UL>

<P><STRONG><a name="[20b]"></a>WDT_Init</STRONG> (Thumb, 24 bytes, Stack size 0 bytes, gpio.o(.text), UNUSED)

<P><STRONG><a name="[58]"></a>WDT_Feed</STRONG> (Thumb, 46 bytes, Stack size 0 bytes, gpio.o(.text))
<BR><BR>[Called By]<UL><LI><a href="#[44]">&gt;&gt;</a>&nbsp;&nbsp;&nbsp;main
<LI><a href="#[57]">&gt;&gt;</a>&nbsp;&nbsp;&nbsp;Sys_Prog_While
<LI><a href="#[191]">&gt;&gt;</a>&nbsp;&nbsp;&nbsp;arm_store_write_bytes
<LI><a href="#[190]">&gt;&gt;</a>&nbsp;&nbsp;&nbsp;arm_store_read_bytes
</UL>

<P><STRONG><a name="[20c]"></a>TST_Feed</STRONG> (Thumb, 38 bytes, Stack size 0 bytes, gpio.o(.text), UNUSED)

<P><STRONG><a name="[20d]"></a>__use_two_region_memory</STRONG> (Thumb, 2 bytes, Stack size 0 bytes, heapauxi.o(.text), UNUSED)

<P><STRONG><a name="[20e]"></a>__rt_heap_escrow$2region</STRONG> (Thumb, 2 bytes, Stack size 0 bytes, heapauxi.o(.text), UNUSED)

<P><STRONG><a name="[20f]"></a>__rt_heap_expand$2region</STRONG> (Thumb, 2 bytes, Stack size 0 bytes, heapauxi.o(.text), UNUSED)

<P><STRONG><a name="[210]"></a>__I$use$semihosting</STRONG> (Thumb, 0 bytes, Stack size 0 bytes, use_no_semi.o(.text), UNUSED)

<P><STRONG><a name="[211]"></a>__use_no_semihosting_swi</STRONG> (Thumb, 2 bytes, Stack size 0 bytes, use_no_semi.o(.text), UNUSED)

<P><STRONG><a name="[212]"></a>__semihosting_library_function</STRONG> (Thumb, 0 bytes, Stack size 0 bytes, indicate_semi.o(.text), UNUSED)

<P><STRONG><a name="[38]"></a>_printf_fp_dec</STRONG> (Thumb, 4 bytes, Stack size 0 bytes, printf1.o(x$fpl$printf1))
<BR><BR>[Stack]<UL><LI>Max Depth = 324<LI>Call Chain = _printf_fp_dec &rArr; _printf_fp_dec_real &rArr; _fp_digits &rArr; _btod_etento &rArr; _btod_emul &rArr; _e2e
</UL>
<BR>[Calls]<UL><LI><a href="#[4a]">&gt;&gt;</a>&nbsp;&nbsp;&nbsp;_printf_fp_dec_real
</UL>
<BR>[Called By]<UL><LI><a href="#[37]">&gt;&gt;</a>&nbsp;&nbsp;&nbsp;_printf_f
</UL>

<P><STRONG><a name="[74]"></a>SystemInit</STRONG> (Thumb, 484 bytes, Stack size 0 bytes, system_lpc17xx.o(.text))
<BR><BR>[Called By]<UL><LI><a href="#[44]">&gt;&gt;</a>&nbsp;&nbsp;&nbsp;main
</UL>

<P><STRONG><a name="[5a]"></a>ADC_BSL_Chk</STRONG> (Thumb, 32 bytes, Stack size 0 bytes, app_sys.o(.text))
<BR><BR>[Called By]<UL><LI><a href="#[57]">&gt;&gt;</a>&nbsp;&nbsp;&nbsp;Sys_Prog_While
</UL>

<P><STRONG><a name="[4b]"></a>MA_to_DAC</STRONG> (Thumb, 136 bytes, Stack size 32 bytes, app_sys.o(.text), UNUSED)
<BR><BR>[Calls]<UL><LI><a href="#[4e]">&gt;&gt;</a>&nbsp;&nbsp;&nbsp;__aeabi_fmul
<LI><a href="#[4c]">&gt;&gt;</a>&nbsp;&nbsp;&nbsp;__aeabi_ui2f
<LI><a href="#[4f]">&gt;&gt;</a>&nbsp;&nbsp;&nbsp;__aeabi_f2uiz
<LI><a href="#[4d]">&gt;&gt;</a>&nbsp;&nbsp;&nbsp;__aeabi_fdiv
<LI><a href="#[51]">&gt;&gt;</a>&nbsp;&nbsp;&nbsp;__aeabi_dmul
<LI><a href="#[50]">&gt;&gt;</a>&nbsp;&nbsp;&nbsp;__aeabi_ui2d
<LI><a href="#[52]">&gt;&gt;</a>&nbsp;&nbsp;&nbsp;__aeabi_d2uiz
</UL>

<P><STRONG><a name="[53]"></a>WTime_Cnt</STRONG> (Thumb, 68 bytes, Stack size 8 bytes, app_sys.o(.text), UNUSED)
<BR><BR>[Calls]<UL><LI><a href="#[54]">&gt;&gt;</a>&nbsp;&nbsp;&nbsp;Sys_Write_WT
</UL>

<P><STRONG><a name="[55]"></a>Save_Info_Prog</STRONG> (Thumb, 54 bytes, Stack size 8 bytes, app_sys.o(.text))
<BR><BR>[Stack]<UL><LI>Max Depth = 96<LI>Call Chain = Save_Info_Prog &rArr; Sys_Write_BD &rArr; AT24_Write_Page &rArr; I2C_Write_N &rArr; I2CEngine
</UL>
<BR>[Calls]<UL><LI><a href="#[56]">&gt;&gt;</a>&nbsp;&nbsp;&nbsp;Sys_Write_BD
</UL>
<BR>[Called By]<UL><LI><a href="#[57]">&gt;&gt;</a>&nbsp;&nbsp;&nbsp;Sys_Prog_While
</UL>

<P><STRONG><a name="[5b]"></a>AI_Data_Cnv</STRONG> (Thumb, 318 bytes, Stack size 8 bytes, app_sys.o(.text))
<BR><BR>[Stack]<UL><LI>Max Depth = 8<LI>Call Chain = AI_Data_Cnv
</UL>
<BR>[Called By]<UL><LI><a href="#[57]">&gt;&gt;</a>&nbsp;&nbsp;&nbsp;Sys_Prog_While
</UL>

<P><STRONG><a name="[57]"></a>Sys_Prog_While</STRONG> (Thumb, 292 bytes, Stack size 8 bytes, app_sys.o(.text))
<BR><BR>[Stack]<UL><LI>Max Depth = 156<LI>Call Chain = Sys_Prog_While &rArr; Uart0_DGUS
</UL>
<BR>[Calls]<UL><LI><a href="#[58]">&gt;&gt;</a>&nbsp;&nbsp;&nbsp;WDT_Feed
<LI><a href="#[60]">&gt;&gt;</a>&nbsp;&nbsp;&nbsp;Uart0_DGUS
<LI><a href="#[59]">&gt;&gt;</a>&nbsp;&nbsp;&nbsp;T0_mS_Prog
<LI><a href="#[5d]">&gt;&gt;</a>&nbsp;&nbsp;&nbsp;Key_Led_On
<LI><a href="#[5e]">&gt;&gt;</a>&nbsp;&nbsp;&nbsp;Can_Send_Prog
<LI><a href="#[5c]">&gt;&gt;</a>&nbsp;&nbsp;&nbsp;Can_Rcv_Dly
<LI><a href="#[5f]">&gt;&gt;</a>&nbsp;&nbsp;&nbsp;Can_Prog_Rcv
<LI><a href="#[5b]">&gt;&gt;</a>&nbsp;&nbsp;&nbsp;AI_Data_Cnv
<LI><a href="#[55]">&gt;&gt;</a>&nbsp;&nbsp;&nbsp;Save_Info_Prog
<LI><a href="#[5a]">&gt;&gt;</a>&nbsp;&nbsp;&nbsp;ADC_BSL_Chk
</UL>
<BR>[Called By]<UL><LI><a href="#[44]">&gt;&gt;</a>&nbsp;&nbsp;&nbsp;main
</UL>

<P><STRONG><a name="[213]"></a>delayMs</STRONG> (Thumb, 102 bytes, Stack size 0 bytes, timer.o(.text), UNUSED)

<P><STRONG><a name="[214]"></a>disable_timer</STRONG> (Thumb, 20 bytes, Stack size 0 bytes, timer.o(.text), UNUSED)

<P><STRONG><a name="[215]"></a>reset_timer</STRONG> (Thumb, 30 bytes, Stack size 0 bytes, timer.o(.text), UNUSED)

<P><STRONG><a name="[61]"></a>Timer0Cfg</STRONG> (Thumb, 28 bytes, Stack size 8 bytes, timer.o(.text))
<BR><BR>[Stack]<UL><LI>Max Depth = 8<LI>Call Chain = Timer0Cfg
</UL>
<BR>[Calls]<UL><LI><a href="#[62]">&gt;&gt;</a>&nbsp;&nbsp;&nbsp;NVIC_EnableIRQ
</UL>
<BR>[Called By]<UL><LI><a href="#[66]">&gt;&gt;</a>&nbsp;&nbsp;&nbsp;init_timer
</UL>

<P><STRONG><a name="[63]"></a>Timer1Cfg</STRONG> (Thumb, 26 bytes, Stack size 8 bytes, timer.o(.text))
<BR><BR>[Stack]<UL><LI>Max Depth = 8<LI>Call Chain = Timer1Cfg
</UL>
<BR>[Calls]<UL><LI><a href="#[62]">&gt;&gt;</a>&nbsp;&nbsp;&nbsp;NVIC_EnableIRQ
</UL>
<BR>[Called By]<UL><LI><a href="#[66]">&gt;&gt;</a>&nbsp;&nbsp;&nbsp;init_timer
</UL>

<P><STRONG><a name="[f]"></a>TIMER0_IRQHandler</STRONG> (Thumb, 270 bytes, Stack size 8 bytes, timer.o(.text))
<BR><BR>[Stack]<UL><LI>Max Depth = 28<LI>Call Chain = TIMER0_IRQHandler &rArr; DI_Scan
</UL>
<BR>[Calls]<UL><LI><a href="#[65]">&gt;&gt;</a>&nbsp;&nbsp;&nbsp;Key_Scan
<LI><a href="#[64]">&gt;&gt;</a>&nbsp;&nbsp;&nbsp;DI_Scan
</UL>
<BR>[Address Reference Count : 1]<UL><LI> startup_lpc17xx.o(RESET)
</UL>
<P><STRONG><a name="[59]"></a>T0_mS_Prog</STRONG> (Thumb, 116 bytes, Stack size 0 bytes, timer.o(.text))
<BR><BR>[Called By]<UL><LI><a href="#[57]">&gt;&gt;</a>&nbsp;&nbsp;&nbsp;Sys_Prog_While
</UL>

<P><STRONG><a name="[216]"></a>PWM_SetV</STRONG> (Thumb, 22 bytes, Stack size 8 bytes, timer.o(.text), UNUSED)

<P><STRONG><a name="[10]"></a>TIMER1_IRQHandler</STRONG> (Thumb, 360 bytes, Stack size 20 bytes, timer.o(.text))
<BR><BR>[Stack]<UL><LI>Max Depth = 20<LI>Call Chain = TIMER1_IRQHandler
</UL>
<BR>[Address Reference Count : 1]<UL><LI> startup_lpc17xx.o(RESET)
</UL>
<P><STRONG><a name="[66]"></a>init_timer</STRONG> (Thumb, 14 bytes, Stack size 8 bytes, timer.o(.text))
<BR><BR>[Stack]<UL><LI>Max Depth = 16<LI>Call Chain = init_timer &rArr; Timer1Cfg
</UL>
<BR>[Calls]<UL><LI><a href="#[63]">&gt;&gt;</a>&nbsp;&nbsp;&nbsp;Timer1Cfg
<LI><a href="#[61]">&gt;&gt;</a>&nbsp;&nbsp;&nbsp;Timer0Cfg
</UL>
<BR>[Called By]<UL><LI><a href="#[44]">&gt;&gt;</a>&nbsp;&nbsp;&nbsp;main
</UL>

<P><STRONG><a name="[84]"></a>enable_timer</STRONG> (Thumb, 14 bytes, Stack size 0 bytes, timer.o(.text))
<BR><BR>[Called By]<UL><LI><a href="#[44]">&gt;&gt;</a>&nbsp;&nbsp;&nbsp;main
</UL>

<P><STRONG><a name="[67]"></a>CAN_ISR_Rx1</STRONG> (Thumb, 118 bytes, Stack size 16 bytes, can.o(.text))
<BR><BR>[Stack]<UL><LI>Max Depth = 24<LI>Call Chain = CAN_ISR_Rx1 &rArr; Can_ID_Chk
</UL>
<BR>[Calls]<UL><LI><a href="#[68]">&gt;&gt;</a>&nbsp;&nbsp;&nbsp;Can_ID_Chk
</UL>
<BR>[Called By]<UL><LI><a href="#[27]">&gt;&gt;</a>&nbsp;&nbsp;&nbsp;CAN_IRQHandler
<LI><a href="#[6e]">&gt;&gt;</a>&nbsp;&nbsp;&nbsp;Can_ask_rx
</UL>

<P><STRONG><a name="[69]"></a>CAN_ISR_Rx2</STRONG> (Thumb, 94 bytes, Stack size 16 bytes, can.o(.text))
<BR><BR>[Stack]<UL><LI>Max Depth = 24<LI>Call Chain = CAN_ISR_Rx2 &rArr; Can2_ID_Chk
</UL>
<BR>[Calls]<UL><LI><a href="#[6a]">&gt;&gt;</a>&nbsp;&nbsp;&nbsp;Can2_ID_Chk
</UL>
<BR>[Called By]<UL><LI><a href="#[27]">&gt;&gt;</a>&nbsp;&nbsp;&nbsp;CAN_IRQHandler
<LI><a href="#[71]">&gt;&gt;</a>&nbsp;&nbsp;&nbsp;Can2_ask_rx
</UL>

<P><STRONG><a name="[6b]"></a>CAN_Init</STRONG> (Thumb, 110 bytes, Stack size 8 bytes, can.o(.text))
<BR><BR>[Stack]<UL><LI>Max Depth = 8<LI>Call Chain = CAN_Init
</UL>
<BR>[Calls]<UL><LI><a href="#[6c]">&gt;&gt;</a>&nbsp;&nbsp;&nbsp;NVIC_EnableIRQ
</UL>
<BR>[Called By]<UL><LI><a href="#[44]">&gt;&gt;</a>&nbsp;&nbsp;&nbsp;main
<LI><a href="#[27]">&gt;&gt;</a>&nbsp;&nbsp;&nbsp;CAN_IRQHandler
<LI><a href="#[6d]">&gt;&gt;</a>&nbsp;&nbsp;&nbsp;Can_Err_Chk
</UL>

<P><STRONG><a name="[6d]"></a>Can_Err_Chk</STRONG> (Thumb, 80 bytes, Stack size 8 bytes, can.o(.text))
<BR><BR>[Stack]<UL><LI>Max Depth = 16<LI>Call Chain = Can_Err_Chk &rArr; CAN_Init
</UL>
<BR>[Calls]<UL><LI><a href="#[6b]">&gt;&gt;</a>&nbsp;&nbsp;&nbsp;CAN_Init
</UL>
<BR>[Called By]<UL><LI><a href="#[6e]">&gt;&gt;</a>&nbsp;&nbsp;&nbsp;Can_ask_rx
</UL>

<P><STRONG><a name="[6e]"></a>Can_ask_rx</STRONG> (Thumb, 28 bytes, Stack size 8 bytes, can.o(.text))
<BR><BR>[Stack]<UL><LI>Max Depth = 32<LI>Call Chain = Can_ask_rx &rArr; CAN_ISR_Rx1 &rArr; Can_ID_Chk
</UL>
<BR>[Calls]<UL><LI><a href="#[6d]">&gt;&gt;</a>&nbsp;&nbsp;&nbsp;Can_Err_Chk
<LI><a href="#[67]">&gt;&gt;</a>&nbsp;&nbsp;&nbsp;CAN_ISR_Rx1
</UL>
<BR>[Called By]<UL><LI><a href="#[44]">&gt;&gt;</a>&nbsp;&nbsp;&nbsp;main
</UL>

<P><STRONG><a name="[6f]"></a>CAN2_Init</STRONG> (Thumb, 112 bytes, Stack size 8 bytes, can.o(.text))
<BR><BR>[Stack]<UL><LI>Max Depth = 8<LI>Call Chain = CAN2_Init
</UL>
<BR>[Calls]<UL><LI><a href="#[6c]">&gt;&gt;</a>&nbsp;&nbsp;&nbsp;NVIC_EnableIRQ
</UL>
<BR>[Called By]<UL><LI><a href="#[44]">&gt;&gt;</a>&nbsp;&nbsp;&nbsp;main
<LI><a href="#[27]">&gt;&gt;</a>&nbsp;&nbsp;&nbsp;CAN_IRQHandler
<LI><a href="#[70]">&gt;&gt;</a>&nbsp;&nbsp;&nbsp;Can2_Err_Chk
</UL>

<P><STRONG><a name="[70]"></a>Can2_Err_Chk</STRONG> (Thumb, 80 bytes, Stack size 8 bytes, can.o(.text), UNUSED)
<BR><BR>[Calls]<UL><LI><a href="#[6f]">&gt;&gt;</a>&nbsp;&nbsp;&nbsp;CAN2_Init
</UL>
<BR>[Called By]<UL><LI><a href="#[71]">&gt;&gt;</a>&nbsp;&nbsp;&nbsp;Can2_ask_rx
</UL>

<P><STRONG><a name="[71]"></a>Can2_ask_rx</STRONG> (Thumb, 28 bytes, Stack size 8 bytes, can.o(.text), UNUSED)
<BR><BR>[Calls]<UL><LI><a href="#[70]">&gt;&gt;</a>&nbsp;&nbsp;&nbsp;Can2_Err_Chk
<LI><a href="#[69]">&gt;&gt;</a>&nbsp;&nbsp;&nbsp;CAN_ISR_Rx2
</UL>

<P><STRONG><a name="[27]"></a>CAN_IRQHandler</STRONG> (Thumb, 170 bytes, Stack size 8 bytes, can.o(.text))
<BR><BR>[Stack]<UL><LI>Max Depth = 32<LI>Call Chain = CAN_IRQHandler &rArr; CAN_ISR_Rx2 &rArr; Can2_ID_Chk
</UL>
<BR>[Calls]<UL><LI><a href="#[6f]">&gt;&gt;</a>&nbsp;&nbsp;&nbsp;CAN2_Init
<LI><a href="#[6b]">&gt;&gt;</a>&nbsp;&nbsp;&nbsp;CAN_Init
<LI><a href="#[69]">&gt;&gt;</a>&nbsp;&nbsp;&nbsp;CAN_ISR_Rx2
<LI><a href="#[67]">&gt;&gt;</a>&nbsp;&nbsp;&nbsp;CAN_ISR_Rx1
</UL>
<BR>[Address Reference Count : 1]<UL><LI> startup_lpc17xx.o(RESET)
</UL>
<P><STRONG><a name="[73]"></a>CAN_SetACCF_Lookup</STRONG> (Thumb, 150 bytes, Stack size 12 bytes, can.o(.text), UNUSED)
<BR><BR>[Called By]<UL><LI><a href="#[72]">&gt;&gt;</a>&nbsp;&nbsp;&nbsp;CAN_SetACCF
</UL>

<P><STRONG><a name="[72]"></a>CAN_SetACCF</STRONG> (Thumb, 186 bytes, Stack size 8 bytes, can.o(.text), UNUSED)
<BR><BR>[Calls]<UL><LI><a href="#[73]">&gt;&gt;</a>&nbsp;&nbsp;&nbsp;CAN_SetACCF_Lookup
</UL>

<P><STRONG><a name="[93]"></a>CAN1_SendMessage</STRONG> (Thumb, 168 bytes, Stack size 8 bytes, can.o(.text))
<BR><BR>[Stack]<UL><LI>Max Depth = 8<LI>Call Chain = CAN1_SendMessage
</UL>
<BR>[Called By]<UL><LI><a href="#[5e]">&gt;&gt;</a>&nbsp;&nbsp;&nbsp;Can_Send_Prog
</UL>

<P><STRONG><a name="[94]"></a>CAN2_SendMessage</STRONG> (Thumb, 162 bytes, Stack size 8 bytes, can.o(.text))
<BR><BR>[Stack]<UL><LI>Max Depth = 8<LI>Call Chain = CAN2_SendMessage
</UL>
<BR>[Called By]<UL><LI><a href="#[5e]">&gt;&gt;</a>&nbsp;&nbsp;&nbsp;Can_Send_Prog
</UL>

<P><STRONG><a name="[75]"></a>delay_ms</STRONG> (Thumb, 26 bytes, Stack size 0 bytes, main.o(.text))
<BR><BR>[Called By]<UL><LI><a href="#[b1]">&gt;&gt;</a>&nbsp;&nbsp;&nbsp;AT24_Write_ULong
<LI><a href="#[af]">&gt;&gt;</a>&nbsp;&nbsp;&nbsp;AT24_Write_Page
<LI><a href="#[ad]">&gt;&gt;</a>&nbsp;&nbsp;&nbsp;x12027_chk
<LI><a href="#[a6]">&gt;&gt;</a>&nbsp;&nbsp;&nbsp;I2C_Write_N
<LI><a href="#[44]">&gt;&gt;</a>&nbsp;&nbsp;&nbsp;main
<LI><a href="#[ee]">&gt;&gt;</a>&nbsp;&nbsp;&nbsp;wl_wr
<LI><a href="#[ed]">&gt;&gt;</a>&nbsp;&nbsp;&nbsp;wl_rd
<LI><a href="#[ec]">&gt;&gt;</a>&nbsp;&nbsp;&nbsp;wl_reset
</UL>

<P><STRONG><a name="[7d]"></a>ValInit</STRONG> (Thumb, 68 bytes, Stack size 0 bytes, main.o(.text))
<BR><BR>[Called By]<UL><LI><a href="#[44]">&gt;&gt;</a>&nbsp;&nbsp;&nbsp;main
</UL>

<P><STRONG><a name="[44]"></a>main</STRONG> (Thumb, 350 bytes, Stack size 0 bytes, main.o(.text))
<BR><BR>[Stack]<UL><LI>Max Depth = 1920<LI>Call Chain = main &rArr; MyLogic_10ms &rArr; Arm200A_Task10ms &rArr; Arm200A_FitRight &rArr; arm_fit_one &rArr; arm_update_sample_one &rArr; arm_calc_world_from_fix &rArr; arm_calc_from_fix &rArr; arm_calc_one &rArr; arm_ra &rArr; sin &rArr; __ieee754_rem_pio2 &rArr; __aeabi_d2iz
</UL>
<BR>[Calls]<UL><LI><a href="#[89]">&gt;&gt;</a>&nbsp;&nbsp;&nbsp;Uart1_WL_Send
<LI><a href="#[88]">&gt;&gt;</a>&nbsp;&nbsp;&nbsp;Uart1_WL_Rcv
<LI><a href="#[7f]">&gt;&gt;</a>&nbsp;&nbsp;&nbsp;UARTInit
<LI><a href="#[7c]">&gt;&gt;</a>&nbsp;&nbsp;&nbsp;Sys_Read_Info
<LI><a href="#[7e]">&gt;&gt;</a>&nbsp;&nbsp;&nbsp;Sys_Read_BD
<LI><a href="#[76]">&gt;&gt;</a>&nbsp;&nbsp;&nbsp;Sys_Param_Init
<LI><a href="#[8a]">&gt;&gt;</a>&nbsp;&nbsp;&nbsp;SaveRetain_
<LI><a href="#[86]">&gt;&gt;</a>&nbsp;&nbsp;&nbsp;ReadRetain_
<LI><a href="#[7a]">&gt;&gt;</a>&nbsp;&nbsp;&nbsp;PWM_Start
<LI><a href="#[79]">&gt;&gt;</a>&nbsp;&nbsp;&nbsp;PWM_Init
<LI><a href="#[87]">&gt;&gt;</a>&nbsp;&nbsp;&nbsp;MyLogic_10ms
<LI><a href="#[85]">&gt;&gt;</a>&nbsp;&nbsp;&nbsp;LCD_GO_Page
<LI><a href="#[77]">&gt;&gt;</a>&nbsp;&nbsp;&nbsp;IO_Init
<LI><a href="#[7b]">&gt;&gt;</a>&nbsp;&nbsp;&nbsp;I2CInit
<LI><a href="#[81]">&gt;&gt;</a>&nbsp;&nbsp;&nbsp;Can2_RcvID_Cfg
<LI><a href="#[80]">&gt;&gt;</a>&nbsp;&nbsp;&nbsp;Can1_RcvID_Cfg
<LI><a href="#[78]">&gt;&gt;</a>&nbsp;&nbsp;&nbsp;BD_Patam_Init
<LI><a href="#[8b]">&gt;&gt;</a>&nbsp;&nbsp;&nbsp;Arm200A_StoreSave
<LI><a href="#[83]">&gt;&gt;</a>&nbsp;&nbsp;&nbsp;ADC_StartCnv
<LI><a href="#[82]">&gt;&gt;</a>&nbsp;&nbsp;&nbsp;ADCInit
<LI><a href="#[7d]">&gt;&gt;</a>&nbsp;&nbsp;&nbsp;ValInit
<LI><a href="#[75]">&gt;&gt;</a>&nbsp;&nbsp;&nbsp;delay_ms
<LI><a href="#[6f]">&gt;&gt;</a>&nbsp;&nbsp;&nbsp;CAN2_Init
<LI><a href="#[6e]">&gt;&gt;</a>&nbsp;&nbsp;&nbsp;Can_ask_rx
<LI><a href="#[6b]">&gt;&gt;</a>&nbsp;&nbsp;&nbsp;CAN_Init
<LI><a href="#[84]">&gt;&gt;</a>&nbsp;&nbsp;&nbsp;enable_timer
<LI><a href="#[66]">&gt;&gt;</a>&nbsp;&nbsp;&nbsp;init_timer
<LI><a href="#[58]">&gt;&gt;</a>&nbsp;&nbsp;&nbsp;WDT_Feed
<LI><a href="#[56]">&gt;&gt;</a>&nbsp;&nbsp;&nbsp;Sys_Write_BD
<LI><a href="#[57]">&gt;&gt;</a>&nbsp;&nbsp;&nbsp;Sys_Prog_While
<LI><a href="#[74]">&gt;&gt;</a>&nbsp;&nbsp;&nbsp;SystemInit
</UL>
<BR>[Called By]<UL><LI><a href="#[43]">&gt;&gt;</a>&nbsp;&nbsp;&nbsp;__rt_entry_main
</UL>

<P><STRONG><a name="[8c]"></a>RegisterID</STRONG> (Thumb, 56 bytes, Stack size 8 bytes, canopen.o(.text))
<BR><BR>[Stack]<UL><LI>Max Depth = 8<LI>Call Chain = RegisterID
</UL>
<BR>[Called By]<UL><LI><a href="#[80]">&gt;&gt;</a>&nbsp;&nbsp;&nbsp;Can1_RcvID_Cfg
</UL>

<P><STRONG><a name="[8d]"></a>RegisterID2</STRONG> (Thumb, 56 bytes, Stack size 8 bytes, canopen.o(.text))
<BR><BR>[Stack]<UL><LI>Max Depth = 8<LI>Call Chain = RegisterID2
</UL>
<BR>[Called By]<UL><LI><a href="#[81]">&gt;&gt;</a>&nbsp;&nbsp;&nbsp;Can2_RcvID_Cfg
</UL>

<P><STRONG><a name="[68]"></a>Can_ID_Chk</STRONG> (Thumb, 46 bytes, Stack size 8 bytes, canopen.o(.text))
<BR><BR>[Stack]<UL><LI>Max Depth = 8<LI>Call Chain = Can_ID_Chk
</UL>
<BR>[Called By]<UL><LI><a href="#[67]">&gt;&gt;</a>&nbsp;&nbsp;&nbsp;CAN_ISR_Rx1
</UL>

<P><STRONG><a name="[6a]"></a>Can2_ID_Chk</STRONG> (Thumb, 46 bytes, Stack size 8 bytes, canopen.o(.text))
<BR><BR>[Stack]<UL><LI>Max Depth = 8<LI>Call Chain = Can2_ID_Chk
</UL>
<BR>[Called By]<UL><LI><a href="#[69]">&gt;&gt;</a>&nbsp;&nbsp;&nbsp;CAN_ISR_Rx2
</UL>

<P><STRONG><a name="[91]"></a>CAN_SendX</STRONG> (Thumb, 230 bytes, Stack size 20 bytes, canopen.o(.text))
<BR><BR>[Stack]<UL><LI>Max Depth = 20<LI>Call Chain = CAN_SendX
</UL>
<BR>[Called By]<UL><LI><a href="#[8f]">&gt;&gt;</a>&nbsp;&nbsp;&nbsp;CanOpen_Prog
</UL>

<P><STRONG><a name="[90]"></a>CAN_SendXLen</STRONG> (Thumb, 242 bytes, Stack size 20 bytes, canopen.o(.text))
<BR><BR>[Stack]<UL><LI>Max Depth = 20<LI>Call Chain = CAN_SendXLen
</UL>
<BR>[Called By]<UL><LI><a href="#[8f]">&gt;&gt;</a>&nbsp;&nbsp;&nbsp;CanOpen_Prog
<LI><a href="#[89]">&gt;&gt;</a>&nbsp;&nbsp;&nbsp;Uart1_WL_Send
<LI><a href="#[88]">&gt;&gt;</a>&nbsp;&nbsp;&nbsp;Uart1_WL_Rcv
<LI><a href="#[eb]">&gt;&gt;</a>&nbsp;&nbsp;&nbsp;wl_rd_rcv
</UL>

<P><STRONG><a name="[107]"></a>CAN2_SendX</STRONG> (Thumb, 230 bytes, Stack size 20 bytes, canopen.o(.text))
<BR><BR>[Stack]<UL><LI>Max Depth = 20<LI>Call Chain = CAN2_SendX
</UL>
<BR>[Called By]<UL><LI><a href="#[11e]">&gt;&gt;</a>&nbsp;&nbsp;&nbsp;CAN_Send_data
<LI><a href="#[11d]">&gt;&gt;</a>&nbsp;&nbsp;&nbsp;Arm200A_SendPlaneFrame
<LI><a href="#[11b]">&gt;&gt;</a>&nbsp;&nbsp;&nbsp;Arm200A_SendAngleFrame
<LI><a href="#[118]">&gt;&gt;</a>&nbsp;&nbsp;&nbsp;Arm200A_SendPointFrame
<LI><a href="#[106]">&gt;&gt;</a>&nbsp;&nbsp;&nbsp;Arm200A_SendCanOfflineFlag
</UL>

<P><STRONG><a name="[8e]"></a>CAN2_SendXLen</STRONG> (Thumb, 260 bytes, Stack size 20 bytes, canopen.o(.text))
<BR><BR>[Stack]<UL><LI>Max Depth = 20<LI>Call Chain = CAN2_SendXLen
</UL>
<BR>[Called By]<UL><LI><a href="#[81]">&gt;&gt;</a>&nbsp;&nbsp;&nbsp;Can2_RcvID_Cfg
</UL>

<P><STRONG><a name="[80]"></a>Can1_RcvID_Cfg</STRONG> (Thumb, 634 bytes, Stack size 12 bytes, canopen.o(.text))
<BR><BR>[Stack]<UL><LI>Max Depth = 20<LI>Call Chain = Can1_RcvID_Cfg &rArr; RegisterID
</UL>
<BR>[Calls]<UL><LI><a href="#[8c]">&gt;&gt;</a>&nbsp;&nbsp;&nbsp;RegisterID
</UL>
<BR>[Called By]<UL><LI><a href="#[44]">&gt;&gt;</a>&nbsp;&nbsp;&nbsp;main
</UL>

<P><STRONG><a name="[81]"></a>Can2_RcvID_Cfg</STRONG> (Thumb, 144 bytes, Stack size 12 bytes, canopen.o(.text))
<BR><BR>[Stack]<UL><LI>Max Depth = 32<LI>Call Chain = Can2_RcvID_Cfg &rArr; CAN2_SendXLen
</UL>
<BR>[Calls]<UL><LI><a href="#[8e]">&gt;&gt;</a>&nbsp;&nbsp;&nbsp;CAN2_SendXLen
<LI><a href="#[8d]">&gt;&gt;</a>&nbsp;&nbsp;&nbsp;RegisterID2
</UL>
<BR>[Called By]<UL><LI><a href="#[44]">&gt;&gt;</a>&nbsp;&nbsp;&nbsp;main
</UL>

<P><STRONG><a name="[5c]"></a>Can_Rcv_Dly</STRONG> (Thumb, 128 bytes, Stack size 0 bytes, canopen.o(.text))
<BR><BR>[Called By]<UL><LI><a href="#[57]">&gt;&gt;</a>&nbsp;&nbsp;&nbsp;Sys_Prog_While
</UL>

<P><STRONG><a name="[8f]"></a>CanOpen_Prog</STRONG> (Thumb, 470 bytes, Stack size 24 bytes, canopen.o(.text))
<BR><BR>[Stack]<UL><LI>Max Depth = 120<LI>Call Chain = CanOpen_Prog &rArr; Sys_Save_Info &rArr; AT24_Write_Page &rArr; I2C_Write_N &rArr; I2CEngine
</UL>
<BR>[Calls]<UL><LI><a href="#[92]">&gt;&gt;</a>&nbsp;&nbsp;&nbsp;Sys_Save_Info
<LI><a href="#[90]">&gt;&gt;</a>&nbsp;&nbsp;&nbsp;CAN_SendXLen
<LI><a href="#[91]">&gt;&gt;</a>&nbsp;&nbsp;&nbsp;CAN_SendX
</UL>
<BR>[Called By]<UL><LI><a href="#[5f]">&gt;&gt;</a>&nbsp;&nbsp;&nbsp;Can_Prog_Rcv
</UL>

<P><STRONG><a name="[5e]"></a>Can_Send_Prog</STRONG> (Thumb, 212 bytes, Stack size 8 bytes, canopen.o(.text))
<BR><BR>[Stack]<UL><LI>Max Depth = 16<LI>Call Chain = Can_Send_Prog &rArr; CAN2_SendMessage
</UL>
<BR>[Calls]<UL><LI><a href="#[94]">&gt;&gt;</a>&nbsp;&nbsp;&nbsp;CAN2_SendMessage
<LI><a href="#[93]">&gt;&gt;</a>&nbsp;&nbsp;&nbsp;CAN1_SendMessage
</UL>
<BR>[Called By]<UL><LI><a href="#[57]">&gt;&gt;</a>&nbsp;&nbsp;&nbsp;Sys_Prog_While
</UL>

<P><STRONG><a name="[5f]"></a>Can_Prog_Rcv</STRONG> (Thumb, 278 bytes, Stack size 16 bytes, canopen.o(.text))
<BR><BR>[Stack]<UL><LI>Max Depth = 136<LI>Call Chain = Can_Prog_Rcv &rArr; CanOpen_Prog &rArr; Sys_Save_Info &rArr; AT24_Write_Page &rArr; I2C_Write_N &rArr; I2CEngine
</UL>
<BR>[Calls]<UL><LI><a href="#[8f]">&gt;&gt;</a>&nbsp;&nbsp;&nbsp;CanOpen_Prog
</UL>
<BR>[Called By]<UL><LI><a href="#[57]">&gt;&gt;</a>&nbsp;&nbsp;&nbsp;Sys_Prog_While
</UL>

<P><STRONG><a name="[ff]"></a>CAN1_Get_Data</STRONG> (Thumb, 286 bytes, Stack size 8 bytes, canopen.o(.text))
<BR><BR>[Stack]<UL><LI>Max Depth = 8<LI>Call Chain = CAN1_Get_Data
</UL>
<BR>[Called By]<UL><LI><a href="#[103]">&gt;&gt;</a>&nbsp;&nbsp;&nbsp;Arm200A_ReadCan1Biaxial
<LI><a href="#[101]">&gt;&gt;</a>&nbsp;&nbsp;&nbsp;Arm200A_ReadCan1HoleDepth
<LI><a href="#[fe]">&gt;&gt;</a>&nbsp;&nbsp;&nbsp;Arm200A_ReadCan1Sensor
</UL>

<P><STRONG><a name="[217]"></a>CAN1_Get_Data_Buf</STRONG> (Thumb, 248 bytes, Stack size 12 bytes, canopen.o(.text), UNUSED)

<P><STRONG><a name="[218]"></a>CAN2_Get_Data</STRONG> (Thumb, 216 bytes, Stack size 8 bytes, canopen.o(.text), UNUSED)

<P><STRONG><a name="[10a]"></a>CAN2_Get_Data_Buf</STRONG> (Thumb, 266 bytes, Stack size 12 bytes, canopen.o(.text))
<BR><BR>[Stack]<UL><LI>Max Depth = 12<LI>Call Chain = CAN2_Get_Data_Buf
</UL>
<BR>[Called By]<UL><LI><a href="#[109]">&gt;&gt;</a>&nbsp;&nbsp;&nbsp;CAN_receive_data
</UL>

<P><STRONG><a name="[24]"></a>ADC_IRQHandler</STRONG> (Thumb, 818 bytes, Stack size 16 bytes, adc.o(.text))
<BR><BR>[Stack]<UL><LI>Max Depth = 16<LI>Call Chain = ADC_IRQHandler
</UL>
<BR>[Address Reference Count : 1]<UL><LI> startup_lpc17xx.o(RESET)
</UL>
<P><STRONG><a name="[97]"></a>ADC0Read</STRONG> (Thumb, 40 bytes, Stack size 0 bytes, adc.o(.text), UNUSED)
<BR><BR>[Called By]<UL><LI><a href="#[95]">&gt;&gt;</a>&nbsp;&nbsp;&nbsp;ADC0ReadAverageU40
</UL>

<P><STRONG><a name="[95]"></a>ADC0ReadAverageU40</STRONG> (Thumb, 52 bytes, Stack size 48 bytes, adc.o(.text), UNUSED)
<BR><BR>[Calls]<UL><LI><a href="#[97]">&gt;&gt;</a>&nbsp;&nbsp;&nbsp;ADC0Read
<LI><a href="#[96]">&gt;&gt;</a>&nbsp;&nbsp;&nbsp;__aeabi_memclr4
</UL>
<BR>[Called By]<UL><LI><a href="#[c1]">&gt;&gt;</a>&nbsp;&nbsp;&nbsp;Get_PWM_Adc
</UL>

<P><STRONG><a name="[82]"></a>ADCInit</STRONG> (Thumb, 206 bytes, Stack size 12 bytes, adc.o(.text))
<BR><BR>[Stack]<UL><LI>Max Depth = 12<LI>Call Chain = ADCInit
</UL>
<BR>[Called By]<UL><LI><a href="#[44]">&gt;&gt;</a>&nbsp;&nbsp;&nbsp;main
</UL>

<P><STRONG><a name="[83]"></a>ADC_StartCnv</STRONG> (Thumb, 24 bytes, Stack size 0 bytes, adc.o(.text))
<BR><BR>[Called By]<UL><LI><a href="#[44]">&gt;&gt;</a>&nbsp;&nbsp;&nbsp;main
</UL>

<P><STRONG><a name="[219]"></a>ADC_StopCnv</STRONG> (Thumb, 14 bytes, Stack size 0 bytes, adc.o(.text), UNUSED)

<P><STRONG><a name="[21a]"></a>ADCBurstRead</STRONG> (Thumb, 56 bytes, Stack size 0 bytes, adc.o(.text), UNUSED)

<P><STRONG><a name="[98]"></a>ADC_Bessel</STRONG> (Thumb, 2612 bytes, Stack size 48 bytes, adc.o(.text), UNUSED)
<BR><BR>[Calls]<UL><LI><a href="#[4f]">&gt;&gt;</a>&nbsp;&nbsp;&nbsp;__aeabi_f2uiz
<LI><a href="#[9a]">&gt;&gt;</a>&nbsp;&nbsp;&nbsp;__aeabi_f2d
<LI><a href="#[51]">&gt;&gt;</a>&nbsp;&nbsp;&nbsp;__aeabi_dmul
<LI><a href="#[50]">&gt;&gt;</a>&nbsp;&nbsp;&nbsp;__aeabi_ui2d
<LI><a href="#[9b]">&gt;&gt;</a>&nbsp;&nbsp;&nbsp;__aeabi_dadd
<LI><a href="#[99]">&gt;&gt;</a>&nbsp;&nbsp;&nbsp;__aeabi_d2f
</UL>

<P><STRONG><a name="[21b]"></a>DAC_Init</STRONG> (Thumb, 46 bytes, Stack size 0 bytes, adc.o(.text), UNUSED)

<P><STRONG><a name="[21c]"></a>DAC_SetV</STRONG> (Thumb, 24 bytes, Stack size 0 bytes, adc.o(.text), UNUSED)

<P><STRONG><a name="[18]"></a>I2C0_IRQHandler</STRONG> (Thumb, 420 bytes, Stack size 0 bytes, i2c.o(.text))
<BR>[Address Reference Count : 1]<UL><LI> startup_lpc17xx.o(RESET)
</UL>
<P><STRONG><a name="[9d]"></a>I2CStart</STRONG> (Thumb, 44 bytes, Stack size 0 bytes, i2c.o(.text))
<BR><BR>[Called By]<UL><LI><a href="#[9c]">&gt;&gt;</a>&nbsp;&nbsp;&nbsp;I2CEngine
</UL>

<P><STRONG><a name="[9e]"></a>I2CStop</STRONG> (Thumb, 38 bytes, Stack size 0 bytes, i2c.o(.text))
<BR><BR>[Called By]<UL><LI><a href="#[9c]">&gt;&gt;</a>&nbsp;&nbsp;&nbsp;I2CEngine
</UL>

<P><STRONG><a name="[7b]"></a>I2CInit</STRONG> (Thumb, 82 bytes, Stack size 0 bytes, i2c.o(.text))
<BR><BR>[Called By]<UL><LI><a href="#[44]">&gt;&gt;</a>&nbsp;&nbsp;&nbsp;main
</UL>

<P><STRONG><a name="[9c]"></a>I2CEngine</STRONG> (Thumb, 66 bytes, Stack size 8 bytes, i2c.o(.text))
<BR><BR>[Stack]<UL><LI>Max Depth = 8<LI>Call Chain = I2CEngine
</UL>
<BR>[Calls]<UL><LI><a href="#[9e]">&gt;&gt;</a>&nbsp;&nbsp;&nbsp;I2CStop
<LI><a href="#[9d]">&gt;&gt;</a>&nbsp;&nbsp;&nbsp;I2CStart
</UL>
<BR>[Called By]<UL><LI><a href="#[a6]">&gt;&gt;</a>&nbsp;&nbsp;&nbsp;I2C_Write_N
<LI><a href="#[a5]">&gt;&gt;</a>&nbsp;&nbsp;&nbsp;I2C_Read_N
<LI><a href="#[a4]">&gt;&gt;</a>&nbsp;&nbsp;&nbsp;I2C_Write_B
<LI><a href="#[a3]">&gt;&gt;</a>&nbsp;&nbsp;&nbsp;I2C_Read_B
</UL>

<P><STRONG><a name="[13]"></a>UART0_IRQHandler</STRONG> (Thumb, 194 bytes, Stack size 12 bytes, uart.o(.text))
<BR><BR>[Stack]<UL><LI>Max Depth = 12<LI>Call Chain = UART0_IRQHandler
</UL>
<BR>[Address Reference Count : 1]<UL><LI> startup_lpc17xx.o(RESET)
</UL>
<P><STRONG><a name="[14]"></a>UART1_IRQHandler</STRONG> (Thumb, 198 bytes, Stack size 12 bytes, uart.o(.text))
<BR><BR>[Stack]<UL><LI>Max Depth = 12<LI>Call Chain = UART1_IRQHandler
</UL>
<BR>[Address Reference Count : 1]<UL><LI> startup_lpc17xx.o(RESET)
</UL>
<P><STRONG><a name="[7f]"></a>UARTInit</STRONG> (Thumb, 282 bytes, Stack size 24 bytes, uart.o(.text))
<BR><BR>[Stack]<UL><LI>Max Depth = 24<LI>Call Chain = UARTInit
</UL>
<BR>[Calls]<UL><LI><a href="#[9f]">&gt;&gt;</a>&nbsp;&nbsp;&nbsp;NVIC_EnableIRQ
</UL>
<BR>[Called By]<UL><LI><a href="#[44]">&gt;&gt;</a>&nbsp;&nbsp;&nbsp;main
<LI><a href="#[ee]">&gt;&gt;</a>&nbsp;&nbsp;&nbsp;wl_wr
<LI><a href="#[ed]">&gt;&gt;</a>&nbsp;&nbsp;&nbsp;wl_rd
<LI><a href="#[ec]">&gt;&gt;</a>&nbsp;&nbsp;&nbsp;wl_reset
</UL>

<P><STRONG><a name="[c3]"></a>UARTSend</STRONG> (Thumb, 104 bytes, Stack size 12 bytes, uart.o(.text))
<BR><BR>[Stack]<UL><LI>Max Depth = 12<LI>Call Chain = UARTSend
</UL>
<BR>[Called By]<UL><LI><a href="#[cf]">&gt;&gt;</a>&nbsp;&nbsp;&nbsp;LCD_Disp_Arc
<LI><a href="#[ce]">&gt;&gt;</a>&nbsp;&nbsp;&nbsp;LCD_Disp_Cyc
<LI><a href="#[cd]">&gt;&gt;</a>&nbsp;&nbsp;&nbsp;LCD_Disp_Rect
<LI><a href="#[cc]">&gt;&gt;</a>&nbsp;&nbsp;&nbsp;LCD_Disp_Line
<LI><a href="#[cb]">&gt;&gt;</a>&nbsp;&nbsp;&nbsp;LCD_Disp_Point
<LI><a href="#[ca]">&gt;&gt;</a>&nbsp;&nbsp;&nbsp;LCD_Set_Cursor
<LI><a href="#[c9]">&gt;&gt;</a>&nbsp;&nbsp;&nbsp;LCD_Get_Color
<LI><a href="#[c8]">&gt;&gt;</a>&nbsp;&nbsp;&nbsp;LCD_Set_FontDis
<LI><a href="#[c7]">&gt;&gt;</a>&nbsp;&nbsp;&nbsp;LCD_Set_Color
<LI><a href="#[c6]">&gt;&gt;</a>&nbsp;&nbsp;&nbsp;LCD_Disp_PIC
<LI><a href="#[c5]">&gt;&gt;</a>&nbsp;&nbsp;&nbsp;LCD_SET_BL
<LI><a href="#[c4]">&gt;&gt;</a>&nbsp;&nbsp;&nbsp;LCD_CLR_SCR
<LI><a href="#[c2]">&gt;&gt;</a>&nbsp;&nbsp;&nbsp;LCD_Hands
<LI><a href="#[89]">&gt;&gt;</a>&nbsp;&nbsp;&nbsp;Uart1_WL_Send
<LI><a href="#[85]">&gt;&gt;</a>&nbsp;&nbsp;&nbsp;LCD_GO_Page
<LI><a href="#[ee]">&gt;&gt;</a>&nbsp;&nbsp;&nbsp;wl_wr
<LI><a href="#[ed]">&gt;&gt;</a>&nbsp;&nbsp;&nbsp;wl_rd
<LI><a href="#[e9]">&gt;&gt;</a>&nbsp;&nbsp;&nbsp;LCD_Disp_ICON
<LI><a href="#[e8]">&gt;&gt;</a>&nbsp;&nbsp;&nbsp;LCD_Cut_PICRect
<LI><a href="#[e7]">&gt;&gt;</a>&nbsp;&nbsp;&nbsp;LCD_Draw_Cycle
<LI><a href="#[e6]">&gt;&gt;</a>&nbsp;&nbsp;&nbsp;LCD_Full_Rect
<LI><a href="#[e5]">&gt;&gt;</a>&nbsp;&nbsp;&nbsp;LCD_Draw_Rect
<LI><a href="#[e4]">&gt;&gt;</a>&nbsp;&nbsp;&nbsp;LCD_Draw_Line
<LI><a href="#[e3]">&gt;&gt;</a>&nbsp;&nbsp;&nbsp;LCD_Draw_Point
<LI><a href="#[e2]">&gt;&gt;</a>&nbsp;&nbsp;&nbsp;LCD_Draw_Clr
<LI><a href="#[e1]">&gt;&gt;</a>&nbsp;&nbsp;&nbsp;LCD_WR_QuXian
<LI><a href="#[e0]">&gt;&gt;</a>&nbsp;&nbsp;&nbsp;LCD_WR_Str
<LI><a href="#[df]">&gt;&gt;</a>&nbsp;&nbsp;&nbsp;LCD_WR_TxtByte
<LI><a href="#[de]">&gt;&gt;</a>&nbsp;&nbsp;&nbsp;LCD_Rd_Data
<LI><a href="#[dd]">&gt;&gt;</a>&nbsp;&nbsp;&nbsp;LCD_WR_Data4B
<LI><a href="#[dc]">&gt;&gt;</a>&nbsp;&nbsp;&nbsp;LCD_WR_Data2B_s
<LI><a href="#[db]">&gt;&gt;</a>&nbsp;&nbsp;&nbsp;LCD_WR_Data2B
<LI><a href="#[da]">&gt;&gt;</a>&nbsp;&nbsp;&nbsp;LCD_Get_Page
<LI><a href="#[d9]">&gt;&gt;</a>&nbsp;&nbsp;&nbsp;LCD_Set_KeyV
<LI><a href="#[d8]">&gt;&gt;</a>&nbsp;&nbsp;&nbsp;LCD_GO_MPage
<LI><a href="#[d0]">&gt;&gt;</a>&nbsp;&nbsp;&nbsp;LCD_Disp_Txt
</UL>

<P><STRONG><a name="[133]"></a>TONx</STRONG> (Thumb, 98 bytes, Stack size 8 bytes, app_io.o(.text), UNUSED)
<BR><BR>[Called By]<UL><LI><a href="#[f2]">&gt;&gt;</a>&nbsp;&nbsp;&nbsp;Ramp
</UL>

<P><STRONG><a name="[21d]"></a>TOFx</STRONG> (Thumb, 114 bytes, Stack size 12 bytes, app_io.o(.text), UNUSED)

<P><STRONG><a name="[21e]"></a>TODx_H</STRONG> (Thumb, 94 bytes, Stack size 12 bytes, app_io.o(.text), UNUSED)

<P><STRONG><a name="[21f]"></a>TODx_L</STRONG> (Thumb, 96 bytes, Stack size 12 bytes, app_io.o(.text), UNUSED)

<P><STRONG><a name="[220]"></a>DStrToInt</STRONG> (Thumb, 54 bytes, Stack size 8 bytes, app_io.o(.text), UNUSED)

<P><STRONG><a name="[221]"></a>HStrToInt</STRONG> (Thumb, 80 bytes, Stack size 8 bytes, app_io.o(.text), UNUSED)

<P><STRONG><a name="[222]"></a>HBCDtoHStr</STRONG> (Thumb, 102 bytes, Stack size 20 bytes, app_io.o(.text), UNUSED)

<P><STRONG><a name="[77]"></a>IO_Init</STRONG> (Thumb, 284 bytes, Stack size 16 bytes, app_io.o(.text))
<BR><BR>[Stack]<UL><LI>Max Depth = 16<LI>Call Chain = IO_Init
</UL>
<BR>[Calls]<UL><LI><a href="#[a0]">&gt;&gt;</a>&nbsp;&nbsp;&nbsp;GPIOInit
</UL>
<BR>[Called By]<UL><LI><a href="#[44]">&gt;&gt;</a>&nbsp;&nbsp;&nbsp;main
</UL>

<P><STRONG><a name="[65]"></a>Key_Scan</STRONG> (Thumb, 266 bytes, Stack size 12 bytes, app_io.o(.text))
<BR><BR>[Stack]<UL><LI>Max Depth = 12<LI>Call Chain = Key_Scan
</UL>
<BR>[Called By]<UL><LI><a href="#[f]">&gt;&gt;</a>&nbsp;&nbsp;&nbsp;TIMER0_IRQHandler
</UL>

<P><STRONG><a name="[5d]"></a>Key_Led_On</STRONG> (Thumb, 112 bytes, Stack size 8 bytes, app_io.o(.text))
<BR><BR>[Stack]<UL><LI>Max Depth = 8<LI>Call Chain = Key_Led_On
</UL>
<BR>[Called By]<UL><LI><a href="#[57]">&gt;&gt;</a>&nbsp;&nbsp;&nbsp;Sys_Prog_While
</UL>

<P><STRONG><a name="[64]"></a>DI_Scan</STRONG> (Thumb, 612 bytes, Stack size 20 bytes, app_io.o(.text))
<BR><BR>[Stack]<UL><LI>Max Depth = 20<LI>Call Chain = DI_Scan
</UL>
<BR>[Called By]<UL><LI><a href="#[f]">&gt;&gt;</a>&nbsp;&nbsp;&nbsp;TIMER0_IRQHandler
</UL>

<P><STRONG><a name="[a1]"></a>PWMx_Set</STRONG> (Thumb, 76 bytes, Stack size 24 bytes, app_io.o(.text), UNUSED)
<BR><BR>[Calls]<UL><LI><a href="#[a2]">&gt;&gt;</a>&nbsp;&nbsp;&nbsp;PWM_SetX
</UL>

<P><STRONG><a name="[f4]"></a>DOx_Set</STRONG> (Thumb, 216 bytes, Stack size 16 bytes, app_io.o(.text))
<BR><BR>[Stack]<UL><LI>Max Depth = 16<LI>Call Chain = DOx_Set
</UL>
<BR>[Called By]<UL><LI><a href="#[f3]">&gt;&gt;</a>&nbsp;&nbsp;&nbsp;DI_Byte_DO
</UL>

<P><STRONG><a name="[223]"></a>DOx_IntSet</STRONG> (Thumb, 146 bytes, Stack size 16 bytes, app_io.o(.text), UNUSED)

<P><STRONG><a name="[224]"></a>DOxx_Set_All</STRONG> (Thumb, 186 bytes, Stack size 20 bytes, app_io.o(.text), UNUSED)

<P><STRONG><a name="[ab]"></a>Delay</STRONG> (Thumb, 24 bytes, Stack size 0 bytes, app_bus.o(.text), UNUSED)
<BR><BR>[Called By]<UL><LI><a href="#[aa]">&gt;&gt;</a>&nbsp;&nbsp;&nbsp;WriteRTC
</UL>

<P><STRONG><a name="[a9]"></a>BCD2HEX</STRONG> (Thumb, 24 bytes, Stack size 0 bytes, app_bus.o(.text), UNUSED)
<BR><BR>[Called By]<UL><LI><a href="#[a8]">&gt;&gt;</a>&nbsp;&nbsp;&nbsp;ReadRTC
</UL>

<P><STRONG><a name="[ac]"></a>bbcd</STRONG> (Thumb, 32 bytes, Stack size 8 bytes, app_bus.o(.text), UNUSED)
<BR><BR>[Called By]<UL><LI><a href="#[aa]">&gt;&gt;</a>&nbsp;&nbsp;&nbsp;WriteRTC
</UL>

<P><STRONG><a name="[a3]"></a>I2C_Read_B</STRONG> (Thumb, 84 bytes, Stack size 24 bytes, app_bus.o(.text), UNUSED)
<BR><BR>[Calls]<UL><LI><a href="#[9c]">&gt;&gt;</a>&nbsp;&nbsp;&nbsp;I2CEngine
</UL>
<BR>[Called By]<UL><LI><a href="#[a7]">&gt;&gt;</a>&nbsp;&nbsp;&nbsp;ReadRTC_ST
</UL>

<P><STRONG><a name="[a4]"></a>I2C_Write_B</STRONG> (Thumb, 86 bytes, Stack size 24 bytes, app_bus.o(.text), UNUSED)
<BR><BR>[Calls]<UL><LI><a href="#[9c]">&gt;&gt;</a>&nbsp;&nbsp;&nbsp;I2CEngine
</UL>
<BR>[Called By]<UL><LI><a href="#[aa]">&gt;&gt;</a>&nbsp;&nbsp;&nbsp;WriteRTC
</UL>

<P><STRONG><a name="[a5]"></a>I2C_Read_N</STRONG> (Thumb, 108 bytes, Stack size 32 bytes, app_bus.o(.text))
<BR><BR>[Stack]<UL><LI>Max Depth = 40<LI>Call Chain = I2C_Read_N &rArr; I2CEngine
</UL>
<BR>[Calls]<UL><LI><a href="#[9c]">&gt;&gt;</a>&nbsp;&nbsp;&nbsp;I2CEngine
</UL>
<BR>[Called By]<UL><LI><a href="#[b0]">&gt;&gt;</a>&nbsp;&nbsp;&nbsp;AT24_Read_ULong
<LI><a href="#[ae]">&gt;&gt;</a>&nbsp;&nbsp;&nbsp;AT24_Read_Str
<LI><a href="#[a8]">&gt;&gt;</a>&nbsp;&nbsp;&nbsp;ReadRTC
</UL>

<P><STRONG><a name="[a6]"></a>I2C_Write_N</STRONG> (Thumb, 156 bytes, Stack size 40 bytes, app_bus.o(.text))
<BR><BR>[Stack]<UL><LI>Max Depth = 48<LI>Call Chain = I2C_Write_N &rArr; I2CEngine
</UL>
<BR>[Calls]<UL><LI><a href="#[9c]">&gt;&gt;</a>&nbsp;&nbsp;&nbsp;I2CEngine
<LI><a href="#[75]">&gt;&gt;</a>&nbsp;&nbsp;&nbsp;delay_ms
</UL>
<BR>[Called By]<UL><LI><a href="#[b1]">&gt;&gt;</a>&nbsp;&nbsp;&nbsp;AT24_Write_ULong
<LI><a href="#[af]">&gt;&gt;</a>&nbsp;&nbsp;&nbsp;AT24_Write_Page
</UL>

<P><STRONG><a name="[a7]"></a>ReadRTC_ST</STRONG> (Thumb, 52 bytes, Stack size 8 bytes, app_bus.o(.text), UNUSED)
<BR><BR>[Calls]<UL><LI><a href="#[a3]">&gt;&gt;</a>&nbsp;&nbsp;&nbsp;I2C_Read_B
</UL>
<BR>[Called By]<UL><LI><a href="#[ad]">&gt;&gt;</a>&nbsp;&nbsp;&nbsp;x12027_chk
</UL>

<P><STRONG><a name="[a8]"></a>ReadRTC</STRONG> (Thumb, 156 bytes, Stack size 24 bytes, app_bus.o(.text), UNUSED)
<BR><BR>[Calls]<UL><LI><a href="#[a5]">&gt;&gt;</a>&nbsp;&nbsp;&nbsp;I2C_Read_N
<LI><a href="#[a9]">&gt;&gt;</a>&nbsp;&nbsp;&nbsp;BCD2HEX
</UL>
<BR>[Called By]<UL><LI><a href="#[ad]">&gt;&gt;</a>&nbsp;&nbsp;&nbsp;x12027_chk
</UL>

<P><STRONG><a name="[aa]"></a>WriteRTC</STRONG> (Thumb, 646 bytes, Stack size 40 bytes, app_bus.o(.text), UNUSED)
<BR><BR>[Calls]<UL><LI><a href="#[a4]">&gt;&gt;</a>&nbsp;&nbsp;&nbsp;I2C_Write_B
<LI><a href="#[ac]">&gt;&gt;</a>&nbsp;&nbsp;&nbsp;bbcd
<LI><a href="#[ab]">&gt;&gt;</a>&nbsp;&nbsp;&nbsp;Delay
</UL>
<BR>[Called By]<UL><LI><a href="#[ad]">&gt;&gt;</a>&nbsp;&nbsp;&nbsp;x12027_chk
</UL>

<P><STRONG><a name="[ad]"></a>x12027_chk</STRONG> (Thumb, 140 bytes, Stack size 16 bytes, app_bus.o(.text), UNUSED)
<BR><BR>[Calls]<UL><LI><a href="#[aa]">&gt;&gt;</a>&nbsp;&nbsp;&nbsp;WriteRTC
<LI><a href="#[a8]">&gt;&gt;</a>&nbsp;&nbsp;&nbsp;ReadRTC
<LI><a href="#[a7]">&gt;&gt;</a>&nbsp;&nbsp;&nbsp;ReadRTC_ST
<LI><a href="#[75]">&gt;&gt;</a>&nbsp;&nbsp;&nbsp;delay_ms
</UL>

<P><STRONG><a name="[ae]"></a>AT24_Read_Str</STRONG> (Thumb, 34 bytes, Stack size 24 bytes, app_bus.o(.text))
<BR><BR>[Stack]<UL><LI>Max Depth = 64<LI>Call Chain = AT24_Read_Str &rArr; I2C_Read_N &rArr; I2CEngine
</UL>
<BR>[Calls]<UL><LI><a href="#[a5]">&gt;&gt;</a>&nbsp;&nbsp;&nbsp;I2C_Read_N
</UL>
<BR>[Called By]<UL><LI><a href="#[b8]">&gt;&gt;</a>&nbsp;&nbsp;&nbsp;Sys_Read_BD2
<LI><a href="#[b4]">&gt;&gt;</a>&nbsp;&nbsp;&nbsp;Sys_Read_WT
<LI><a href="#[7c]">&gt;&gt;</a>&nbsp;&nbsp;&nbsp;Sys_Read_Info
<LI><a href="#[7e]">&gt;&gt;</a>&nbsp;&nbsp;&nbsp;Sys_Read_BD
<LI><a href="#[190]">&gt;&gt;</a>&nbsp;&nbsp;&nbsp;arm_store_read_bytes
</UL>

<P><STRONG><a name="[af]"></a>AT24_Write_Page</STRONG> (Thumb, 64 bytes, Stack size 24 bytes, app_bus.o(.text))
<BR><BR>[Stack]<UL><LI>Max Depth = 72<LI>Call Chain = AT24_Write_Page &rArr; I2C_Write_N &rArr; I2CEngine
</UL>
<BR>[Calls]<UL><LI><a href="#[a6]">&gt;&gt;</a>&nbsp;&nbsp;&nbsp;I2C_Write_N
<LI><a href="#[75]">&gt;&gt;</a>&nbsp;&nbsp;&nbsp;delay_ms
</UL>
<BR>[Called By]<UL><LI><a href="#[b7]">&gt;&gt;</a>&nbsp;&nbsp;&nbsp;Sys_Write_BD2
<LI><a href="#[92]">&gt;&gt;</a>&nbsp;&nbsp;&nbsp;Sys_Save_Info
<LI><a href="#[54]">&gt;&gt;</a>&nbsp;&nbsp;&nbsp;Sys_Write_WT
<LI><a href="#[56]">&gt;&gt;</a>&nbsp;&nbsp;&nbsp;Sys_Write_BD
<LI><a href="#[191]">&gt;&gt;</a>&nbsp;&nbsp;&nbsp;arm_store_write_bytes
</UL>

<P><STRONG><a name="[b0]"></a>AT24_Read_ULong</STRONG> (Thumb, 72 bytes, Stack size 24 bytes, app_bus.o(.text), UNUSED)
<BR><BR>[Calls]<UL><LI><a href="#[a5]">&gt;&gt;</a>&nbsp;&nbsp;&nbsp;I2C_Read_N
</UL>

<P><STRONG><a name="[b1]"></a>AT24_Write_ULong</STRONG> (Thumb, 90 bytes, Stack size 24 bytes, app_bus.o(.text), UNUSED)
<BR><BR>[Calls]<UL><LI><a href="#[a6]">&gt;&gt;</a>&nbsp;&nbsp;&nbsp;I2C_Write_N
<LI><a href="#[75]">&gt;&gt;</a>&nbsp;&nbsp;&nbsp;delay_ms
</UL>

<P><STRONG><a name="[76]"></a>Sys_Param_Init</STRONG> (Thumb, 98 bytes, Stack size 20 bytes, app_bus.o(.text))
<BR><BR>[Stack]<UL><LI>Max Depth = 20<LI>Call Chain = Sys_Param_Init
</UL>
<BR>[Called By]<UL><LI><a href="#[7c]">&gt;&gt;</a>&nbsp;&nbsp;&nbsp;Sys_Read_Info
<LI><a href="#[44]">&gt;&gt;</a>&nbsp;&nbsp;&nbsp;main
</UL>

<P><STRONG><a name="[92]"></a>Sys_Save_Info</STRONG> (Thumb, 158 bytes, Stack size 24 bytes, app_bus.o(.text))
<BR><BR>[Stack]<UL><LI>Max Depth = 96<LI>Call Chain = Sys_Save_Info &rArr; AT24_Write_Page &rArr; I2C_Write_N &rArr; I2CEngine
</UL>
<BR>[Calls]<UL><LI><a href="#[af]">&gt;&gt;</a>&nbsp;&nbsp;&nbsp;AT24_Write_Page
<LI><a href="#[b2]">&gt;&gt;</a>&nbsp;&nbsp;&nbsp;__aeabi_memcpy
</UL>
<BR>[Called By]<UL><LI><a href="#[8f]">&gt;&gt;</a>&nbsp;&nbsp;&nbsp;CanOpen_Prog
<LI><a href="#[7c]">&gt;&gt;</a>&nbsp;&nbsp;&nbsp;Sys_Read_Info
</UL>

<P><STRONG><a name="[7c]"></a>Sys_Read_Info</STRONG> (Thumb, 420 bytes, Stack size 32 bytes, app_bus.o(.text))
<BR><BR>[Stack]<UL><LI>Max Depth = 128<LI>Call Chain = Sys_Read_Info &rArr; Sys_Save_Info &rArr; AT24_Write_Page &rArr; I2C_Write_N &rArr; I2CEngine
</UL>
<BR>[Calls]<UL><LI><a href="#[ae]">&gt;&gt;</a>&nbsp;&nbsp;&nbsp;AT24_Read_Str
<LI><a href="#[92]">&gt;&gt;</a>&nbsp;&nbsp;&nbsp;Sys_Save_Info
<LI><a href="#[76]">&gt;&gt;</a>&nbsp;&nbsp;&nbsp;Sys_Param_Init
<LI><a href="#[b2]">&gt;&gt;</a>&nbsp;&nbsp;&nbsp;__aeabi_memcpy
</UL>
<BR>[Called By]<UL><LI><a href="#[44]">&gt;&gt;</a>&nbsp;&nbsp;&nbsp;main
</UL>

<P><STRONG><a name="[b5]"></a>WT_Patam_Init</STRONG> (Thumb, 40 bytes, Stack size 0 bytes, app_bus.o(.text), UNUSED)
<BR><BR>[Called By]<UL><LI><a href="#[b4]">&gt;&gt;</a>&nbsp;&nbsp;&nbsp;Sys_Read_WT
</UL>

<P><STRONG><a name="[54]"></a>Sys_Write_WT</STRONG> (Thumb, 372 bytes, Stack size 24 bytes, app_bus.o(.text), UNUSED)
<BR><BR>[Calls]<UL><LI><a href="#[af]">&gt;&gt;</a>&nbsp;&nbsp;&nbsp;AT24_Write_Page
<LI><a href="#[b3]">&gt;&gt;</a>&nbsp;&nbsp;&nbsp;__aeabi_memcpy4
</UL>
<BR>[Called By]<UL><LI><a href="#[b4]">&gt;&gt;</a>&nbsp;&nbsp;&nbsp;Sys_Read_WT
<LI><a href="#[53]">&gt;&gt;</a>&nbsp;&nbsp;&nbsp;WTime_Cnt
</UL>

<P><STRONG><a name="[b4]"></a>Sys_Read_WT</STRONG> (Thumb, 744 bytes, Stack size 40 bytes, app_bus.o(.text), UNUSED)
<BR><BR>[Calls]<UL><LI><a href="#[b5]">&gt;&gt;</a>&nbsp;&nbsp;&nbsp;WT_Patam_Init
<LI><a href="#[ae]">&gt;&gt;</a>&nbsp;&nbsp;&nbsp;AT24_Read_Str
<LI><a href="#[54]">&gt;&gt;</a>&nbsp;&nbsp;&nbsp;Sys_Write_WT
<LI><a href="#[b3]">&gt;&gt;</a>&nbsp;&nbsp;&nbsp;__aeabi_memcpy4
</UL>

<P><STRONG><a name="[78]"></a>BD_Patam_Init</STRONG> (Thumb, 38 bytes, Stack size 0 bytes, app_bus.o(.text))
<BR><BR>[Called By]<UL><LI><a href="#[7e]">&gt;&gt;</a>&nbsp;&nbsp;&nbsp;Sys_Read_BD
<LI><a href="#[44]">&gt;&gt;</a>&nbsp;&nbsp;&nbsp;main
</UL>

<P><STRONG><a name="[56]"></a>Sys_Write_BD</STRONG> (Thumb, 180 bytes, Stack size 16 bytes, app_bus.o(.text))
<BR><BR>[Stack]<UL><LI>Max Depth = 88<LI>Call Chain = Sys_Write_BD &rArr; AT24_Write_Page &rArr; I2C_Write_N &rArr; I2CEngine
</UL>
<BR>[Calls]<UL><LI><a href="#[af]">&gt;&gt;</a>&nbsp;&nbsp;&nbsp;AT24_Write_Page
<LI><a href="#[b2]">&gt;&gt;</a>&nbsp;&nbsp;&nbsp;__aeabi_memcpy
</UL>
<BR>[Called By]<UL><LI><a href="#[7e]">&gt;&gt;</a>&nbsp;&nbsp;&nbsp;Sys_Read_BD
<LI><a href="#[44]">&gt;&gt;</a>&nbsp;&nbsp;&nbsp;main
<LI><a href="#[55]">&gt;&gt;</a>&nbsp;&nbsp;&nbsp;Save_Info_Prog
</UL>

<P><STRONG><a name="[7e]"></a>Sys_Read_BD</STRONG> (Thumb, 358 bytes, Stack size 32 bytes, app_bus.o(.text))
<BR><BR>[Stack]<UL><LI>Max Depth = 120<LI>Call Chain = Sys_Read_BD &rArr; Sys_Write_BD &rArr; AT24_Write_Page &rArr; I2C_Write_N &rArr; I2CEngine
</UL>
<BR>[Calls]<UL><LI><a href="#[ae]">&gt;&gt;</a>&nbsp;&nbsp;&nbsp;AT24_Read_Str
<LI><a href="#[78]">&gt;&gt;</a>&nbsp;&nbsp;&nbsp;BD_Patam_Init
<LI><a href="#[56]">&gt;&gt;</a>&nbsp;&nbsp;&nbsp;Sys_Write_BD
<LI><a href="#[b2]">&gt;&gt;</a>&nbsp;&nbsp;&nbsp;__aeabi_memcpy
</UL>
<BR>[Called By]<UL><LI><a href="#[44]">&gt;&gt;</a>&nbsp;&nbsp;&nbsp;main
</UL>

<P><STRONG><a name="[b6]"></a>BD2_Patam_Init</STRONG> (Thumb, 172 bytes, Stack size 8 bytes, app_bus.o(.text), UNUSED)
<BR><BR>[Calls]<UL><LI><a href="#[b2]">&gt;&gt;</a>&nbsp;&nbsp;&nbsp;__aeabi_memcpy
</UL>
<BR>[Called By]<UL><LI><a href="#[b8]">&gt;&gt;</a>&nbsp;&nbsp;&nbsp;Sys_Read_BD2
</UL>

<P><STRONG><a name="[b7]"></a>Sys_Write_BD2</STRONG> (Thumb, 230 bytes, Stack size 16 bytes, app_bus.o(.text), UNUSED)
<BR><BR>[Calls]<UL><LI><a href="#[af]">&gt;&gt;</a>&nbsp;&nbsp;&nbsp;AT24_Write_Page
<LI><a href="#[b2]">&gt;&gt;</a>&nbsp;&nbsp;&nbsp;__aeabi_memcpy
</UL>
<BR>[Called By]<UL><LI><a href="#[b8]">&gt;&gt;</a>&nbsp;&nbsp;&nbsp;Sys_Read_BD2
</UL>

<P><STRONG><a name="[b8]"></a>Sys_Read_BD2</STRONG> (Thumb, 334 bytes, Stack size 32 bytes, app_bus.o(.text), UNUSED)
<BR><BR>[Calls]<UL><LI><a href="#[b7]">&gt;&gt;</a>&nbsp;&nbsp;&nbsp;Sys_Write_BD2
<LI><a href="#[b6]">&gt;&gt;</a>&nbsp;&nbsp;&nbsp;BD2_Patam_Init
<LI><a href="#[ae]">&gt;&gt;</a>&nbsp;&nbsp;&nbsp;AT24_Read_Str
<LI><a href="#[b2]">&gt;&gt;</a>&nbsp;&nbsp;&nbsp;__aeabi_memcpy
</UL>

<P><STRONG><a name="[17]"></a>PWM1_IRQHandler</STRONG> (Thumb, 14 bytes, Stack size 0 bytes, pwm.o(.text))
<BR>[Address Reference Count : 1]<UL><LI> startup_lpc17xx.o(RESET)
</UL>
<P><STRONG><a name="[79]"></a>PWM_Init</STRONG> (Thumb, 192 bytes, Stack size 8 bytes, pwm.o(.text))
<BR><BR>[Stack]<UL><LI>Max Depth = 8<LI>Call Chain = PWM_Init
</UL>
<BR>[Called By]<UL><LI><a href="#[44]">&gt;&gt;</a>&nbsp;&nbsp;&nbsp;main
</UL>

<P><STRONG><a name="[225]"></a>PWM_SetCyc</STRONG> (Thumb, 28 bytes, Stack size 0 bytes, pwm.o(.text), UNUSED)

<P><STRONG><a name="[a2]"></a>PWM_SetX</STRONG> (Thumb, 250 bytes, Stack size 0 bytes, pwm.o(.text), UNUSED)
<BR><BR>[Called By]<UL><LI><a href="#[a1]">&gt;&gt;</a>&nbsp;&nbsp;&nbsp;PWMx_Set
</UL>

<P><STRONG><a name="[226]"></a>PWM_SetXAB</STRONG> (Thumb, 778 bytes, Stack size 0 bytes, pwm.o(.text), UNUSED)

<P><STRONG><a name="[bb]"></a>PWM_SetX_mV</STRONG> (Thumb, 240 bytes, Stack size 8 bytes, pwm.o(.text), UNUSED)
<BR><BR>[Called By]<UL><LI><a href="#[b9]">&gt;&gt;</a>&nbsp;&nbsp;&nbsp;Output_Pwm
</UL>

<P><STRONG><a name="[227]"></a>PWM_Set</STRONG> (Thumb, 88 bytes, Stack size 0 bytes, pwm.o(.text), UNUSED)

<P><STRONG><a name="[7a]"></a>PWM_Start</STRONG> (Thumb, 120 bytes, Stack size 0 bytes, pwm.o(.text))
<BR><BR>[Called By]<UL><LI><a href="#[44]">&gt;&gt;</a>&nbsp;&nbsp;&nbsp;main
</UL>

<P><STRONG><a name="[228]"></a>PWM_Stop</STRONG> (Thumb, 50 bytes, Stack size 0 bytes, pwm.o(.text), UNUSED)

<P><STRONG><a name="[ba]"></a>Pwm_EN_Chk</STRONG> (Thumb, 14 bytes, Stack size 0 bytes, pwm.o(.text), UNUSED)
<BR><BR>[Called By]<UL><LI><a href="#[b9]">&gt;&gt;</a>&nbsp;&nbsp;&nbsp;Output_Pwm
</UL>

<P><STRONG><a name="[b9]"></a>Output_Pwm</STRONG> (Thumb, 984 bytes, Stack size 16 bytes, pwm.o(.text), UNUSED)
<BR><BR>[Calls]<UL><LI><a href="#[ba]">&gt;&gt;</a>&nbsp;&nbsp;&nbsp;Pwm_EN_Chk
<LI><a href="#[bb]">&gt;&gt;</a>&nbsp;&nbsp;&nbsp;PWM_SetX_mV
<LI><a href="#[bc]">&gt;&gt;</a>&nbsp;&nbsp;&nbsp;__aeabi_i2f
<LI><a href="#[4f]">&gt;&gt;</a>&nbsp;&nbsp;&nbsp;__aeabi_f2uiz
<LI><a href="#[bd]">&gt;&gt;</a>&nbsp;&nbsp;&nbsp;__aeabi_cfcmpeq
</UL>
<BR>[Called By]<UL><LI><a href="#[c0]">&gt;&gt;</a>&nbsp;&nbsp;&nbsp;Pwm_Out_FB
</UL>

<P><STRONG><a name="[229]"></a>FeedBack_I_PWM</STRONG> (Thumb, 28 bytes, Stack size 0 bytes, pwm.o(.text), UNUSED)

<P><STRONG><a name="[be]"></a>Init_PwmData</STRONG> (Thumb, 128 bytes, Stack size 32 bytes, pwm.o(.text), UNUSED)
<BR><BR>[Calls]<UL><LI><a href="#[9a]">&gt;&gt;</a>&nbsp;&nbsp;&nbsp;__aeabi_f2d
<LI><a href="#[bf]">&gt;&gt;</a>&nbsp;&nbsp;&nbsp;__aeabi_ddiv
<LI><a href="#[9b]">&gt;&gt;</a>&nbsp;&nbsp;&nbsp;__aeabi_dadd
<LI><a href="#[99]">&gt;&gt;</a>&nbsp;&nbsp;&nbsp;__aeabi_d2f
</UL>

<P><STRONG><a name="[c0]"></a>Pwm_Out_FB</STRONG> (Thumb, 8 bytes, Stack size 8 bytes, pwm.o(.text), UNUSED)
<BR><BR>[Calls]<UL><LI><a href="#[b9]">&gt;&gt;</a>&nbsp;&nbsp;&nbsp;Output_Pwm
</UL>

<P><STRONG><a name="[22a]"></a>PwmX_SetV</STRONG> (Thumb, 34 bytes, Stack size 8 bytes, pwm.o(.text), UNUSED)

<P><STRONG><a name="[c1]"></a>Get_PWM_Adc</STRONG> (Thumb, 94 bytes, Stack size 8 bytes, pwm.o(.text), UNUSED)
<BR><BR>[Calls]<UL><LI><a href="#[95]">&gt;&gt;</a>&nbsp;&nbsp;&nbsp;ADC0ReadAverageU40
</UL>

<P><STRONG><a name="[c2]"></a>LCD_Hands</STRONG> (Thumb, 128 bytes, Stack size 8 bytes, app_dgus.o(.text), UNUSED)
<BR><BR>[Calls]<UL><LI><a href="#[c3]">&gt;&gt;</a>&nbsp;&nbsp;&nbsp;UARTSend
</UL>

<P><STRONG><a name="[c4]"></a>LCD_CLR_SCR</STRONG> (Thumb, 128 bytes, Stack size 8 bytes, app_dgus.o(.text), UNUSED)
<BR><BR>[Calls]<UL><LI><a href="#[c3]">&gt;&gt;</a>&nbsp;&nbsp;&nbsp;UARTSend
</UL>

<P><STRONG><a name="[c5]"></a>LCD_SET_BL</STRONG> (Thumb, 160 bytes, Stack size 8 bytes, app_dgus.o(.text), UNUSED)
<BR><BR>[Calls]<UL><LI><a href="#[c3]">&gt;&gt;</a>&nbsp;&nbsp;&nbsp;UARTSend
</UL>

<P><STRONG><a name="[c6]"></a>LCD_Disp_PIC</STRONG> (Thumb, 166 bytes, Stack size 8 bytes, app_dgus.o(.text), UNUSED)
<BR><BR>[Calls]<UL><LI><a href="#[c3]">&gt;&gt;</a>&nbsp;&nbsp;&nbsp;UARTSend
</UL>

<P><STRONG><a name="[c7]"></a>LCD_Set_Color</STRONG> (Thumb, 236 bytes, Stack size 16 bytes, app_dgus.o(.text), UNUSED)
<BR><BR>[Calls]<UL><LI><a href="#[c3]">&gt;&gt;</a>&nbsp;&nbsp;&nbsp;UARTSend
</UL>

<P><STRONG><a name="[c8]"></a>LCD_Set_FontDis</STRONG> (Thumb, 198 bytes, Stack size 16 bytes, app_dgus.o(.text), UNUSED)
<BR><BR>[Calls]<UL><LI><a href="#[c3]">&gt;&gt;</a>&nbsp;&nbsp;&nbsp;UARTSend
</UL>

<P><STRONG><a name="[c9]"></a>LCD_Get_Color</STRONG> (Thumb, 206 bytes, Stack size 16 bytes, app_dgus.o(.text), UNUSED)
<BR><BR>[Calls]<UL><LI><a href="#[c3]">&gt;&gt;</a>&nbsp;&nbsp;&nbsp;UARTSend
</UL>

<P><STRONG><a name="[ca]"></a>LCD_Set_Cursor</STRONG> (Thumb, 276 bytes, Stack size 24 bytes, app_dgus.o(.text), UNUSED)
<BR><BR>[Calls]<UL><LI><a href="#[c3]">&gt;&gt;</a>&nbsp;&nbsp;&nbsp;UARTSend
</UL>

<P><STRONG><a name="[cb]"></a>LCD_Disp_Point</STRONG> (Thumb, 204 bytes, Stack size 16 bytes, app_dgus.o(.text), UNUSED)
<BR><BR>[Calls]<UL><LI><a href="#[c3]">&gt;&gt;</a>&nbsp;&nbsp;&nbsp;UARTSend
</UL>

<P><STRONG><a name="[cc]"></a>LCD_Disp_Line</STRONG> (Thumb, 278 bytes, Stack size 24 bytes, app_dgus.o(.text), UNUSED)
<BR><BR>[Calls]<UL><LI><a href="#[c3]">&gt;&gt;</a>&nbsp;&nbsp;&nbsp;UARTSend
</UL>

<P><STRONG><a name="[cd]"></a>LCD_Disp_Rect</STRONG> (Thumb, 304 bytes, Stack size 24 bytes, app_dgus.o(.text), UNUSED)
<BR><BR>[Calls]<UL><LI><a href="#[c3]">&gt;&gt;</a>&nbsp;&nbsp;&nbsp;UARTSend
</UL>

<P><STRONG><a name="[ce]"></a>LCD_Disp_Cyc</STRONG> (Thumb, 246 bytes, Stack size 24 bytes, app_dgus.o(.text), UNUSED)
<BR><BR>[Calls]<UL><LI><a href="#[c3]">&gt;&gt;</a>&nbsp;&nbsp;&nbsp;UARTSend
</UL>

<P><STRONG><a name="[cf]"></a>LCD_Disp_Arc</STRONG> (Thumb, 314 bytes, Stack size 32 bytes, app_dgus.o(.text), UNUSED)
<BR><BR>[Calls]<UL><LI><a href="#[c3]">&gt;&gt;</a>&nbsp;&nbsp;&nbsp;UARTSend
</UL>

<P><STRONG><a name="[d0]"></a>LCD_Disp_Txt</STRONG> (Thumb, 260 bytes, Stack size 24 bytes, app_dgus.o(.text), UNUSED)
<BR><BR>[Calls]<UL><LI><a href="#[c3]">&gt;&gt;</a>&nbsp;&nbsp;&nbsp;UARTSend
</UL>
<BR>[Called By]<UL><LI><a href="#[d7]">&gt;&gt;</a>&nbsp;&nbsp;&nbsp;LCD_Disp_FloatPX
<LI><a href="#[d6]">&gt;&gt;</a>&nbsp;&nbsp;&nbsp;LCD_Disp_Floatx
<LI><a href="#[d5]">&gt;&gt;</a>&nbsp;&nbsp;&nbsp;LCD_Disp_Float
<LI><a href="#[d4]">&gt;&gt;</a>&nbsp;&nbsp;&nbsp;LCD_Disp_Intx
<LI><a href="#[d1]">&gt;&gt;</a>&nbsp;&nbsp;&nbsp;LCD_Disp_Int
</UL>

<P><STRONG><a name="[d1]"></a>LCD_Disp_Int</STRONG> (Thumb, 64 bytes, Stack size 48 bytes, app_dgus.o(.text), UNUSED)
<BR><BR>[Calls]<UL><LI><a href="#[d0]">&gt;&gt;</a>&nbsp;&nbsp;&nbsp;LCD_Disp_Txt
<LI><a href="#[d3]">&gt;&gt;</a>&nbsp;&nbsp;&nbsp;strlen
<LI><a href="#[d2]">&gt;&gt;</a>&nbsp;&nbsp;&nbsp;__2sprintf
</UL>

<P><STRONG><a name="[d4]"></a>LCD_Disp_Intx</STRONG> (Thumb, 86 bytes, Stack size 56 bytes, app_dgus.o(.text), UNUSED)
<BR><BR>[Calls]<UL><LI><a href="#[d0]">&gt;&gt;</a>&nbsp;&nbsp;&nbsp;LCD_Disp_Txt
<LI><a href="#[d3]">&gt;&gt;</a>&nbsp;&nbsp;&nbsp;strlen
<LI><a href="#[d2]">&gt;&gt;</a>&nbsp;&nbsp;&nbsp;__2sprintf
</UL>

<P><STRONG><a name="[d5]"></a>LCD_Disp_Float</STRONG> (Thumb, 74 bytes, Stack size 56 bytes, app_dgus.o(.text), UNUSED)
<BR><BR>[Calls]<UL><LI><a href="#[d0]">&gt;&gt;</a>&nbsp;&nbsp;&nbsp;LCD_Disp_Txt
<LI><a href="#[9a]">&gt;&gt;</a>&nbsp;&nbsp;&nbsp;__aeabi_f2d
<LI><a href="#[d3]">&gt;&gt;</a>&nbsp;&nbsp;&nbsp;strlen
<LI><a href="#[d2]">&gt;&gt;</a>&nbsp;&nbsp;&nbsp;__2sprintf
</UL>

<P><STRONG><a name="[d6]"></a>LCD_Disp_Floatx</STRONG> (Thumb, 94 bytes, Stack size 72 bytes, app_dgus.o(.text), UNUSED)
<BR><BR>[Calls]<UL><LI><a href="#[d0]">&gt;&gt;</a>&nbsp;&nbsp;&nbsp;LCD_Disp_Txt
<LI><a href="#[9a]">&gt;&gt;</a>&nbsp;&nbsp;&nbsp;__aeabi_f2d
<LI><a href="#[d3]">&gt;&gt;</a>&nbsp;&nbsp;&nbsp;strlen
<LI><a href="#[d2]">&gt;&gt;</a>&nbsp;&nbsp;&nbsp;__2sprintf
</UL>

<P><STRONG><a name="[d7]"></a>LCD_Disp_FloatPX</STRONG> (Thumb, 206 bytes, Stack size 56 bytes, app_dgus.o(.text), UNUSED)
<BR><BR>[Calls]<UL><LI><a href="#[d0]">&gt;&gt;</a>&nbsp;&nbsp;&nbsp;LCD_Disp_Txt
<LI><a href="#[9a]">&gt;&gt;</a>&nbsp;&nbsp;&nbsp;__aeabi_f2d
<LI><a href="#[d2]">&gt;&gt;</a>&nbsp;&nbsp;&nbsp;__2sprintf
</UL>

<P><STRONG><a name="[85]"></a>LCD_GO_Page</STRONG> (Thumb, 140 bytes, Stack size 8 bytes, app_dgus.o(.text))
<BR><BR>[Stack]<UL><LI>Max Depth = 20<LI>Call Chain = LCD_GO_Page &rArr; UARTSend
</UL>
<BR>[Calls]<UL><LI><a href="#[c3]">&gt;&gt;</a>&nbsp;&nbsp;&nbsp;UARTSend
</UL>
<BR>[Called By]<UL><LI><a href="#[30]">&gt;&gt;</a>&nbsp;&nbsp;&nbsp;Disp_main
<LI><a href="#[44]">&gt;&gt;</a>&nbsp;&nbsp;&nbsp;main
<LI><a href="#[12d]">&gt;&gt;</a>&nbsp;&nbsp;&nbsp;Disp_Start
</UL>

<P><STRONG><a name="[d8]"></a>LCD_GO_MPage</STRONG> (Thumb, 142 bytes, Stack size 8 bytes, app_dgus.o(.text), UNUSED)
<BR><BR>[Calls]<UL><LI><a href="#[c3]">&gt;&gt;</a>&nbsp;&nbsp;&nbsp;UARTSend
</UL>

<P><STRONG><a name="[d9]"></a>LCD_Set_KeyV</STRONG> (Thumb, 122 bytes, Stack size 8 bytes, app_dgus.o(.text), UNUSED)
<BR><BR>[Calls]<UL><LI><a href="#[c3]">&gt;&gt;</a>&nbsp;&nbsp;&nbsp;UARTSend
</UL>

<P><STRONG><a name="[da]"></a>LCD_Get_Page</STRONG> (Thumb, 196 bytes, Stack size 8 bytes, app_dgus.o(.text), UNUSED)
<BR><BR>[Calls]<UL><LI><a href="#[c3]">&gt;&gt;</a>&nbsp;&nbsp;&nbsp;UARTSend
</UL>

<P><STRONG><a name="[db]"></a>LCD_WR_Data2B</STRONG> (Thumb, 158 bytes, Stack size 16 bytes, app_dgus.o(.text), UNUSED)
<BR><BR>[Calls]<UL><LI><a href="#[c3]">&gt;&gt;</a>&nbsp;&nbsp;&nbsp;UARTSend
</UL>
<BR>[Called By]<UL><LI><a href="#[12c]">&gt;&gt;</a>&nbsp;&nbsp;&nbsp;clearicon
</UL>

<P><STRONG><a name="[dc]"></a>LCD_WR_Data2B_s</STRONG> (Thumb, 160 bytes, Stack size 16 bytes, app_dgus.o(.text), UNUSED)
<BR><BR>[Calls]<UL><LI><a href="#[c3]">&gt;&gt;</a>&nbsp;&nbsp;&nbsp;UARTSend
</UL>

<P><STRONG><a name="[dd]"></a>LCD_WR_Data4B</STRONG> (Thumb, 194 bytes, Stack size 16 bytes, app_dgus.o(.text), UNUSED)
<BR><BR>[Calls]<UL><LI><a href="#[c3]">&gt;&gt;</a>&nbsp;&nbsp;&nbsp;UARTSend
</UL>

<P><STRONG><a name="[de]"></a>LCD_Rd_Data</STRONG> (Thumb, 140 bytes, Stack size 16 bytes, app_dgus.o(.text), UNUSED)
<BR><BR>[Calls]<UL><LI><a href="#[c3]">&gt;&gt;</a>&nbsp;&nbsp;&nbsp;UARTSend
</UL>

<P><STRONG><a name="[df]"></a>LCD_WR_TxtByte</STRONG> (Thumb, 168 bytes, Stack size 16 bytes, app_dgus.o(.text), UNUSED)
<BR><BR>[Calls]<UL><LI><a href="#[c3]">&gt;&gt;</a>&nbsp;&nbsp;&nbsp;UARTSend
</UL>

<P><STRONG><a name="[e0]"></a>LCD_WR_Str</STRONG> (Thumb, 214 bytes, Stack size 16 bytes, app_dgus.o(.text), UNUSED)
<BR><BR>[Calls]<UL><LI><a href="#[c3]">&gt;&gt;</a>&nbsp;&nbsp;&nbsp;UARTSend
</UL>

<P><STRONG><a name="[e1]"></a>LCD_WR_QuXian</STRONG> (Thumb, 200 bytes, Stack size 24 bytes, app_dgus.o(.text), UNUSED)
<BR><BR>[Calls]<UL><LI><a href="#[c3]">&gt;&gt;</a>&nbsp;&nbsp;&nbsp;UARTSend
</UL>

<P><STRONG><a name="[e2]"></a>LCD_Draw_Clr</STRONG> (Thumb, 314 bytes, Stack size 8 bytes, app_dgus.o(.text), UNUSED)
<BR><BR>[Calls]<UL><LI><a href="#[c3]">&gt;&gt;</a>&nbsp;&nbsp;&nbsp;UARTSend
</UL>

<P><STRONG><a name="[e3]"></a>LCD_Draw_Point</STRONG> (Thumb, 324 bytes, Stack size 24 bytes, app_dgus.o(.text), UNUSED)
<BR><BR>[Calls]<UL><LI><a href="#[c3]">&gt;&gt;</a>&nbsp;&nbsp;&nbsp;UARTSend
</UL>

[...]
<LI><a href="#[158]">&gt;&gt;</a>&nbsp;&nbsp;&nbsp;arm_calc_from_fix
</UL>

<P><STRONG><a name="[158]"></a>arm_calc_from_fix</STRONG> (Thumb, 36 bytes, Stack size 24 bytes, arm200a_kine.o(.text))
<BR><BR>[Stack]<UL><LI>Max Depth = 904<LI>Call Chain = arm_calc_from_fix &rArr; arm_calc_one &rArr; arm_ra &rArr; sin &rArr; __ieee754_rem_pio2 &rArr; __aeabi_d2iz
</UL>
<BR>[Calls]<UL><LI><a href="#[157]">&gt;&gt;</a>&nbsp;&nbsp;&nbsp;arm_calc_one
<LI><a href="#[159]">&gt;&gt;</a>&nbsp;&nbsp;&nbsp;arm_get_base_cfg
</UL>
<BR>[Called By]<UL><LI><a href="#[169]">&gt;&gt;</a>&nbsp;&nbsp;&nbsp;arm_find_worst_zero_sample_index
<LI><a href="#[165]">&gt;&gt;</a>&nbsp;&nbsp;&nbsp;arm_update_zero_sample_one
<LI><a href="#[162]">&gt;&gt;</a>&nbsp;&nbsp;&nbsp;arm_zero_target_h
<LI><a href="#[15a]">&gt;&gt;</a>&nbsp;&nbsp;&nbsp;arm_calc_world_from_fix
</UL>

<P><STRONG><a name="[15a]"></a>arm_calc_world_from_fix</STRONG> (Thumb, 38 bytes, Stack size 208 bytes, arm200a_kine.o(.text))
<BR><BR>[Stack]<UL><LI>Max Depth = 1112<LI>Call Chain = arm_calc_world_from_fix &rArr; arm_calc_from_fix &rArr; arm_calc_one &rArr; arm_ra &rArr; sin &rArr; __ieee754_rem_pio2 &rArr; __aeabi_d2iz
</UL>
<BR>[Calls]<UL><LI><a href="#[158]">&gt;&gt;</a>&nbsp;&nbsp;&nbsp;arm_calc_from_fix
<LI><a href="#[152]">&gt;&gt;</a>&nbsp;&nbsp;&nbsp;arm_body_to_world_result
</UL>
<BR>[Called By]<UL><LI><a href="#[168]">&gt;&gt;</a>&nbsp;&nbsp;&nbsp;arm_find_worst_sample_index
<LI><a href="#[15b]">&gt;&gt;</a>&nbsp;&nbsp;&nbsp;arm_update_sample_one
</UL>

<P><STRONG><a name="[15b]"></a>arm_update_sample_one</STRONG> (Thumb, 218 bytes, Stack size 272 bytes, arm200a_kine.o(.text))
<BR><BR>[Stack]<UL><LI>Max Depth = 1384<LI>Call Chain = arm_update_sample_one &rArr; arm_calc_world_from_fix &rArr; arm_calc_from_fix &rArr; arm_calc_one &rArr; arm_ra &rArr; sin &rArr; __ieee754_rem_pio2 &rArr; __aeabi_d2iz
</UL>
<BR>[Calls]<UL><LI><a href="#[15a]">&gt;&gt;</a>&nbsp;&nbsp;&nbsp;arm_calc_world_from_fix
<LI><a href="#[13e]">&gt;&gt;</a>&nbsp;&nbsp;&nbsp;arm_len
<LI><a href="#[13a]">&gt;&gt;</a>&nbsp;&nbsp;&nbsp;arm_sub
<LI><a href="#[13f]">&gt;&gt;</a>&nbsp;&nbsp;&nbsp;sqrt
<LI><a href="#[f9]">&gt;&gt;</a>&nbsp;&nbsp;&nbsp;__aeabi_cfrcmple
<LI><a href="#[4e]">&gt;&gt;</a>&nbsp;&nbsp;&nbsp;__aeabi_fmul
<LI><a href="#[132]">&gt;&gt;</a>&nbsp;&nbsp;&nbsp;__aeabi_cfcmple
<LI><a href="#[bc]">&gt;&gt;</a>&nbsp;&nbsp;&nbsp;__aeabi_i2f
<LI><a href="#[4d]">&gt;&gt;</a>&nbsp;&nbsp;&nbsp;__aeabi_fdiv
<LI><a href="#[fa]">&gt;&gt;</a>&nbsp;&nbsp;&nbsp;__aeabi_fadd
<LI><a href="#[9a]">&gt;&gt;</a>&nbsp;&nbsp;&nbsp;__aeabi_f2d
<LI><a href="#[99]">&gt;&gt;</a>&nbsp;&nbsp;&nbsp;__aeabi_d2f
</UL>
<BR>[Called By]<UL><LI><a href="#[186]">&gt;&gt;</a>&nbsp;&nbsp;&nbsp;Arm200A_AddSampleByCurrentInput
<LI><a href="#[15c]">&gt;&gt;</a>&nbsp;&nbsp;&nbsp;Arm200A_UpdateSampleNow
<LI><a href="#[16f]">&gt;&gt;</a>&nbsp;&nbsp;&nbsp;arm_fit_one
</UL>

<P><STRONG><a name="[160]"></a>arm_refresh_all_now</STRONG> (Thumb, 20 bytes, Stack size 8 bytes, arm200a_kine.o(.text))
<BR><BR>[Stack]<UL><LI>Max Depth = 1400<LI>Call Chain = arm_refresh_all_now &rArr; Arm200A_UpdateSampleNow &rArr; arm_update_sample_one &rArr; arm_calc_world_from_fix &rArr; arm_calc_from_fix &rArr; arm_calc_one &rArr; arm_ra &rArr; sin &rArr; __ieee754_rem_pio2 &rArr; __aeabi_d2iz
</UL>
<BR>[Calls]<UL><LI><a href="#[15f]">&gt;&gt;</a>&nbsp;&nbsp;&nbsp;Arm200A_CalcLeft
<LI><a href="#[15e]">&gt;&gt;</a>&nbsp;&nbsp;&nbsp;Arm200A_CalcMid
<LI><a href="#[15d]">&gt;&gt;</a>&nbsp;&nbsp;&nbsp;Arm200A_CalcRight
<LI><a href="#[15c]">&gt;&gt;</a>&nbsp;&nbsp;&nbsp;Arm200A_UpdateSampleNow
</UL>
<BR>[Called By]<UL><LI><a href="#[18f]">&gt;&gt;</a>&nbsp;&nbsp;&nbsp;Arm200A_FitRight
<LI><a href="#[18e]">&gt;&gt;</a>&nbsp;&nbsp;&nbsp;Arm200A_FitMid
<LI><a href="#[18d]">&gt;&gt;</a>&nbsp;&nbsp;&nbsp;Arm200A_FitLeft
<LI><a href="#[18c]">&gt;&gt;</a>&nbsp;&nbsp;&nbsp;Arm200A_ZeroFitRight
<LI><a href="#[18b]">&gt;&gt;</a>&nbsp;&nbsp;&nbsp;Arm200A_ZeroFitMid
<LI><a href="#[18a]">&gt;&gt;</a>&nbsp;&nbsp;&nbsp;Arm200A_ZeroFitLeft
</UL>

<P><STRONG><a name="[161]"></a>arm_zero_sample_to_input</STRONG> (Thumb, 292 bytes, Stack size 32 bytes, arm200a_kine.o(.text), UNUSED)
<BR><BR>[Calls]<UL><LI><a href="#[4e]">&gt;&gt;</a>&nbsp;&nbsp;&nbsp;__aeabi_fmul
<LI><a href="#[fc]">&gt;&gt;</a>&nbsp;&nbsp;&nbsp;__aeabi_fsub
<LI><a href="#[fa]">&gt;&gt;</a>&nbsp;&nbsp;&nbsp;__aeabi_fadd
</UL>
<BR>[Called By]<UL><LI><a href="#[169]">&gt;&gt;</a>&nbsp;&nbsp;&nbsp;arm_find_worst_zero_sample_index
<LI><a href="#[165]">&gt;&gt;</a>&nbsp;&nbsp;&nbsp;arm_update_zero_sample_one
</UL>

<P><STRONG><a name="[162]"></a>arm_zero_target_h</STRONG> (Thumb, 82 bytes, Stack size 248 bytes, arm200a_kine.o(.text), UNUSED)
<BR><BR>[Calls]<UL><LI><a href="#[158]">&gt;&gt;</a>&nbsp;&nbsp;&nbsp;arm_calc_from_fix
<LI><a href="#[164]">&gt;&gt;</a>&nbsp;&nbsp;&nbsp;arm_get_fix_buf
<LI><a href="#[163]">&gt;&gt;</a>&nbsp;&nbsp;&nbsp;arm_get_zero_cfg_buf
<LI><a href="#[96]">&gt;&gt;</a>&nbsp;&nbsp;&nbsp;__aeabi_memclr4
</UL>
<BR>[Called By]<UL><LI><a href="#[169]">&gt;&gt;</a>&nbsp;&nbsp;&nbsp;arm_find_worst_zero_sample_index
<LI><a href="#[165]">&gt;&gt;</a>&nbsp;&nbsp;&nbsp;arm_update_zero_sample_one
</UL>

<P><STRONG><a name="[165]"></a>arm_update_zero_sample_one</STRONG> (Thumb, 364 bytes, Stack size 320 bytes, arm200a_kine.o(.text), UNUSED)
<BR><BR>[Calls]<UL><LI><a href="#[162]">&gt;&gt;</a>&nbsp;&nbsp;&nbsp;arm_zero_target_h
<LI><a href="#[161]">&gt;&gt;</a>&nbsp;&nbsp;&nbsp;arm_zero_sample_to_input
<LI><a href="#[158]">&gt;&gt;</a>&nbsp;&nbsp;&nbsp;arm_calc_from_fix
<LI><a href="#[164]">&gt;&gt;</a>&nbsp;&nbsp;&nbsp;arm_get_fix_buf
<LI><a href="#[13e]">&gt;&gt;</a>&nbsp;&nbsp;&nbsp;arm_len
<LI><a href="#[13a]">&gt;&gt;</a>&nbsp;&nbsp;&nbsp;arm_sub
<LI><a href="#[13f]">&gt;&gt;</a>&nbsp;&nbsp;&nbsp;sqrt
<LI><a href="#[f9]">&gt;&gt;</a>&nbsp;&nbsp;&nbsp;__aeabi_cfrcmple
<LI><a href="#[4e]">&gt;&gt;</a>&nbsp;&nbsp;&nbsp;__aeabi_fmul
<LI><a href="#[132]">&gt;&gt;</a>&nbsp;&nbsp;&nbsp;__aeabi_cfcmple
<LI><a href="#[bc]">&gt;&gt;</a>&nbsp;&nbsp;&nbsp;__aeabi_i2f
<LI><a href="#[4d]">&gt;&gt;</a>&nbsp;&nbsp;&nbsp;__aeabi_fdiv
<LI><a href="#[fa]">&gt;&gt;</a>&nbsp;&nbsp;&nbsp;__aeabi_fadd
<LI><a href="#[9a]">&gt;&gt;</a>&nbsp;&nbsp;&nbsp;__aeabi_f2d
<LI><a href="#[99]">&gt;&gt;</a>&nbsp;&nbsp;&nbsp;__aeabi_d2f
</UL>
<BR>[Called By]<UL><LI><a href="#[181]">&gt;&gt;</a>&nbsp;&nbsp;&nbsp;Arm200A_ZeroAddSample
<LI><a href="#[174]">&gt;&gt;</a>&nbsp;&nbsp;&nbsp;arm_zero_fit_one
</UL>

<P><STRONG><a name="[166]"></a>arm_fit_score</STRONG> (Thumb, 30 bytes, Stack size 16 bytes, arm200a_kine.o(.text))
<BR><BR>[Stack]<UL><LI>Max Depth = 32<LI>Call Chain = arm_fit_score &rArr; __aeabi_fmul
</UL>
<BR>[Calls]<UL><LI><a href="#[4e]">&gt;&gt;</a>&nbsp;&nbsp;&nbsp;__aeabi_fmul
<LI><a href="#[fa]">&gt;&gt;</a>&nbsp;&nbsp;&nbsp;__aeabi_fadd
</UL>
<BR>[Called By]<UL><LI><a href="#[16f]">&gt;&gt;</a>&nbsp;&nbsp;&nbsp;arm_fit_one
</UL>

<P><STRONG><a name="[167]"></a>arm_zero_fit_score</STRONG> (Thumb, 30 bytes, Stack size 16 bytes, arm200a_kine.o(.text), UNUSED)
<BR><BR>[Calls]<UL><LI><a href="#[4e]">&gt;&gt;</a>&nbsp;&nbsp;&nbsp;__aeabi_fmul
<LI><a href="#[fa]">&gt;&gt;</a>&nbsp;&nbsp;&nbsp;__aeabi_fadd
</UL>
<BR>[Called By]<UL><LI><a href="#[174]">&gt;&gt;</a>&nbsp;&nbsp;&nbsp;arm_zero_fit_one
</UL>

<P><STRONG><a name="[189]"></a>arm_find_empty_sample_index</STRONG> (Thumb, 32 bytes, Stack size 0 bytes, arm200a_kine.o(.text))
<BR><BR>[Called By]<UL><LI><a href="#[186]">&gt;&gt;</a>&nbsp;&nbsp;&nbsp;Arm200A_AddSampleByCurrentInput
</UL>

<P><STRONG><a name="[168]"></a>arm_find_worst_sample_index</STRONG> (Thumb, 126 bytes, Stack size 224 bytes, arm200a_kine.o(.text))
<BR><BR>[Stack]<UL><LI>Max Depth = 1336<LI>Call Chain = arm_find_worst_sample_index &rArr; arm_calc_world_from_fix &rArr; arm_calc_from_fix &rArr; arm_calc_one &rArr; arm_ra &rArr; sin &rArr; __ieee754_rem_pio2 &rArr; __aeabi_d2iz
</UL>
<BR>[Calls]<UL><LI><a href="#[15a]">&gt;&gt;</a>&nbsp;&nbsp;&nbsp;arm_calc_world_from_fix
<LI><a href="#[140]">&gt;&gt;</a>&nbsp;&nbsp;&nbsp;arm_dist
<LI><a href="#[f9]">&gt;&gt;</a>&nbsp;&nbsp;&nbsp;__aeabi_cfrcmple
</UL>
<BR>[Called By]<UL><LI><a href="#[186]">&gt;&gt;</a>&nbsp;&nbsp;&nbsp;Arm200A_AddSampleByCurrentInput
</UL>

<P><STRONG><a name="[185]"></a>arm_find_empty_zero_sample_index</STRONG> (Thumb, 36 bytes, Stack size 0 bytes, arm200a_kine.o(.text), UNUSED)
<BR><BR>[Called By]<UL><LI><a href="#[181]">&gt;&gt;</a>&nbsp;&nbsp;&nbsp;Arm200A_ZeroAddSample
</UL>

<P><STRONG><a name="[169]"></a>arm_find_worst_zero_sample_index</STRONG> (Thumb, 148 bytes, Stack size 288 bytes, arm200a_kine.o(.text), UNUSED)
<BR><BR>[Calls]<UL><LI><a href="#[162]">&gt;&gt;</a>&nbsp;&nbsp;&nbsp;arm_zero_target_h
<LI><a href="#[161]">&gt;&gt;</a>&nbsp;&nbsp;&nbsp;arm_zero_sample_to_input
<LI><a href="#[158]">&gt;&gt;</a>&nbsp;&nbsp;&nbsp;arm_calc_from_fix
<LI><a href="#[164]">&gt;&gt;</a>&nbsp;&nbsp;&nbsp;arm_get_fix_buf
<LI><a href="#[140]">&gt;&gt;</a>&nbsp;&nbsp;&nbsp;arm_dist
<LI><a href="#[f9]">&gt;&gt;</a>&nbsp;&nbsp;&nbsp;__aeabi_cfrcmple
</UL>
<BR>[Called By]<UL><LI><a href="#[181]">&gt;&gt;</a>&nbsp;&nbsp;&nbsp;Arm200A_ZeroAddSample
</UL>

<P><STRONG><a name="[176]"></a>arm_zero_cfg_to_array</STRONG> (Thumb, 56 bytes, Stack size 8 bytes, arm200a_kine.o(.text), UNUSED)
<BR><BR>[Called By]<UL><LI><a href="#[174]">&gt;&gt;</a>&nbsp;&nbsp;&nbsp;arm_zero_fit_one
</UL>

<P><STRONG><a name="[177]"></a>arm_array_to_zero_cfg</STRONG> (Thumb, 36 bytes, Stack size 0 bytes, arm200a_kine.o(.text), UNUSED)
<BR><BR>[Called By]<UL><LI><a href="#[174]">&gt;&gt;</a>&nbsp;&nbsp;&nbsp;arm_zero_fit_one
</UL>

<P><STRONG><a name="[173]"></a>arm_init_fix_step</STRONG> (Thumb, 40 bytes, Stack size 0 bytes, arm200a_kine.o(.text))
<BR><BR>[Called By]<UL><LI><a href="#[16f]">&gt;&gt;</a>&nbsp;&nbsp;&nbsp;arm_fit_one
</UL>

<P><STRONG><a name="[16b]"></a>arm_raw_step_from_scale</STRONG> (Thumb, 38 bytes, Stack size 16 bytes, arm200a_kine.o(.text), UNUSED)
<BR><BR>[Calls]<UL><LI><a href="#[135]">&gt;&gt;</a>&nbsp;&nbsp;&nbsp;arm_absf
<LI><a href="#[132]">&gt;&gt;</a>&nbsp;&nbsp;&nbsp;__aeabi_cfcmple
<LI><a href="#[4d]">&gt;&gt;</a>&nbsp;&nbsp;&nbsp;__aeabi_fdiv
</UL>
<BR>[Called By]<UL><LI><a href="#[16c]">&gt;&gt;</a>&nbsp;&nbsp;&nbsp;arm_init_zero_step
</UL>

<P><STRONG><a name="[16c]"></a>arm_init_zero_step</STRONG> (Thumb, 96 bytes, Stack size 16 bytes, arm200a_kine.o(.text), UNUSED)
<BR><BR>[Calls]<UL><LI><a href="#[16b]">&gt;&gt;</a>&nbsp;&nbsp;&nbsp;arm_raw_step_from_scale
</UL>
<BR>[Called By]<UL><LI><a href="#[174]">&gt;&gt;</a>&nbsp;&nbsp;&nbsp;arm_zero_fit_one
</UL>

<P><STRONG><a name="[16f]"></a>arm_fit_one</STRONG> (Thumb, 628 bytes, Stack size 512 bytes, arm200a_kine.o(.text))
<BR><BR>[Stack]<UL><LI>Max Depth = 1896<LI>Call Chain = arm_fit_one &rArr; arm_update_sample_one &rArr; arm_calc_world_from_fix &rArr; arm_calc_from_fix &rArr; arm_calc_one &rArr; arm_ra &rArr; sin &rArr; __ieee754_rem_pio2 &rArr; __aeabi_d2iz
</UL>
<BR>[Calls]<UL><LI><a href="#[16d]">&gt;&gt;</a>&nbsp;&nbsp;&nbsp;Arm200A_GetSampleCount
<LI><a href="#[16a]">&gt;&gt;</a>&nbsp;&nbsp;&nbsp;Arm200A_ArrayToFix
<LI><a href="#[172]">&gt;&gt;</a>&nbsp;&nbsp;&nbsp;Arm200A_FixToArray
<LI><a href="#[173]">&gt;&gt;</a>&nbsp;&nbsp;&nbsp;arm_init_fix_step
<LI><a href="#[166]">&gt;&gt;</a>&nbsp;&nbsp;&nbsp;arm_fit_score
<LI><a href="#[15b]">&gt;&gt;</a>&nbsp;&nbsp;&nbsp;arm_update_sample_one
<LI><a href="#[170]">&gt;&gt;</a>&nbsp;&nbsp;&nbsp;arm_fit_clear
<LI><a href="#[171]">&gt;&gt;</a>&nbsp;&nbsp;&nbsp;arm_get_has_o0
<LI><a href="#[135]">&gt;&gt;</a>&nbsp;&nbsp;&nbsp;arm_absf
<LI><a href="#[f9]">&gt;&gt;</a>&nbsp;&nbsp;&nbsp;__aeabi_cfrcmple
<LI><a href="#[4e]">&gt;&gt;</a>&nbsp;&nbsp;&nbsp;__aeabi_fmul
<LI><a href="#[132]">&gt;&gt;</a>&nbsp;&nbsp;&nbsp;__aeabi_cfcmple
<LI><a href="#[bc]">&gt;&gt;</a>&nbsp;&nbsp;&nbsp;__aeabi_i2f
<LI><a href="#[bd]">&gt;&gt;</a>&nbsp;&nbsp;&nbsp;__aeabi_cfcmpeq
<LI><a href="#[4d]">&gt;&gt;</a>&nbsp;&nbsp;&nbsp;__aeabi_fdiv
<LI><a href="#[fc]">&gt;&gt;</a>&nbsp;&nbsp;&nbsp;__aeabi_fsub
<LI><a href="#[fa]">&gt;&gt;</a>&nbsp;&nbsp;&nbsp;__aeabi_fadd
<LI><a href="#[b3]">&gt;&gt;</a>&nbsp;&nbsp;&nbsp;__aeabi_memcpy4
</UL>
<BR>[Called By]<UL><LI><a href="#[18f]">&gt;&gt;</a>&nbsp;&nbsp;&nbsp;Arm200A_FitRight
<LI><a href="#[18e]">&gt;&gt;</a>&nbsp;&nbsp;&nbsp;Arm200A_FitMid
<LI><a href="#[18d]">&gt;&gt;</a>&nbsp;&nbsp;&nbsp;Arm200A_FitLeft
</UL>

<P><STRONG><a name="[174]"></a>arm_zero_fit_one</STRONG> (Thumb, 606 bytes, Stack size 328 bytes, arm200a_kine.o(.text), UNUSED)
<BR><BR>[Calls]<UL><LI><a href="#[16c]">&gt;&gt;</a>&nbsp;&nbsp;&nbsp;arm_init_zero_step
<LI><a href="#[177]">&gt;&gt;</a>&nbsp;&nbsp;&nbsp;arm_array_to_zero_cfg
<LI><a href="#[176]">&gt;&gt;</a>&nbsp;&nbsp;&nbsp;arm_zero_cfg_to_array
<LI><a href="#[167]">&gt;&gt;</a>&nbsp;&nbsp;&nbsp;arm_zero_fit_score
<LI><a href="#[165]">&gt;&gt;</a>&nbsp;&nbsp;&nbsp;arm_update_zero_sample_one
<LI><a href="#[175]">&gt;&gt;</a>&nbsp;&nbsp;&nbsp;arm_zero_fit_clear
<LI><a href="#[171]">&gt;&gt;</a>&nbsp;&nbsp;&nbsp;arm_get_has_o0
<LI><a href="#[f9]">&gt;&gt;</a>&nbsp;&nbsp;&nbsp;__aeabi_cfrcmple
<LI><a href="#[4e]">&gt;&gt;</a>&nbsp;&nbsp;&nbsp;__aeabi_fmul
<LI><a href="#[132]">&gt;&gt;</a>&nbsp;&nbsp;&nbsp;__aeabi_cfcmple
<LI><a href="#[bd]">&gt;&gt;</a>&nbsp;&nbsp;&nbsp;__aeabi_cfcmpeq
<LI><a href="#[fc]">&gt;&gt;</a>&nbsp;&nbsp;&nbsp;__aeabi_fsub
<LI><a href="#[fa]">&gt;&gt;</a>&nbsp;&nbsp;&nbsp;__aeabi_fadd
<LI><a href="#[b3]">&gt;&gt;</a>&nbsp;&nbsp;&nbsp;__aeabi_memcpy4
</UL>
<BR>[Called By]<UL><LI><a href="#[18c]">&gt;&gt;</a>&nbsp;&nbsp;&nbsp;Arm200A_ZeroFitRight
<LI><a href="#[18b]">&gt;&gt;</a>&nbsp;&nbsp;&nbsp;Arm200A_ZeroFitMid
<LI><a href="#[18a]">&gt;&gt;</a>&nbsp;&nbsp;&nbsp;Arm200A_ZeroFitLeft
</UL>

<P><STRONG><a name="[193]"></a>arm_store_checksum</STRONG> (Thumb, 24 bytes, Stack size 8 bytes, arm200a_store.o(.text))
<BR><BR>[Stack]<UL><LI>Max Depth = 8<LI>Call Chain = arm_store_checksum
</UL>
<BR>[Called By]<UL><LI><a href="#[195]">&gt;&gt;</a>&nbsp;&nbsp;&nbsp;arm_store_block_v10005_valid
<LI><a href="#[194]">&gt;&gt;</a>&nbsp;&nbsp;&nbsp;arm_store_block_valid
<LI><a href="#[192]">&gt;&gt;</a>&nbsp;&nbsp;&nbsp;arm_store_fill_block
</UL>

<P><STRONG><a name="[190]"></a>arm_store_read_bytes</STRONG> (Thumb, 62 bytes, Stack size 32 bytes, arm200a_store.o(.text))
<BR><BR>[Stack]<UL><LI>Max Depth = 96<LI>Call Chain = arm_store_read_bytes &rArr; AT24_Read_Str &rArr; I2C_Read_N &rArr; I2CEngine
</UL>
<BR>[Calls]<UL><LI><a href="#[ae]">&gt;&gt;</a>&nbsp;&nbsp;&nbsp;AT24_Read_Str
<LI><a href="#[58]">&gt;&gt;</a>&nbsp;&nbsp;&nbsp;WDT_Feed
</UL>
<BR>[Called By]<UL><LI><a href="#[125]">&gt;&gt;</a>&nbsp;&nbsp;&nbsp;Arm200A_StoreLoad
</UL>

<P><STRONG><a name="[191]"></a>arm_store_write_bytes</STRONG> (Thumb, 62 bytes, Stack size 32 bytes, arm200a_store.o(.text))
<BR><BR>[Stack]<UL><LI>Max Depth = 104<LI>Call Chain = arm_store_write_bytes &rArr; AT24_Write_Page &rArr; I2C_Write_N &rArr; I2CEngine
</UL>
<BR>[Calls]<UL><LI><a href="#[af]">&gt;&gt;</a>&nbsp;&nbsp;&nbsp;AT24_Write_Page
<LI><a href="#[58]">&gt;&gt;</a>&nbsp;&nbsp;&nbsp;WDT_Feed
</UL>
<BR>[Called By]<UL><LI><a href="#[8b]">&gt;&gt;</a>&nbsp;&nbsp;&nbsp;Arm200A_StoreSave
</UL>

<P><STRONG><a name="[192]"></a>arm_store_fill_block</STRONG> (Thumb, 338 bytes, Stack size 16 bytes, arm200a_store.o(.text))
<BR><BR>[Stack]<UL><LI>Max Depth = 24<LI>Call Chain = arm_store_fill_block &rArr; arm_store_checksum
</UL>
<BR>[Calls]<UL><LI><a href="#[193]">&gt;&gt;</a>&nbsp;&nbsp;&nbsp;arm_store_checksum
<LI><a href="#[172]">&gt;&gt;</a>&nbsp;&nbsp;&nbsp;Arm200A_FixToArray
<LI><a href="#[b3]">&gt;&gt;</a>&nbsp;&nbsp;&nbsp;__aeabi_memcpy4
</UL>
<BR>[Called By]<UL><LI><a href="#[8b]">&gt;&gt;</a>&nbsp;&nbsp;&nbsp;Arm200A_StoreSave
</UL>

<P><STRONG><a name="[194]"></a>arm_store_block_valid</STRONG> (Thumb, 58 bytes, Stack size 16 bytes, arm200a_store.o(.text))
<BR><BR>[Stack]<UL><LI>Max Depth = 24<LI>Call Chain = arm_store_block_valid &rArr; arm_store_checksum
</UL>
<BR>[Calls]<UL><LI><a href="#[193]">&gt;&gt;</a>&nbsp;&nbsp;&nbsp;arm_store_checksum
</UL>
<BR>[Called By]<UL><LI><a href="#[125]">&gt;&gt;</a>&nbsp;&nbsp;&nbsp;Arm200A_StoreLoad
</UL>

<P><STRONG><a name="[195]"></a>arm_store_block_v10005_valid</STRONG> (Thumb, 60 bytes, Stack size 16 bytes, arm200a_store.o(.text))
<BR><BR>[Stack]<UL><LI>Max Depth = 24<LI>Call Chain = arm_store_block_v10005_valid &rArr; arm_store_checksum
</UL>
<BR>[Calls]<UL><LI><a href="#[193]">&gt;&gt;</a>&nbsp;&nbsp;&nbsp;arm_store_checksum
</UL>
<BR>[Called By]<UL><LI><a href="#[125]">&gt;&gt;</a>&nbsp;&nbsp;&nbsp;Arm200A_StoreLoad
</UL>

<P><STRONG><a name="[198]"></a>arm_store_copy_zero_v10005</STRONG> (Thumb, 136 bytes, Stack size 0 bytes, arm200a_store.o(.text))
<BR><BR>[Called By]<UL><LI><a href="#[197]">&gt;&gt;</a>&nbsp;&nbsp;&nbsp;arm_store_apply_block_v10005
</UL>

<P><STRONG><a name="[196]"></a>arm_store_apply_block</STRONG> (Thumb, 322 bytes, Stack size 16 bytes, arm200a_store.o(.text))
<BR><BR>[Stack]<UL><LI>Max Depth = 36<LI>Call Chain = arm_store_apply_block &rArr; Arm200A_ArrayToFix &rArr; __aeabi_memclr4
</UL>
<BR>[Calls]<UL><LI><a href="#[16a]">&gt;&gt;</a>&nbsp;&nbsp;&nbsp;Arm200A_ArrayToFix
<LI><a href="#[b3]">&gt;&gt;</a>&nbsp;&nbsp;&nbsp;__aeabi_memcpy4
</UL>
<BR>[Called By]<UL><LI><a href="#[125]">&gt;&gt;</a>&nbsp;&nbsp;&nbsp;Arm200A_StoreLoad
</UL>

<P><STRONG><a name="[197]"></a>arm_store_apply_block_v10005</STRONG> (Thumb, 430 bytes, Stack size 16 bytes, arm200a_store.o(.text))
<BR><BR>[Stack]<UL><LI>Max Depth = 36<LI>Call Chain = arm_store_apply_block_v10005 &rArr; Arm200A_ArrayToFix &rArr; __aeabi_memclr4
</UL>
<BR>[Calls]<UL><LI><a href="#[198]">&gt;&gt;</a>&nbsp;&nbsp;&nbsp;arm_store_copy_zero_v10005
<LI><a href="#[16a]">&gt;&gt;</a>&nbsp;&nbsp;&nbsp;Arm200A_ArrayToFix
<LI><a href="#[b3]">&gt;&gt;</a>&nbsp;&nbsp;&nbsp;__aeabi_memcpy4
</UL>
<BR>[Called By]<UL><LI><a href="#[125]">&gt;&gt;</a>&nbsp;&nbsp;&nbsp;Arm200A_StoreLoad
</UL>

<P><STRONG><a name="[1d2]"></a>_dadd1</STRONG> (Thumb, 0 bytes, Stack size unknown bytes, daddsub_clz.o(x$fpl$dadd), UNUSED)
<BR><BR>[Called By]<UL><LI><a href="#[1d3]">&gt;&gt;</a>&nbsp;&nbsp;&nbsp;_dsub
<LI><a href="#[1d1]">&gt;&gt;</a>&nbsp;&nbsp;&nbsp;_drsb
</UL>

<P><STRONG><a name="[1c5]"></a>_dsub1</STRONG> (Thumb, 0 bytes, Stack size unknown bytes, daddsub_clz.o(x$fpl$dsub), UNUSED)
<BR><BR>[Called By]<UL><LI><a href="#[1d1]">&gt;&gt;</a>&nbsp;&nbsp;&nbsp;_drsb
<LI><a href="#[1c4]">&gt;&gt;</a>&nbsp;&nbsp;&nbsp;_dadd
</UL>

<P><STRONG><a name="[1e2]"></a>_fadd1</STRONG> (Thumb, 0 bytes, Stack size unknown bytes, faddsub_clz.o(x$fpl$fadd), UNUSED)
<BR><BR>[Called By]<UL><LI><a href="#[1e3]">&gt;&gt;</a>&nbsp;&nbsp;&nbsp;_fsub
<LI><a href="#[1e1]">&gt;&gt;</a>&nbsp;&nbsp;&nbsp;_frsb
</UL>

<P><STRONG><a name="[1d7]"></a>_fsub1</STRONG> (Thumb, 0 bytes, Stack size unknown bytes, faddsub_clz.o(x$fpl$fsub), UNUSED)
<BR><BR>[Called By]<UL><LI><a href="#[1e1]">&gt;&gt;</a>&nbsp;&nbsp;&nbsp;_frsb
<LI><a href="#[1d6]">&gt;&gt;</a>&nbsp;&nbsp;&nbsp;_fadd
</UL>

<P><STRONG><a name="[1a5]"></a>_fp_digits</STRONG> (Thumb, 432 bytes, Stack size 96 bytes, _printf_fp_dec.o(.text))
<BR><BR>[Stack]<UL><LI>Max Depth = 220<LI>Call Chain = _fp_digits &rArr; _btod_etento &rArr; _btod_emul &rArr; _e2e
</UL>
<BR>[Calls]<UL><LI><a href="#[1a9]">&gt;&gt;</a>&nbsp;&nbsp;&nbsp;_btod_emul
<LI><a href="#[1a8]">&gt;&gt;</a>&nbsp;&nbsp;&nbsp;_btod_ediv
<LI><a href="#[1a7]">&gt;&gt;</a>&nbsp;&nbsp;&nbsp;_btod_d2e
<LI><a href="#[1a6]">&gt;&gt;</a>&nbsp;&nbsp;&nbsp;_btod_etento
<LI><a href="#[1aa]">&gt;&gt;</a>&nbsp;&nbsp;&nbsp;_ll_udiv10
</UL>
<BR>[Called By]<UL><LI><a href="#[4a]">&gt;&gt;</a>&nbsp;&nbsp;&nbsp;_printf_fp_dec_real
</UL>

<P><STRONG><a name="[32]"></a>_printf_input_char</STRONG> (Thumb, 10 bytes, Stack size 0 bytes, _printf_char_common.o(.text))
<BR>[Address Reference Count : 1]<UL><LI> _printf_char_common.o(.text)
</UL><P>
<H3>
Undefined Global Symbols
</H3><HR></body></html>
