<html>
<body>
<pre>
<h1>礦ision Build Log</h1>
<h2>Tool Versions:</h2>
IDE-Version: μVision V5.43.1.0
Copyright (C) 2025 ARM Ltd and ARM Germany GmbH. All rights reserved.
License Information: ee t250.com@163.com, ee, LIC=LSNXV-P19XW-2ZBW4-FRPXB-3NT03-1BAMV
 
Tool Versions:
Toolchain:       MDK-ARM Plus  Version: 5.43.0.0
Toolchain Path:  C:\Keil_v5\ARM\ARMCC\Bin
C Compiler:      Armcc.exe V5.06 update 6 (build 750)
Assembler:       Armasm.exe V5.06 update 6 (build 750)
Linker/Locator:  ArmLink.exe V5.06 update 6 (build 750)
Library Manager: ArmAr.exe V5.06 update 6 (build 750)
Hex Converter:   FromElf.exe V5.06 update 6 (build 750)
CPU DLL:         SARMCM3.DLL V5.43.0.0
Dialog DLL:      DARMP1.DLL V1.28.1.0
Target DLL:      Segger\JL2CM3.dll V2.99.45.0
Dialog DLL:      TARMP1.DLL V1.27.1.0
 
<h2>Project:</h2>
E:\AI_划时代\全电脑_算法PCB\正确资料_算法PCB_CAN协议\MC_LCD - 7Control_V1.2\MC_LCD - 7Control_V1.1.uvproj
Project File Date:  04/10/2026

<h2>Output:</h2>
*** Using Compiler 'V5.06 update 6 (build 750)', folder: 'C:\Keil_v5\ARM\ARMCC\Bin'
Build target 'FLASH'
compiling App_usr.c...
Src\app_lcd.h(64): warning:  #1295-D: Deprecated declaration messageshow - give arg types
   extern void messageshow();
Src\App_usr.c(655): warning:  #223-D: function "Ramp" declared implicitly
  	  	{	   Ramp(1+i ,   0 ,	 0,	0, 50,1)  ;	  
Src\App_usr.c: 2 warnings, 0 errors
linking...
Program Size: Code=79724 RO-data=1308 RW-data=2380 ZI-data=28300  
FromELF: creating hex file...
After Build - User command #1: fromelf.exe --bincombined --bincombined_base=0x000 --bincombined_padding=1,0 --output="E:\AI_划时代\全电脑_算法PCB\正确资料_算法PCB_CAN协议\MC_LCD - 7Control_V1.2\FLASH\MC_LCD - 7Control_V.bin" "E:\AI_划时代\全电脑_算法PCB\正确资料_算法PCB_CAN协议\MC_LCD - 7Control_V1.2\FLASH\MC_LCD - 7Control_V.axf"
".\FLASH\MC_LCD - 7Control_V.axf" - 0 Error(s), 2 Warning(s).
Build Time Elapsed:  00:00:02
</pre>
</body>
</html>
