ARM Linker, 4.1 [Build 481] [Standard]

==============================================================================

Section Cross References

    startup_lpc17xx.o(STACK) refers (Special) to heapauxi.o(.text) for __use_two_region_memory
    startup_lpc17xx.o(HEAP) refers (Special) to heapauxi.o(.text) for __use_two_region_memory
    startup_lpc17xx.o(RESET) refers (Special) to heapauxi.o(.text) for __use_two_region_memory
    startup_lpc17xx.o(RESET) refers to startup_lpc17xx.o(STACK) for __initial_sp
    startup_lpc17xx.o(RESET) refers to startup_lpc17xx.o(.text) for Reset_Handler
    startup_lpc17xx.o(RESET) refers to timer.o(.text) for TIMER0_IRQHandler
    startup_lpc17xx.o(RESET) refers to uart.o(.text) for UART0_IRQHandler
    startup_lpc17xx.o(RESET) refers to pwm.o(.text) for PWM1_IRQHandler
    startup_lpc17xx.o(RESET) refers to i2c.o(.text) for I2C0_IRQHandler
    startup_lpc17xx.o(RESET) refers to adc.o(.text) for ADC_IRQHandler
    startup_lpc17xx.o(RESET) refers to can.o(.text) for CAN_IRQHandler
    startup_lpc17xx.o(.ARM.__at_0x02FC) refers (Special) to heapauxi.o(.text) for __use_two_region_memory
    startup_lpc17xx.o(.text) refers (Special) to heapauxi.o(.text) for __use_two_region_memory
    startup_lpc17xx.o(.text) refers to __main.o(!!!main) for __main
    startup_lpc17xx.o(.text) refers to startup_lpc17xx.o(HEAP) for Heap_Mem
    startup_lpc17xx.o(.text) refers to startup_lpc17xx.o(STACK) for Stack_Mem
    system_lpc17xx.o(.text) refers to system_lpc17xx.o(.data) for SystemFrequency
    app_sys.o(.text) refers to fflt_clz.o(x$fpl$ffltu) for __aeabi_ui2f
    app_sys.o(.text) refers to fdiv.o(x$fpl$fdiv) for __aeabi_fdiv
    app_sys.o(.text) refers to fmul.o(x$fpl$fmul) for __aeabi_fmul
    app_sys.o(.text) refers to ffixu.o(x$fpl$ffixu) for __aeabi_f2uiz
    app_sys.o(.text) refers to dflt_clz.o(x$fpl$dfltu) for __aeabi_ui2d
    app_sys.o(.text) refers to dmul.o(x$fpl$dmul) for __aeabi_dmul
    app_sys.o(.text) refers to dfixu.o(x$fpl$dfixu) for __aeabi_d2uiz
    app_sys.o(.text) refers to app_bus.o(.text) for Sys_Write_WT
    app_sys.o(.text) refers to gpio.o(.text) for WDT_Feed
    app_sys.o(.text) refers to timer.o(.text) for T0_mS_Prog
    app_sys.o(.text) refers to canopen.o(.text) for Can_Rcv_Dly
    app_sys.o(.text) refers to app_io.o(.text) for Key_Led_On
    app_sys.o(.text) refers to pwm.o(.text) for Output_Pwm
    app_sys.o(.text) refers to app_uart.o(.text) for Uart0_DGUS
    app_sys.o(.text) refers to app_sys.o(.data) for gADxChn
    app_sys.o(.text) refers to adc.o(.bss) for ADCRst
    app_sys.o(.text) refers to app_sys.o(.bss) for gADVal
    app_sys.o(.text) refers to timer.o(.data) for gT0Flg
    app_sys.o(.text) refers to app_io.o(.bss) for gTODH
    app_sys.o(.text) refers to canopen.o(.data) for CAN1RxDone
    app_sys.o(.text) refers to uart.o(.data) for gUart0RcvFlg
    app_sys.o(.text) refers to app_uart.o(.data) for gDGUSRtnFlg
    app_sys.o(.text) refers to app_lcd.o(.data) for gLcdFresh
    timer.o(.text) refers to app_io.o(.text) for DI_Scan
    timer.o(.text) refers to timer.o(.data) for gT0Flg
    timer.o(.text) refers to app_uart.o(.data) for gCommOvDly
    timer.o(.text) refers to app_sys.o(.data) for gTimeFlg_10mS
    timer.o(.text) refers to uart.o(.data) for UART0RcvDly
    timer.o(.text) refers to app_lcd.o(.data) for gLcdFresh
    timer.o(.text) refers to app_io.o(.bss) for gTON
    timer.o(.text) refers to app_io.o(.data) for gPIValAdd
    can.o(.text) refers to canopen.o(.text) for Can_ID_Chk
    can.o(.text) refers to canopen.o(.bss) for MsgBuf_RX1
    can.o(.text) refers to canopen.o(.data) for CAN1RxDone
    can.o(.text) refers to can.o(.data) for CAN_BPS
    can.o(.text) refers to app_bus.o(.bss) for gSysInfo
    main.o(.text) refers to system_lpc17xx.o(.text) for SystemInit
    main.o(.text) refers to app_bus.o(.text) for Sys_Param_Init
    main.o(.text) refers to app_io.o(.text) for IO_Init
    main.o(.text) refers to gpio.o(.text) for WDT_Feed
    main.o(.text) refers to pwm.o(.text) for PWM_Init
    main.o(.text) refers to i2c.o(.text) for I2CInit
    main.o(.text) refers to can.o(.text) for CAN_Init
    main.o(.text) refers to timer.o(.text) for init_timer
    main.o(.text) refers to uart.o(.text) for UARTInit
    main.o(.text) refers to canopen.o(.text) for Can1_RcvID_Cfg
    main.o(.text) refers to adc.o(.text) for ADCInit
    main.o(.text) refers to app_dgus.o(.text) for LCD_GO_Page
    main.o(.text) refers to app_usr.o(.text) for ReadRetain_
    main.o(.text) refers to app_uart.o(.text) for Uart1_WL_Rcv
    main.o(.text) refers to app_sys.o(.text) for Sys_Prog_While
    main.o(.text) refers to app_sys.o(.bss) for gPWMx
    main.o(.text) refers to pwm.o(.data) for gPwmCycle
    main.o(.text) refers to app_bus.o(.bss) for gSysInfo
    main.o(.text) refers to timer.o(.data) for gCanCyc
    main.o(.text) refers to app_bus.o(.data) for gID
    main.o(.text) refers to app_lcd.o(.text) for Disp_main
[...]
    CanOpen_Prog                             0x00003a7f   Thumb Code   486  canopen.o(.text)
    Can_Send_Prog                            0x00003c65   Thumb Code   212  canopen.o(.text)
    Can_Prog_Rcv                             0x00003d39   Thumb Code   278  canopen.o(.text)
    CAN1_Get_Data                            0x00003e4f   Thumb Code   216  canopen.o(.text)
    CAN1_Get_Data_Buf                        0x00003f27   Thumb Code   248  canopen.o(.text)
    CAN2_Get_Data                            0x0000401f   Thumb Code   274  canopen.o(.text)
    CAN2_Get_Data_Buf                        0x00004131   Thumb Code   266  canopen.o(.text)
    ADC_IRQHandler                           0x00004249   Thumb Code   824  adc.o(.text)
    ADCInit                                  0x00004581   Thumb Code   156  adc.o(.text)
    ADC_StartCnv                             0x0000461d   Thumb Code    80  adc.o(.text)
    ADC_StopCnv                              0x0000466d   Thumb Code    14  adc.o(.text)
    ADC0Read                                 0x0000467b   Thumb Code    38  adc.o(.text)
    ADCBurstRead                             0x000046a1   Thumb Code    56  adc.o(.text)
    ADC_Bessel                               0x000046d9   Thumb Code  2608  adc.o(.text)
    DAC_Init                                 0x00005109   Thumb Code    46  adc.o(.text)
    DAC_SetV                                 0x00005137   Thumb Code    24  adc.o(.text)
    GPIOInit                                 0x00005195   Thumb Code   132  gpio.o(.text)
    WDT_Init                                 0x00005219   Thumb Code    24  gpio.o(.text)
    WDT_Feed                                 0x00005231   Thumb Code    46  gpio.o(.text)
    TST_Feed                                 0x0000525f   Thumb Code    38  gpio.o(.text)
    I2C0_IRQHandler                          0x0000528d   Thumb Code   418  i2c.o(.text)
    I2CStart                                 0x0000542f   Thumb Code    44  i2c.o(.text)
    I2CStop                                  0x0000545b   Thumb Code    36  i2c.o(.text)
    I2CInit                                  0x0000547f   Thumb Code   100  i2c.o(.text)
    I2CEngine                                0x000054e3   Thumb Code    66  i2c.o(.text)
    UART0_IRQHandler                         0x0000555d   Thumb Code   192  uart.o(.text)
    UART1_IRQHandler                         0x0000561d   Thumb Code   186  uart.o(.text)
    UARTInit                                 0x000056d7   Thumb Code   296  uart.o(.text)
    UARTSend                                 0x000057ff   Thumb Code   104  uart.o(.text)
    TONx                                     0x000058cd   Thumb Code    98  app_io.o(.text)
    TOFx                                     0x0000592f   Thumb Code   114  app_io.o(.text)
    TODx_H                                   0x000059a1   Thumb Code    94  app_io.o(.text)
    TODx_L                                   0x000059ff   Thumb Code    96  app_io.o(.text)
    DStrToInt                                0x00005a5f   Thumb Code    54  app_io.o(.text)
    HStrToInt                                0x00005a95   Thumb Code    80  app_io.o(.text)
    HBCDtoHStr                               0x00005ae5   Thumb Code   102  app_io.o(.text)
    IO_Init                                  0x00005b4b   Thumb Code   284  app_io.o(.text)
    Key_Scan                                 0x00005c67   Thumb Code   270  app_io.o(.text)
    Key_Led_On                               0x00005d75   Thumb Code   112  app_io.o(.text)
    DI_Scan                                  0x00005de5   Thumb Code   612  app_io.o(.text)
    PWMx_Set                                 0x00006049   Thumb Code    76  app_io.o(.text)
    DOx_Set                                  0x00006095   Thumb Code   216  app_io.o(.text)
    DOx_IntSet                               0x0000616d   Thumb Code   146  app_io.o(.text)
    DOxx_Set_All                             0x000061ff   Thumb Code   186  app_io.o(.text)
    Delay                                    0x000062c9   Thumb Code    24  app_bus.o(.text)
    BCD2HEX                                  0x000062e1   Thumb Code    22  app_bus.o(.text)
    bbcd                                     0x000062f7   Thumb Code    32  app_bus.o(.text)
    I2C_Read_B                               0x00006317   Thumb Code    84  app_bus.o(.text)
    I2C_Write_B                              0x0000636b   Thumb Code    86  app_bus.o(.text)
    I2C_Read_N                               0x000063c1   Thumb Code   108  app_bus.o(.text)
    I2C_Write_N                              0x0000642d   Thumb Code   156  app_bus.o(.text)
    ReadRTC_ST                               0x000064c9   Thumb Code    52  app_bus.o(.text)
    ReadRTC                                  0x000064fd   Thumb Code   156  app_bus.o(.text)
    WriteRTC                                 0x00006599   Thumb Code   646  app_bus.o(.text)
    x12027_chk                               0x0000681f   Thumb Code   140  app_bus.o(.text)
    AT24_Read_Str                            0x000068ab   Thumb Code    34  app_bus.o(.text)
    AT24_Write_Page                          0x000068cd   Thumb Code    64  app_bus.o(.text)
    AT24_Read_ULong                          0x0000690d   Thumb Code    72  app_bus.o(.text)
    AT24_Write_ULong                         0x00006955   Thumb Code    90  app_bus.o(.text)
    Sys_Param_Init                           0x000069af   Thumb Code    98  app_bus.o(.text)
    Sys_Save_Info                            0x00006a11   Thumb Code   160  app_bus.o(.text)
    Sys_Read_Info                            0x00006ab1   Thumb Code   424  app_bus.o(.text)
    WT_Patam_Init                            0x00006c59   Thumb Code    40  app_bus.o(.text)
    Sys_Write_WT                             0x00006c81   Thumb Code   378  app_bus.o(.text)
    Sys_Read_WT                              0x00006dfb   Thumb Code   746  app_bus.o(.text)
    BD_Patam_Init                            0x000070e5   Thumb Code    38  app_bus.o(.text)
    Sys_Write_BD                             0x0000710b   Thumb Code   162  app_bus.o(.text)
    Sys_Read_BD                              0x000071ad   Thumb Code   340  app_bus.o(.text)
    BD2_Patam_Init                           0x00007301   Thumb Code   172  app_bus.o(.text)
    Sys_Write_BD2                            0x000073ad   Thumb Code   232  app_bus.o(.text)
    Sys_Read_BD2                             0x00007495   Thumb Code   336  app_bus.o(.text)
    PWM1_IRQHandler                          0x000075f9   Thumb Code    32  pwm.o(.text)
    PWM_Init                                 0x00007619   Thumb Code     6  pwm.o(.text)
    PWM_SetX                                 0x0000761f   Thumb Code     2  pwm.o(.text)
    PWM_SetX_mV                              0x00007621   Thumb Code     2  pwm.o(.text)
    PWM_Set                                  0x00007623   Thumb Code     2  pwm.o(.text)
    PWM_Start                                0x00007625   Thumb Code     2  pwm.o(.text)
    PWM_Stop                                 0x00007627   Thumb Code     2  pwm.o(.text)
    Output_Pwm                               0x00007629   Thumb Code     4  pwm.o(.text)
    LCD_Hands                                0x00007635   Thumb Code   128  app_dgus.o(.text)
    LCD_CLR_SCR                              0x000076b5   Thumb Code   128  app_dgus.o(.text)
    LCD_SET_BL                               0x00007735   Thumb Code   160  app_dgus.o(.text)
    LCD_Disp_PIC                             0x000077d5   Thumb Code   166  app_dgus.o(.text)
    LCD_Set_Color                            0x0000787b   Thumb Code   240  app_dgus.o(.text)
    LCD_Set_FontDis                          0x0000796b   Thumb Code   198  app_dgus.o(.text)
    LCD_Get_Color                            0x00007a31   Thumb Code   206  app_dgus.o(.text)
    LCD_Set_Cursor                           0x00007aff   Thumb Code   276  app_dgus.o(.text)
    LCD_Disp_Point                           0x00007c13   Thumb Code   204  app_dgus.o(.text)
    LCD_Disp_Line                            0x00007cdf   Thumb Code   278  app_dgus.o(.text)
    LCD_Disp_Rect                            0x00007df5   Thumb Code   304  app_dgus.o(.text)
    LCD_Disp_Cyc                             0x00007f25   Thumb Code   246  app_dgus.o(.text)
    LCD_Disp_Arc                             0x0000801b   Thumb Code   314  app_dgus.o(.text)
    LCD_Disp_Txt                             0x00008155   Thumb Code   260  app_dgus.o(.text)
    LCD_Disp_Int                             0x00008259   Thumb Code    64  app_dgus.o(.text)
    LCD_Disp_Intx                            0x00008299   Thumb Code    86  app_dgus.o(.text)
    LCD_Disp_Float                           0x000082ef   Thumb Code    74  app_dgus.o(.text)
    LCD_Disp_Floatx                          0x00008339   Thumb Code    94  app_dgus.o(.text)
    LCD_Disp_FloatPX                         0x00008397   Thumb Code   206  app_dgus.o(.text)
    LCD_GO_Page                              0x00008465   Thumb Code   138  app_dgus.o(.text)
    LCD_GO_MPage                             0x000084ef   Thumb Code   142  app_dgus.o(.text)
    LCD_Set_KeyV                             0x0000857d   Thumb Code   122  app_dgus.o(.text)
    LCD_Get_Page                             0x000085f7   Thumb Code   196  app_dgus.o(.text)
    LCD_WR_Data2B                            0x000086bb   Thumb Code   156  app_dgus.o(.text)
    LCD_WR_Data4B                            0x00008757   Thumb Code   194  app_dgus.o(.text)
    LCD_Rd_Data                              0x00008819   Thumb Code   140  app_dgus.o(.text)
    LCD_WR_TxtByte                           0x000088a5   Thumb Code   168  app_dgus.o(.text)
    LCD_WR_Str                               0x0000894d   Thumb Code   204  app_dgus.o(.text)
    LCD_WR_QuXian                            0x00008a19   Thumb Code   212  app_dgus.o(.text)
    LCD_Draw_Clr                             0x00008aed   Thumb Code   310  app_dgus.o(.text)
    LCD_Draw_Point                           0x00008c23   Thumb Code   324  app_dgus.o(.text)
    LCD_Draw_Line                            0x00008d67   Thumb Code   406  app_dgus.o(.text)
    LCD_Draw_Rect                            0x00008efd   Thumb Code   396  app_dgus.o(.text)
    LCD_Full_Rect                            0x00009089   Thumb Code   396  app_dgus.o(.text)
    LCD_Draw_Cycle                           0x00009215   Thumb Code   372  app_dgus.o(.text)
    LCD_Cut_PICRect                          0x00009389   Thumb Code   468  app_dgus.o(.text)
    LCD_Disp_ICON                            0x0000955d   Thumb Code   324  app_dgus.o(.text)
    Uart1_WL_Rcv                             0x000096a9   Thumb Code   236  app_uart.o(.text)
    Uart1_WL_Send                            0x00009795   Thumb Code   182  app_uart.o(.text)
    DGUS_GetData                             0x0000984b   Thumb Code    28  app_uart.o(.text)
    Uart0_DGUS                               0x00009867   Thumb Code   452  app_uart.o(.text)
    DI_Byte_DO                               0x00009a65   Thumb Code   472  app_usr.o(.text)
    CAN_receive_data                         0x00009c3d   Thumb Code  1682  app_usr.o(.text)
    CAN_Send_data                            0x0000a2cf   Thumb Code  1100  app_usr.o(.text)
    work_logic                               0x0000a71b   Thumb Code   298  app_usr.o(.text)
    MyLogic_10ms                             0x0000a845   Thumb Code    96  app_usr.o(.text)
    MyLogic_1ms                              0x0000a8a5   Thumb Code   296  app_usr.o(.text)
    SaveRetain_                              0x0000a9cd   Thumb Code    20  app_usr.o(.text)
    ReadRetain_                              0x0000a9e1   Thumb Code    16  app_usr.o(.text)
    led_option                               0x0000a9f1   Thumb Code   230  app_usr.o(.text)
    DATA_INPUT                               0x0000ab21   Thumb Code  3220  app_lcd.o(.text)
    keyset                                   0x0000b7b5   Thumb Code   104  app_lcd.o(.text)
    keyoldset                                0x0000b81d   Thumb Code    22  app_lcd.o(.text)
    Disp_Start                               0x0000b833   Thumb Code    46  app_lcd.o(.text)
    qiangzhi_work_Frame                      0x0000b861   Thumb Code    98  app_lcd.o(.text)
    Static_work_Frame                        0x0000b8c3   Thumb Code   276  app_lcd.o(.text)
    snj_Frame                                0x0000b9d7   Thumb Code  1022  app_lcd.o(.text)
    password_200                             0x0000bdd5   Thumb Code  1400  app_lcd.o(.text)
    IOFrame_YJ                               0x0000c34d   Thumb Code   204  app_lcd.o(.text)
    IOFrame_IN1                              0x0000c419   Thumb Code   852  app_lcd.o(.text)
    Curve_N                                  0x0000c76d   Thumb Code   892  app_lcd.o(.text)
    mainFrame                                0x0000cae9   Thumb Code  1706  app_lcd.o(.text)
    Disp_main                                0x0000d193   Thumb Code   136  app_lcd.o(.text)
    IOFrame_OUT                              0x0000d21b   Thumb Code   410  app_lcd.o(.text)
    __2sprintf                               0x0000d3c5   Thumb Code    34  noretval__2sprintf.o(.text)
    _printf_pre_padding                      0x0000d3ed   Thumb Code    44  _printf_pad.o(.text)
    _printf_post_padding                     0x0000d419   Thumb Code    36  _printf_pad.o(.text)
    _printf_int_dec                          0x0000d43d   Thumb Code    98  _printf_dec.o(.text)
    __printf                                 0x0000d4b1   Thumb Code   286  __printf_wp.o(.text)
    strlen                                   0x0000d5cf   Thumb Code    62  strlen.o(.text)
    __aeabi_memcpy                           0x0000d60d   Thumb Code     0  rt_memcpy_v6.o(.text)
    __rt_memcpy                              0x0000d60d   Thumb Code   138  rt_memcpy_v6.o(.text)
    _memcpy_lastbytes                        0x0000d673   Thumb Code     0  rt_memcpy_v6.o(.text)
    __aeabi_memcpy4                          0x0000d697   Thumb Code     0  rt_memcpy_w.o(.text)
    __aeabi_memcpy8                          0x0000d697   Thumb Code     0  rt_memcpy_w.o(.text)
    __rt_memcpy_w                            0x0000d697   Thumb Code   100  rt_memcpy_w.o(.text)
    _memcpy_lastbytes_aligned                0x0000d6df   Thumb Code     0  rt_memcpy_w.o(.text)
    __use_two_region_memory                  0x0000d6fb   Thumb Code     2  heapauxi.o(.text)
    __rt_heap_escrow$2region                 0x0000d6fd   Thumb Code     2  heapauxi.o(.text)
    __rt_heap_expand$2region                 0x0000d6ff   Thumb Code     2  heapauxi.o(.text)
    _printf_int_common                       0x0000d701   Thumb Code   180  _printf_intcommon.o(.text)
    __lib_sel_fp_printf                      0x0000d7b5   Thumb Code     2  _printf_fp_dec.o(.text)
    _printf_fp_dec_real                      0x0000d95b   Thumb Code   616  _printf_fp_dec.o(.text)
    _printf_char_common                      0x0000dbcf   Thumb Code    32  _printf_char_common.o(.text)
    _sputc                                   0x0000dbf5   Thumb Code    10  _sputc.o(.text)
    __rt_udiv10                              0x0000dbff   Thumb Code    16  rtudiv10.o(.text)
    __rt_locale                              0x0000dc11   Thumb Code    12  rt_locale_intlibspace.o(.text)
    _ll_udiv10                               0x0000dc1d   Thumb Code   138  lludiv10.o(.text)
    _printf_fp_infnan                        0x0000dca9   Thumb Code   108  _printf_fp_infnan.o(.text)
    _btod_etento                             0x0000dd25   Thumb Code   230  bigflt0.o(.text)
    __user_libspace                          0x0000de11   Thumb Code     8  libspace.o(.text)
    __user_perproc_libspace                  0x0000de11   Thumb Code     0  libspace.o(.text)
    __user_perthread_libspace                0x0000de11   Thumb Code     0  libspace.o(.text)
    __user_setup_stackheap                   0x0000de19   Thumb Code    74  sys_stackheap_outer.o(.text)
    exit                                     0x0000de63   Thumb Code    12  exit.o(.text)
    strcmp                                   0x0000de71   Thumb Code   128  strcmpv7m.o(.text)
    __rt_fp_status_addr                      0x0000def1   Thumb Code    12  rt_fp_status_addr_intlibspace.o(.text)
    _sys_exit                                0x0000defd   Thumb Code     8  sys_exit.o(.text)
    __I$use$semihosting                      0x0000df09   Thumb Code     0  use_no_semi.o(.text)
    __use_no_semihosting_swi                 0x0000df09   Thumb Code     2  use_no_semi.o(.text)
    _btod_d2e                                0x0000df0b   Thumb Code    62  btod.o(CL$$btod_d2e)
    _d2e_denorm_low                          0x0000df49   Thumb Code    70  btod.o(CL$$btod_d2e_denorm_low)
    _d2e_norm_op1                            0x0000df8f   Thumb Code    96  btod.o(CL$$btod_d2e_norm_op1)
    __btod_div_common                        0x0000dfef   Thumb Code   696  btod.o(CL$$btod_div_common)
    _e2e                                     0x0000e327   Thumb Code   198  btod.o(CL$$btod_e2e)
    _btod_ediv                               0x0000e3ed   Thumb Code    40  btod.o(CL$$btod_ediv)
    _btod_emul                               0x0000e415   Thumb Code    40  btod.o(CL$$btod_emul)
    __btod_mult_common                       0x0000e43d   Thumb Code   580  btod.o(CL$$btod_mult_common)
    __ARM_fpclassify                         0x0000e681   Thumb Code    40  fpclassify.o(i.__ARM_fpclassify)
    _get_lc_numeric                          0x0000e6a9   Thumb Code    44  lc_numeric_c.o(locale$$code)
    __aeabi_d2f                              0x0000e6d5   Thumb Code     0  d2f.o(x$fpl$d2f)
    _d2f                                     0x0000e6d5   Thumb Code    98  d2f.o(x$fpl$d2f)
    __aeabi_dadd                             0x0000e739   Thumb Code     0  daddsub_clz.o(x$fpl$dadd)
    _dadd                                    0x0000e739   Thumb Code   328  daddsub_clz.o(x$fpl$dadd)
    __fpl_dcmp_Inf                           0x0000e885   Thumb Code    24  dcmpi.o(x$fpl$dcmpinf)
    __aeabi_ddiv                             0x0000e89d   Thumb Code     0  ddiv.o(x$fpl$ddiv)
    _ddiv                                    0x0000e89d   Thumb Code   552  ddiv.o(x$fpl$ddiv)
    __aeabi_d2uiz                            0x0000eb4d   Thumb Code     0  dfixu.o(x$fpl$dfixu)
    _dfixu                                   0x0000eb4d   Thumb Code    90  dfixu.o(x$fpl$dfixu)
    __aeabi_ui2d                             0x0000eba7   Thumb Code     0  dflt_clz.o(x$fpl$dfltu)
    _dfltu                                   0x0000eba7   Thumb Code    38  dflt_clz.o(x$fpl$dfltu)
    __aeabi_cdcmple                          0x0000ebcd   Thumb Code     0  dleqf.o(x$fpl$dleqf)
    _dcmple                                  0x0000ebcd   Thumb Code   120  dleqf.o(x$fpl$dleqf)
    __fpl_dcmple_InfNaN                      0x0000ec2f   Thumb Code     0  dleqf.o(x$fpl$dleqf)
    __aeabi_dmul                             0x0000ec45   Thumb Code     0  dmul.o(x$fpl$dmul)
    _dmul                                    0x0000ec45   Thumb Code   332  dmul.o(x$fpl$dmul)
    __fpl_dnaninf                            0x0000ed99   Thumb Code   156  dnaninf.o(x$fpl$dnaninf)
    __fpl_dretinf                            0x0000ee35   Thumb Code    12  dretinf.o(x$fpl$dretinf)
    __aeabi_dsub                             0x0000ee41   Thumb Code     0  daddsub_clz.o(x$fpl$dsub)
    _dsub                                    0x0000ee41   Thumb Code   464  daddsub_clz.o(x$fpl$dsub)
    __aeabi_f2d                              0x0000f015   Thumb Code     0  f2d.o(x$fpl$f2d)
    _f2d                                     0x0000f015   Thumb Code    86  f2d.o(x$fpl$f2d)
    __aeabi_fadd                             0x0000f06d   Thumb Code     0  faddsub_clz.o(x$fpl$fadd)
    _fadd                                    0x0000f06d   Thumb Code   196  faddsub_clz.o(x$fpl$fadd)
    __fpl_fcmp_Inf                           0x0000f131   Thumb Code    24  fcmpi.o(x$fpl$fcmpinf)
    __aeabi_fdiv                             0x0000f149   Thumb Code     0  fdiv.o(x$fpl$fdiv)
    _fdiv                                    0x0000f149   Thumb Code   384  fdiv.o(x$fpl$fdiv)
    __aeabi_cfcmpeq                          0x0000f2cd   Thumb Code     0  feqf.o(x$fpl$feqf)
    _fcmpeq                                  0x0000f2cd   Thumb Code   104  feqf.o(x$fpl$feqf)
    __aeabi_f2iz                             0x0000f335   Thumb Code     0  ffix.o(x$fpl$ffix)
    _ffix                                    0x0000f335   Thumb Code    54  ffix.o(x$fpl$ffix)
    __aeabi_f2uiz                            0x0000f36d   Thumb Code     0  ffixu.o(x$fpl$ffixu)
    _ffixu                                   0x0000f36d   Thumb Code    62  ffixu.o(x$fpl$ffixu)
    __aeabi_i2f                              0x0000f3ad   Thumb Code     0  fflt_clz.o(x$fpl$fflt)
    _fflt                                    0x0000f3ad   Thumb Code    48  fflt_clz.o(x$fpl$fflt)
    __aeabi_ui2f                             0x0000f3dd   Thumb Code     0  fflt_clz.o(x$fpl$ffltu)
    _ffltu                                   0x0000f3dd   Thumb Code    38  fflt_clz.o(x$fpl$ffltu)
    __aeabi_cfcmple                          0x0000f405   Thumb Code     0  fleqf.o(x$fpl$fleqf)
    _fcmple                                  0x0000f405   Thumb Code   104  fleqf.o(x$fpl$fleqf)
    __fpl_fcmple_InfNaN                      0x0000f457   Thumb Code     0  fleqf.o(x$fpl$fleqf)
    __aeabi_fmul                             0x0000f46d   Thumb Code     0  fmul.o(x$fpl$fmul)
    _fmul                                    0x0000f46d   Thumb Code   258  fmul.o(x$fpl$fmul)
    __fpl_fnaninf                            0x0000f56f   Thumb Code   140  fnaninf.o(x$fpl$fnaninf)
    _fp_init                                 0x0000f5fb   Thumb Code    14  fpinit.o(x$fpl$fpinit)
    __fplib_config_pureend_doubles           0x0000f607   Thumb Code     0  fpinit.o(x$fpl$fpinit)
    __fpl_fretinf                            0x0000f609   Thumb Code    10  fretinf.o(x$fpl$fretinf)
    __aeabi_cfrcmple                         0x0000f613   Thumb Code     0  frleqf.o(x$fpl$frleqf)
    _frcmple                                 0x0000f613   Thumb Code    98  frleqf.o(x$fpl$frleqf)
    __aeabi_fsub                             0x0000f675   Thumb Code     0  faddsub_clz.o(x$fpl$fsub)
    _fsub                                    0x0000f675   Thumb Code   234  faddsub_clz.o(x$fpl$fsub)
    _printf_fp_dec                           0x0000f75f   Thumb Code     4  printf1.o(x$fpl$printf1)
    Warrn_together                           0x0000f762   Data         714  app_lcd.o(.constdata)
    __I$use$fp                               0x0000f763   Thumb Code     0  usenofp.o(x$fpl$usenofp)
    Region$$Table$$Base                      0x0000fac0   Number         0  anon$$obj.o(Region$$Table)
    Region$$Table$$Limit                     0x0000fae0   Number         0  anon$$obj.o(Region$$Table)
    SystemFrequency                          0x10000000   Data           4  system_lpc17xx.o(.data)
    gTimeFlg_1mS                             0x10000004   Data           4  app_sys.o(.data)
    gTimeFlg_10mS                            0x10000008   Data           4  app_sys.o(.data)
    gTimeFlg_1000mS                          0x1000000c   Data           4  app_sys.o(.data)
    gSaveFlg                                 0x10000010   Data           1  app_sys.o(.data)
    gADxChn                                  0x10000011   Data          16  app_sys.o(.data)
    gMARcv                                   0x10000024   Data           4  app_sys.o(.data)
    gAOVal                                   0x10000028   Data           4  app_sys.o(.data)
    timer0_counter                           0x10000030   Data           4  timer.o(.data)
    timer0_counter2                          0x10000034   Data           4  timer.o(.data)
    timer1_counter                           0x10000038   Data           4  timer.o(.data)
    gT0CanCnt                                0x1000003c   Data           4  timer.o(.data)
    gCanSFlg                                 0x10000040   Data           1  timer.o(.data)
    gT0Flg                                   0x10000041   Data           1  timer.o(.data)
    gT010msFlg                               0x10000042   Data           1  timer.o(.data)
    gCanCyc                                  0x10000044   Data           2  timer.o(.data)
    gCan2Cyc                                 0x10000046   Data           2  timer.o(.data)
    gT0SCnt                                  0x10000048   Data           2  timer.o(.data)
    gT0SFlg                                  0x1000004a   Data           1  timer.o(.data)
    gT0500mSFlg                              0x1000004b   Data           1  timer.o(.data)
    gLCDCnt                                  0x1000004c   Data           2  timer.o(.data)
    gLCDFlg                                  0x1000004e   Data           1  timer.o(.data)
    gT1Cnt                                   0x10000050   Data           4  timer.o(.data)
    gT1PWM                                   0x10000054   Data           4  timer.o(.data)
    gPWMXPre                                 0x10000059   Data           6  timer.o(.data)
    gPWMXChn                                 0x1000005f   Data           6  timer.o(.data)
    gPWMXEn                                  0x10000065   Data           6  timer.o(.data)
    CAN_BPS                                  0x1000006c   Data          12  can.o(.data)
    gCanRIDSite                              0x10000078   Data           4  can.o(.data)
    CAN1RxCount                              0x1000007c   Data           4  can.o(.data)
    CAN2RxCount                              0x10000080   Data           4  can.o(.data)
    CAN1ErrCount                             0x10000084   Data           4  can.o(.data)
    CAN2ErrCount                             0x10000088   Data           4  can.o(.data)
    gCANReInitFlg                            0x1000008c   Data           1  can.o(.data)
    gCan2InitFlg                             0x1000008d   Data           1  can.o(.data)
    gCanSta0                                 0x10000090   Data           4  can.o(.data)
    gCanSta1                                 0x10000094   Data           4  can.o(.data)
    gCanSta0_2                               0x10000098   Data           4  can.o(.data)
    gCanSta1_2                               0x1000009c   Data           4  can.o(.data)
    CANStatus                                0x100000a0   Data           4  can.o(.data)
    gSysStatus                               0x100000a4   Data           4  canopen.o(.data)
    gCanOpenFlag                             0x100000a8   Data           1  canopen.o(.data)
    gCanOutTst                               0x100000a9   Data           1  canopen.o(.data)
    gCanDOTstV                               0x100000ac   Data           4  canopen.o(.data)
    CAN1_RBuf                                0x100000b0   Data           8  canopen.o(.data)
    CAN2_RBuf                                0x100000b8   Data           8  canopen.o(.data)
    CAN_RBuf0                                0x100000c0   Data           8  canopen.o(.data)
    CAN_RBuf1                                0x100000c8   Data           8  canopen.o(.data)
    CAN_RBuf2                                0x100000d0   Data           8  canopen.o(.data)
    CAN_RBuf3                                0x100000d8   Data           8  canopen.o(.data)
    CAN_SBuf0                                0x100000e0   Data           8  canopen.o(.data)
    CAN_SBuf1                                0x100000e8   Data           8  canopen.o(.data)
    CAN_SBuf2                                0x100000f0   Data           8  canopen.o(.data)
    CAN_SBuf3                                0x100000f8   Data           8  canopen.o(.data)
    CAN_SBuf4                                0x10000100   Data           8  canopen.o(.data)
    gCanRID0                                 0x10000108   Data           4  canopen.o(.data)
    gCanRID1                                 0x1000010c   Data           4  canopen.o(.data)
    gCanRID2                                 0x10000110   Data           4  canopen.o(.data)
    gCanRID3                                 0x10000114   Data           4  canopen.o(.data)
    gCanRFlg                                 0x10000118   Data           4  canopen.o(.data)
    gCanOvDly                                0x10000120   Data           4  canopen.o(.data)
    CAN1RxDone                               0x10000124   Data           4  canopen.o(.data)
    CAN2RxDone                               0x10000128   Data           4  canopen.o(.data)
    ADC0IntDone                              0x1000012c   Data           4  adc.o(.data)
    stAdChn                                  0x10000130   Data           4  adc.o(.data)
    gXYSel                                   0x10000134   Data           1  adc.o(.data)
    gADConvFlg                               0x10000138   Data           4  adc.o(.data)
    X000                                     0x10000142   Data           2  adc.o(.data)
    X001                                     0x10000144   Data           2  adc.o(.data)
    X002                                     0x10000146   Data           2  adc.o(.data)
    X003                                     0x10000148   Data           2  adc.o(.data)
    X004                                     0x1000014a   Data           2  adc.o(.data)
    X005                                     0x1000014c   Data           2  adc.o(.data)
    X006                                     0x1000014e   Data           2  adc.o(.data)
    X007                                     0x10000150   Data           2  adc.o(.data)
    X100                                     0x10000152   Data           2  adc.o(.data)
    X101                                     0x10000154   Data           2  adc.o(.data)
    X102                                     0x10000156   Data           2  adc.o(.data)
    X103                                     0x10000158   Data           2  adc.o(.data)
    X104                                     0x1000015a   Data           2  adc.o(.data)
    X105                                     0x1000015c   Data           2  adc.o(.data)
    X106                                     0x1000015e   Data           2  adc.o(.data)
    X107                                     0x10000160   Data           2  adc.o(.data)
    X200                                     0x10000162   Data           2  adc.o(.data)
    X201                                     0x10000164   Data           2  adc.o(.data)
    X202                                     0x10000166   Data           2  adc.o(.data)
    X203                                     0x10000168   Data           2  adc.o(.data)
    X204                                     0x1000016a   Data           2  adc.o(.data)
    X205                                     0x1000016c   Data           2  adc.o(.data)
    X206                                     0x1000016e   Data           2  adc.o(.data)
    X207                                     0x10000170   Data           2  adc.o(.data)
    Y100                                     0x10000172   Data           2  adc.o(.data)
    Y101                                     0x10000174   Data           2  adc.o(.data)
    Y102                                     0x10000176   Data           2  adc.o(.data)
    Y103                                     0x10000178   Data           2  adc.o(.data)
    Y104                                     0x1000017a   Data           2  adc.o(.data)
    Y105                                     0x1000017c   Data           2  adc.o(.data)
    Y106                                     0x1000017e   Data           2  adc.o(.data)
    Y107                                     0x10000180   Data           2  adc.o(.data)
    Y200                                     0x10000182   Data           2  adc.o(.data)
    Y201                                     0x10000184   Data           2  adc.o(.data)
    Y202                                     0x10000186   Data           2  adc.o(.data)
    Y203                                     0x10000188   Data           2  adc.o(.data)
    Y204                                     0x1000018a   Data           2  adc.o(.data)
    Y205                                     0x1000018c   Data           2  adc.o(.data)
    Y206                                     0x1000018e   Data           2  adc.o(.data)
    Y207                                     0x10000190   Data           2  adc.o(.data)
    gDIValue                                 0x10000194   Data           4  gpio.o(.data)
    I2CMasterState                           0x1000019c   Data           4  i2c.o(.data)
    I2CSlaveState                            0x100001a0   Data           4  i2c.o(.data)
    I2CCount                                 0x100001a4   Data           4  i2c.o(.data)
    RdIndex                                  0x100001a8   Data           4  i2c.o(.data)
    WrIndex                                  0x100001ac   Data           4  i2c.o(.data)
    gIICErrS                                 0x100001b0   Data           4  i2c.o(.data)
    gIICErrE                                 0x100001b4   Data           4  i2c.o(.data)
    gIICSLen                                 0x100001b8   Data           2  i2c.o(.data)
    I2CCmd                                   0x100001bc   Data           4  i2c.o(.data)
    I2CMode                                  0x100001c0   Data           4  i2c.o(.data)
    I2CReadLength                            0x100001c4   Data           4  i2c.o(.data)
    I2CWriteLength                           0x100001c8   Data           4  i2c.o(.data)
    UART0TxEmpty                             0x100001cc   Data           1  uart.o(.data)
    UART1TxEmpty                             0x100001cd   Data           1  uart.o(.data)
    UART0Count                               0x100001d0   Data           4  uart.o(.data)
    UART1Count                               0x100001d4   Data           4  uart.o(.data)
    UART0RcvDly                              0x100001d8   Data           4  uart.o(.data)
    UART1RcvDly                              0x100001dc   Data           4  uart.o(.data)
    gUart0RcvFlg                             0x100001e0   Data           4  uart.o(.data)
    gUart1RcvFlg                             0x100001e4   Data           4  uart.o(.data)
    UART0Status                              0x100001e8   Data           4  uart.o(.data)
    UART1Status                              0x100001ec   Data           4  uart.o(.data)
    gKeyValue                                0x100001f0   Data           4  app_io.o(.data)
    gKeyValueXY                              0x100001f4   Data           4  app_io.o(.data)
    gKeyValue0                               0x100001f8   Data           4  app_io.o(.data)
    gDIBitV                                  0x100001fc   Data           4  app_io.o(.data)
    gPIVal                                   0x10000200   Data           4  app_io.o(.data)
    gPIValAdd                                0x10000204   Data           4  app_io.o(.data)
    gDOPNum                                  0x10000208   Data           1  app_io.o(.data)
    gXNLeft                                  0x10000209   Data           1  app_io.o(.data)
    gXNRight                                 0x1000020a   Data           1  app_io.o(.data)
    gKeyScanTable                            0x1000020b   Data          24  app_io.o(.data)
    gKeyLedTable                             0x10000223   Data          24  app_io.o(.data)
    gDIScanTable                             0x1000023b   Data          48  app_io.o(.data)
    gDOSetTable                              0x1000026b   Data          40  app_io.o(.data)
    gPWM_DO_Tab                              0x10000293   Data          12  app_io.o(.data)
    gDOBitV                                  0x1000029f   Data           8  app_io.o(.data)
    x_year                                   0x100002a8   Data           1  app_bus.o(.data)
    x_month                                  0x100002a9   Data           1  app_bus.o(.data)
    x_day                                    0x100002aa   Data           1  app_bus.o(.data)
    x_hour                                   0x100002ab   Data           1  app_bus.o(.data)
    x_minute                                 0x100002ac   Data           1  app_bus.o(.data)
    x_second                                 0x100002ad   Data           1  app_bus.o(.data)
    x_y2k                                    0x100002ae   Data           1  app_bus.o(.data)
    x_week                                   0x100002af   Data           1  app_bus.o(.data)
    x12026_st                                0x100002b0   Data           1  app_bus.o(.data)
    gID                                      0x100002b1   Data           1  app_bus.o(.data)
    gID2                                     0x100002b2   Data           1  app_bus.o(.data)
    gSSite                                   0x100002b4   Data           4  app_bus.o(.data)
    gLenE                                    0x100002b8   Data           4  app_bus.o(.data)
    gChkE                                    0x100002bc   Data           2  app_bus.o(.data)
    lpFlg                                    0x100002be   Data           1  app_bus.o(.data)
    gk                                       0x100002bf   Data           1  app_bus.o(.data)
    gWkTimeSave                              0x100002c0   Data           1  app_bus.o(.data)
    gSysTime                                 0x100002c1   Data           8  app_bus.o(.data)
    gSysTime0                                0x100002c9   Data           8  app_bus.o(.data)
    pL                                       0x100002d4   Data           4  app_bus.o(.data)
    pwm_pclk                                 0x100002d8   Data           4  pwm.o(.data)
    gPwmCycle                                0x100002dc   Data           4  pwm.o(.data)
    match_counter1                           0x100002e0   Data           4  pwm.o(.data)
    pwm_pclkdiv                              0x100002e4   Data           4  pwm.o(.data)
    gLCDSLen                                 0x100002e8   Data           1  app_dgus.o(.data)
    gLCDRLen                                 0x100002e9   Data           1  app_dgus.o(.data)
    gDGUSSndCmd                              0x100002ec   Data           4  app_uart.o(.data)
    gDGUSSndAddr                             0x100002f0   Data           4  app_uart.o(.data)
    gDGUSSndLen                              0x100002f4   Data           4  app_uart.o(.data)
    gDGUSRtnCmd                              0x100002f8   Data           4  app_uart.o(.data)
    gDGUSRtnAddr                             0x100002fc   Data           4  app_uart.o(.data)
    gDGUSRtnLen                              0x10000300   Data           4  app_uart.o(.data)
    gDGUSRtnData                             0x10000304   Data           4  app_uart.o(.data)
    gDGUSRtnFlg                              0x10000308   Data           1  app_uart.o(.data)
    gWLRcvOk                                 0x1000030c   Data           4  app_uart.o(.data)
    gWLDType                                 0x10000310   Data           1  app_uart.o(.data)
    gCommOvDly                               0x10000314   Data           4  app_uart.o(.data)
    gUartSendDly                             0x10000318   Data           4  app_uart.o(.data)
    gWLKeyVal                                0x1000031c   Data           4  app_uart.o(.data)
    gUart0RcvOk                              0x10000320   Data           4  app_uart.o(.data)
    gYunx20ms                                0x10000324   Data           1  app_usr.o(.data)
    gYunx40ms                                0x10000325   Data           1  app_usr.o(.data)
    gYunx60ms                                0x10000326   Data           1  app_usr.o(.data)
    bInductive_switchA                       0x10000327   Data           1  app_usr.o(.data)
    bInductive_switchB                       0x10000328   Data           1  app_usr.o(.data)
    bRotation_Limit_DI                       0x10000329   Data           1  app_usr.o(.data)
    bWaterPump_DI                            0x1000032a   Data           1  app_usr.o(.data)
    oil_in_filter_alarm                      0x1000032b   Data           1  app_usr.o(.data)
    oil_back_filter_alarm                    0x1000032c   Data           1  app_usr.o(.data)
    oil_HighPress_filter_alarm               0x1000032d   Data           1  app_usr.o(.data)
    Arm_filter_alarm                         0x1000032e   Data           1  app_usr.o(.data)
    bSwingA_DI                               0x1000032f   Data           1  app_usr.o(.data)
    bSwingB_DI                               0x10000330   Data           1  app_usr.o(.data)
    oil_level_Low                            0x10000331   Data           1  app_usr.o(.data)
    oil_level_tooLow                         0x10000332   Data           1  app_usr.o(.data)
    oil_temperature_High                     0x10000333   Data           1  app_usr.o(.data)
    oil_temperature_Low                      0x10000334   Data           1  app_usr.o(.data)
    Oil_PressValue                           0x10000338   Data           4  app_usr.o(.data)
    Oil_PressValue_temp                      0x1000033c   Data           4  app_usr.o(.data)
    SNJ_level_Low                            0x10000340   Data           1  app_usr.o(.data)
    O_Horn_DO                                0x10000341   Data           1  app_usr.o(.data)
    O_Mix_DO                                 0x10000342   Data           1  app_usr.o(.data)
    O_RevMix_DO                              0x10000343   Data           1  app_usr.o(.data)
    O_auxiliary_valve                        0x10000344   Data           1  app_usr.o(.data)
    O_boom_pressure_ready                    0x10000345   Data           1  app_usr.o(.data)
    flux_up                                  0x10000346   Data           1  app_usr.o(.data)
    flux_down                                0x10000347   Data           1  app_usr.o(.data)
    bAD_up                                   0x10000348   Data           1  app_usr.o(.data)
    bAD_down                                 0x10000349   Data           1  app_usr.o(.data)
    bE_STOP                                  0x1000034a   Data           1  app_usr.o(.data)
    bMain_Motor_Setup                        0x1000034b   Data           1  app_usr.o(.data)
    over_load_Error                          0x1000034c   Data           1  app_usr.o(.data)
    over_load_Error_dly                      0x1000034d   Data           1  app_usr.o(.data)
    bAD_Setup                                0x1000034e   Data           1  app_usr.o(.data)
    bSwingA                                  0x1000034f   Data           1  app_usr.o(.data)
    bSwingB                                  0x10000350   Data           1  app_usr.o(.data)
    bMain_cylinder_A                         0x10000351   Data           1  app_usr.o(.data)
    bMain_cylinder_B                         0x10000352   Data           1  app_usr.o(.data)
    bLocalControl                            0x10000353   Data           1  app_usr.o(.data)
    bPump                                    0x10000354   Data           1  app_usr.o(.data)
    bsuck                                    0x10000355   Data           1  app_usr.o(.data)
    bjiaoban_DI                              0x10000356   Data           1  app_usr.o(.data)
    bfanjiaoban_DI                           0x10000357   Data           1  app_usr.o(.data)
    bHorn_DI                                 0x10000358   Data           1  app_usr.o(.data)
    bMotorMain_DI                            0x10000359   Data           1  app_usr.o(.data)
    bMotorStar_DI                            0x1000035a   Data           1  app_usr.o(.data)
    bMotorDelta_DI                           0x1000035b   Data           1  app_usr.o(.data)
    bMain_Motor_Setup_DI                     0x1000035c   Data           1  app_usr.o(.data)
    bMain_Motor_Stop_DI                      0x1000035d   Data           1  app_usr.o(.data)
    MC100_AI_H21                             0x10000360   Data           4  app_usr.o(.data)
    MC100_AI_H22                             0x10000364   Data           4  app_usr.o(.data)
    Oil_Temperature                          0x10000368   Data           4  app_usr.o(.data)
    SNJ_Speed                                0x1000036c   Data           4  app_usr.o(.data)
    Motor_dly_error                          0x10000370   Data           4  app_usr.o(.data)
    Pump_goal_hour                           0x10000374   Data           4  app_usr.o(.data)
    flux_Pump_PWM                            0x10000378   Data           4  app_usr.o(.data)
    sNJ_dis                                  0x1000037c   Data           4  app_usr.o(.data)
    flux_AD_PWM                              0x10000380   Data           4  app_usr.o(.data)
    TIAOSHI_S                                0x10000384   Data           4  app_usr.o(.data)
    O_SwingA_DO                              0x10000388   Data           1  app_usr.o(.data)
    O_SwingB_DO                              0x10000389   Data           1  app_usr.o(.data)
    O_MaincylinderA_DO                       0x1000038a   Data           1  app_usr.o(.data)
    O_MaincylinderB_DO                       0x1000038b   Data           1  app_usr.o(.data)
    O_Unload_DO                              0x1000038c   Data           1  app_usr.o(.data)
    O_AD_Unload_DO                           0x1000038d   Data           1  app_usr.o(.data)
    O_MainMotorStar_DO                       0x1000038e   Data           1  app_usr.o(.data)
    O_MainMotorDelta_DO                      0x1000038f   Data           1  app_usr.o(.data)
    O_chouY_DO                               0x10000390   Data           1  app_usr.o(.data)
    O_Fan_DO                                 0x10000391   Data           1  app_usr.o(.data)
    O_Leg_DO                                 0x10000392   Data           1  app_usr.o(.data)
    CAN_offline                              0x10000393   Data           1  app_usr.o(.data)
    bLeg_DI                                  0x10000394   Data           1  app_usr.o(.data)
    bfan_DI                                  0x10000395   Data           1  app_usr.o(.data)
    bBox_Stop_DI                             0x10000396   Data           1  app_usr.o(.data)
    bE_STOP_DI                               0x10000397   Data           1  app_usr.o(.data)
    CAN_remote_stop                          0x10000398   Data           1  app_usr.o(.data)
    R_brushBuf_DI                            0x10000399   Data           1  app_usr.o(.data)
    O_WaterPump_DO                           0x1000039a   Data           1  app_usr.o(.data)
    Emergency_alarm                          0x1000039b   Data           1  app_usr.o(.data)
    AD_Mode                                  0x1000039c   Data           1  app_usr.o(.data)
    flux_Pump_data                           0x1000039d   Data           1  app_usr.o(.data)
    flux_AD_data                             0x1000039e   Data           1  app_usr.o(.data)
    Whole_Pumptime                           0x100003a0   Data           4  app_usr.o(.data)
    Whole_pumptime_Min                       0x100003a4   Data           1  app_usr.o(.data)
    this_pumptime_Min                        0x100003a5   Data           1  app_usr.o(.data)
    this_pumptime_hour                       0x100003a8   Data           4  app_usr.o(.data)
    Work_Fangliang_ALL                       0x100003ac   Data           4  app_usr.o(.data)
    Phase_Error                              0x100003b0   Data           1  app_usr.o(.data)
    MotorDelta_Error                         0x100003b1   Data           1  app_usr.o(.data)
    MotorStar_Error                          0x100003b2   Data           1  app_usr.o(.data)
    set_snjPIVal                             0x100003b4   Data           4  app_usr.o(.data)
    gDJ_OK_delay                             0x100003b8   Data           4  app_usr.o(.data)
    with_yes_display                         0x100003bc   Data           4  app_usr.o(.data)
    snj_time_dly_display                     0x100003c0   Data           4  app_usr.o(.data)
    snj_kof_set_display                      0x100003c4   Data           4  app_usr.o(.data)
    snj_dead_zone_display                    0x100003c8   Data           4  app_usr.o(.data)
    MotorDelta_Error_count_qiangzhi          0x100003cc   Data           4  app_usr.o(.data)
    MotorStar_Error_count_qiangzhi           0x100003d0   Data           4  app_usr.o(.data)
    Phase_Error_count_qiangzhi               0x100003d4   Data           4  app_usr.o(.data)
    parameter_change_MC50                    0x100003d8   Data           1  app_usr.o(.data)
    pecent_pump_curent                       0x100003d9   Data           1  app_usr.o(.data)
    Verben_s                                 0x100003da   Data           1  app_usr.o(.data)
    gDJ_OK                                   0x100003db   Data           1  app_usr.o(.data)
    HighPress_input_DI                       0x100003dc   Data           1  app_usr.o(.data)
    byExchange_pump_times                    0x100003e0   Data           4  app_usr.o(.data)
    pump_current_min                         0x100003e4   Data           4  app_usr.o(.data)
    pump_current_max                         0x100003e8   Data           4  app_usr.o(.data)
    AD_current_min                           0x100003ec   Data           4  app_usr.o(.data)
    AD_current_max                           0x100003f0   Data           4  app_usr.o(.data)
    pump_current_min_display                 0x100003f4   Data           4  app_usr.o(.data)
    pump_current_max_display                 0x100003f8   Data           4  app_usr.o(.data)
    AD_current_max_display                   0x100003fc   Data           4  app_usr.o(.data)
    AD_current_min_display                   0x10000400   Data           4  app_usr.o(.data)
    fangL_kof_display                        0x10000404   Data           4  app_usr.o(.data)
    fangL_kof                                0x10000408   Data           4  app_usr.o(.data)
    MotorDelta_Error_count                   0x1000040c   Data           4  app_usr.o(.data)
    MotorStar_Error_count                    0x10000410   Data           4  app_usr.o(.data)
    Phase_Error_count                        0x10000414   Data           4  app_usr.o(.data)
    Motot_work_success                       0x10000418   Data           4  app_usr.o(.data)
    pump_F                                   0x1000041c   Data           4  app_usr.o(.data)
    y_key_1                                  0x10000420   Data           1  app_usr.o(.data)
    y_key_2                                  0x10000421   Data           1  app_usr.o(.data)
    y_key_3                                  0x10000422   Data           1  app_usr.o(.data)
    y_key_4                                  0x10000423   Data           1  app_usr.o(.data)
    y_key_5                                  0x10000424   Data           1  app_usr.o(.data)
    y_key_6                                  0x10000425   Data           1  app_usr.o(.data)
    y_key_7                                  0x10000426   Data           1  app_usr.o(.data)
    y_key_8                                  0x10000427   Data           1  app_usr.o(.data)
    snj_leval_DI                             0x10000428   Data           1  app_usr.o(.data)
    Walking_system_alarm_DI                  0x10000429   Data           1  app_usr.o(.data)
    glydly                                   0x1000042c   Data           4  app_usr.o(.data)
    pumponce_times                           0x10000430   Data           4  app_usr.o(.data)
    snj_ds                                   0x10000434   Data           4  app_usr.o(.data)
    Prog_Run_1s                              0x10000438   Data           4  app_usr.o(.data)
    Prog_Run_2s                              0x1000043c   Data           4  app_usr.o(.data)
    Prog_Run_3s                              0x10000440   Data           4  app_usr.o(.data)
    flux_pump_pecent_s                       0x10000444   Data           4  app_usr.o(.data)
    DI_Pin07                                 0x10000448   Data           1  app_usr.o(.data)
    DI_Pin10                                 0x10000449   Data           1  app_usr.o(.data)
    DI_Pin20                                 0x1000044a   Data           1  app_usr.o(.data)
    DI_Pin23                                 0x1000044b   Data           1  app_usr.o(.data)
    DI_Pin24                                 0x1000044c   Data           1  app_usr.o(.data)
    DI_Pin30                                 0x1000044d   Data           1  app_usr.o(.data)
    DI_Pin32                                 0x1000044e   Data           1  app_usr.o(.data)
    DI_Pin33                                 0x1000044f   Data           1  app_usr.o(.data)
    DI_8P01                                  0x10000450   Data           1  app_usr.o(.data)
    DI_8P02                                  0x10000451   Data           1  app_usr.o(.data)
    DI_8P03                                  0x10000452   Data           1  app_usr.o(.data)
    DI_8P04                                  0x10000453   Data           1  app_usr.o(.data)
    DO_Pin02                                 0x10000454   Data           1  app_usr.o(.data)
    DO_Pin03                                 0x10000455   Data           1  app_usr.o(.data)
    DO_Pin04                                 0x10000456   Data           1  app_usr.o(.data)
    DO_Pin11                                 0x10000457   Data           1  app_usr.o(.data)
    DO_Pin12                                 0x10000458   Data           1  app_usr.o(.data)
    DO_Pin14                                 0x10000459   Data           1  app_usr.o(.data)
    DO_Pin15                                 0x1000045a   Data           1  app_usr.o(.data)
    DO_Pin16                                 0x1000045b   Data           1  app_usr.o(.data)
    DO_Pin25                                 0x1000045c   Data           1  app_usr.o(.data)
    DO_Pin26                                 0x1000045d   Data           1  app_usr.o(.data)
    DO_Pin34                                 0x10000460   Data           4  app_usr.o(.data)
    DO_Pin35                                 0x10000464   Data           1  app_usr.o(.data)
    AI_Pin08                                 0x10000468   Data           4  app_usr.o(.data)
    AI_Pin09                                 0x1000046c   Data           4  app_usr.o(.data)
    AI_Pin10                                 0x10000470   Data           4  app_usr.o(.data)
    AI_Pin19                                 0x10000474   Data           4  app_usr.o(.data)
    AI_Pin21                                 0x10000478   Data           4  app_usr.o(.data)
    AI_Pin22                                 0x1000047c   Data           4  app_usr.o(.data)
    AI_Pin31                                 0x10000480   Data           4  app_usr.o(.data)
    gRunInfo                                 0x10000484   Data           8  app_usr.o(.data)
    TIAOSHI_ROW1                             0x1000048c   Data           1  app_lcd.o(.data)
    TIAOSHI_ROW2                             0x1000048d   Data           1  app_lcd.o(.data)
    TIAOSHI_ROW3                             0x1000048e   Data           1  app_lcd.o(.data)
    TIAOSHI_ROW4                             0x1000048f   Data           1  app_lcd.o(.data)
    TIAOSHI_ROW5                             0x10000490   Data           1  app_lcd.o(.data)
    TIAOSHI_ROW6                             0x10000491   Data           1  app_lcd.o(.data)
    TIAOSHI_ROW7                             0x10000492   Data           1  app_lcd.o(.data)
    TIAOSHI_ROW8                             0x10000493   Data           1  app_lcd.o(.data)
    TIAOSHI_ROW9                             0x10000494   Data           1  app_lcd.o(.data)
    TIAOSHI_Column0                          0x10000495   Data           1  app_lcd.o(.data)
    TIAOSHI_Column1                          0x10000496   Data           1  app_lcd.o(.data)
    TIAOSHI_Column2                          0x10000497   Data           1  app_lcd.o(.data)
    TIAOSHI_Column3                          0x10000498   Data           1  app_lcd.o(.data)
    TIAOSHI_Column4                          0x10000499   Data           1  app_lcd.o(.data)
    shouzhi_flags                            0x1000049a   Data           1  app_lcd.o(.data)
    redline_flags                            0x1000049b   Data           1  app_lcd.o(.data)
    PhaseAlarm_cance                         0x1000049c   Data           1  app_lcd.o(.data)
    Motor_error_cance                        0x1000049d   Data           1  app_lcd.o(.data)
    PhaseAlarm_cance_display                 0x1000049e   Data           1  app_lcd.o(.data)
    Motor_error_cance_display                0x1000049f   Data           1  app_lcd.o(.data)
    set_D_display                            0x100004a0   Data           1  app_lcd.o(.data)
    with_yes                                 0x100004a1   Data           1  app_lcd.o(.data)
    set_D                                    0x100004a2   Data           1  app_lcd.o(.data)
    snj_dead_zone                            0x100004a4   Data           4  app_lcd.o(.data)
    snj_kof_set                              0x100004a8   Data           4  app_lcd.o(.data)
    snj_time_dly                             0x100004ac   Data           4  app_lcd.o(.data)
    gCommOvDly_dly                           0x100004b0   Data           4  app_lcd.o(.data)
    fd_kk                                    0x100004b4   Data           4  app_lcd.o(.data)
    bPump_Led                                0x100004b8   Data           1  app_lcd.o(.data)
    bflux_up_Led                             0x100004b9   Data           1  app_lcd.o(.data)
    bflux_down_Led                           0x100004ba   Data           1  app_lcd.o(.data)
    bsnj_up_Led                              0x100004bb   Data           1  app_lcd.o(.data)
    bsnj_down_Led                            0x100004bc   Data           1  app_lcd.o(.data)
    bsnj_start_Led                           0x100004bd   Data           1  app_lcd.o(.data)
    boom_on_Led                              0x100004be   Data           1  app_lcd.o(.data)
    DATA_INPUT_value_1                       0x100004c0   Data           4  app_lcd.o(.data)
    DATA_INPUT_value_2                       0x100004c4   Data           4  app_lcd.o(.data)
    DATA_INPUT_value_3                       0x100004c8   Data           4  app_lcd.o(.data)
    DATA_INPUT_value_4                       0x100004cc   Data           4  app_lcd.o(.data)
    DATA_INPUT_value_5                       0x100004d0   Data           4  app_lcd.o(.data)
    DATA_INPUT_value_6                       0x100004d4   Data           4  app_lcd.o(.data)
    DATA_INPUT_value_7                       0x100004d8   Data           4  app_lcd.o(.data)
    DATA_INPUT_value_8                       0x100004dc   Data           4  app_lcd.o(.data)
    DATA_INPUT_value_1_old                   0x100004e0   Data           4  app_lcd.o(.data)
    DATA_INPUT_value_2_old                   0x100004e4   Data           4  app_lcd.o(.data)
    DATA_INPUT_value_3_old                   0x100004e8   Data           4  app_lcd.o(.data)
    DATA_INPUT_value_4_old                   0x100004ec   Data           4  app_lcd.o(.data)
    DATA_INPUT_value_5_old                   0x100004f0   Data           4  app_lcd.o(.data)
    DATA_INPUT_value_6_old                   0x100004f4   Data           4  app_lcd.o(.data)
    DATA_INPUT_value_7_old                   0x100004f8   Data           4  app_lcd.o(.data)
    DATA_INPUT_value_8_old                   0x100004fc   Data           4  app_lcd.o(.data)
    parameter_change_MC50_count              0x10000500   Data           4  app_lcd.o(.data)
    force_pump_time_D                        0x10000504   Data           4  app_lcd.o(.data)
    parameter_save_flag                      0x10000508   Data           1  app_lcd.o(.data)
    fCurve_State                             0x1000050c   Data           4  app_lcd.o(.data)
    fOutput_Y                                0x10000510   Data           4  app_lcd.o(.data)
    dead_zone                                0x10000514   Data           4  app_lcd.o(.data)
    gLcdFresh                                0x10000518   Data           2  app_lcd.o(.data)
    gDataFresh                               0x1000051a   Data           2  app_lcd.o(.data)
    gBKColor                                 0x1000051c   Data           2  app_lcd.o(.data)
    gFTColor                                 0x1000051e   Data           2  app_lcd.o(.data)
    gLCDX                                    0x10000520   Data           2  app_lcd.o(.data)
    gLCDY                                    0x10000522   Data           2  app_lcd.o(.data)
    gLCDX1                                   0x10000524   Data           2  app_lcd.o(.data)
    gLCDY1                                   0x10000526   Data           2  app_lcd.o(.data)
    gLCDW                                    0x10000528   Data           2  app_lcd.o(.data)
    gLCDH                                    0x1000052a   Data           2  app_lcd.o(.data)
    Data_Input_Row                           0x1000052c   Data           1  app_lcd.o(.data)
    Data_Input_Column                        0x1000052d   Data           1  app_lcd.o(.data)
    Data_Input_OK                            0x1000052e   Data           1  app_lcd.o(.data)
    Page_No                                  0x1000052f   Data           1  app_lcd.o(.data)
    pageindex                                0x10000530   Data           1  app_lcd.o(.data)
    pageold                                  0x10000531   Data           1  app_lcd.o(.data)
    key                                      0x10000536   Data           8  app_lcd.o(.data)
    keyold                                   0x1000053e   Data           8  app_lcd.o(.data)
    gp_lcdtask                               0x10000548   Data           4  app_lcd.o(.data)
    gPasswordIn                              0x1000054c   Data           8  app_lcd.o(.data)
    gBDParam                                 0x10000554   Data          32  app_sys.o(.bss)
    gBDParam2                                0x10000574   Data          56  app_sys.o(.bss)
    gWorkTime                                0x100005ac   Data          24  app_sys.o(.bss)
    gWorkTimeRd                              0x100005c4   Data          24  app_sys.o(.bss)
    gPWMx                                    0x100005dc   Data         120  app_sys.o(.bss)
    gADVal                                   0x10000654   Data          64  app_sys.o(.bss)
    gADV_mV                                  0x10000694   Data          64  app_sys.o(.bss)
    gAIValx                                  0x100006d4   Data          64  app_sys.o(.bss)
    MsgBuf_TX1                               0x10000714   Data         576  canopen.o(.bss)
    MsgBuf_TX2                               0x10000954   Data         576  canopen.o(.bss)
    MsgBuf_RX1                               0x10000b94   Data         768  canopen.o(.bss)
    MsgBuf_RX2                               0x10000e94   Data         768  canopen.o(.bss)
    gRcvCanID                                0x10001194   Data         256  canopen.o(.bss)
    gRcvCan2ID                               0x10001294   Data         256  canopen.o(.bss)
    ADC0Value                                0x10001394   Data          64  adc.o(.bss)
    ADCRst                                   0x100013d4   Data          64  adc.o(.bss)
    ADCBsl                                   0x10001414   Data          64  adc.o(.bss)
    I2CMasterBuffer                          0x10001454   Data         128  i2c.o(.bss)
    I2CSlaveBuffer                           0x100014d4   Data         128  i2c.o(.bss)
    gIICStat                                 0x10001554   Data          32  i2c.o(.bss)
    UART0Buffer                              0x10001574   Data          64  uart.o(.bss)
    UART1Buffer                              0x100015b4   Data          64  uart.o(.bss)
    pGPIOCfg                                 0x100015f4   Data         124  app_io.o(.bss)
    gDIScanFlg                               0x10001670   Data          24  app_io.o(.bss)
    gDIScanCnt                               0x10001688   Data          24  app_io.o(.bss)
    gKeyScanFlg                              0x100016a0   Data          12  app_io.o(.bss)
    gKeyScanFlg0                             0x100016ac   Data          12  app_io.o(.bss)
    gKeyScanCnt                              0x100016b8   Data          12  app_io.o(.bss)
    gKeyTurnFlg                              0x100016c4   Data          12  app_io.o(.bss)
    gTON                                     0x100016d0   Data          80  app_io.o(.bss)
    gTOF                                     0x10001720   Data         120  app_io.o(.bss)
    gTODH                                    0x10001798   Data         180  app_io.o(.bss)
    gTODL                                    0x1000184c   Data         180  app_io.o(.bss)
    gTODXOR                                  0x10001900   Data         180  app_io.o(.bss)
    gSysInfo                                 0x100019b4   Data          30  app_bus.o(.bss)
    gLCDSets                                 0x100019d2   Data          10  app_dgus.o(.bss)
    gLCDSStr0                                0x100019dc   Data          40  app_dgus.o(.bss)
    gLCDSStr                                 0x10001a04   Data          80  app_dgus.o(.bss)
    gLCDRStr                                 0x10001a54   Data          80  app_dgus.o(.bss)
    gWLSStr                                  0x10001aa4   Data          80  app_uart.o(.bss)
    gUartSendStr                             0x10001af4   Data          64  app_uart.o(.bss)
    DI_Buf                                   0x10001b34   Data          22  app_usr.o(.bss)
    value                                    0x10001b4c   Data          40  app_lcd.o(.bss)
    gLCDPage                                 0x10001b86   Data          14  app_lcd.o(.bss)
    data_input_TT                            0x10001b94   Data          30  app_lcd.o(.bss)
    ArrayX                                   0x10001bb4   Data         600  app_lcd.o(.bss)
    ArrayY                                   0x10001e0c   Data         600  app_lcd.o(.bss)
    __libspace_start                         0x10002064   Data          96  libspace.o(.bss)
    __temporary_stack_top$libspace           0x100020c4   Data           0  libspace.o(.bss)



==============================================================================

Memory Map of the image

  Image Entry point : 0x000020c5

  Load Region LR_IROM1 (Base: 0x00002000, Size: 0x0000e050, Max: 0x00040000, ABSOLUTE, COMPRESSED[0x0000dbcc])

    Execution Region ER_IROM1 (Base: 0x00002000, Size: 0x0000dafc, Max: 0x00040000, ABSOLUTE)

    Base Addr    Size         Type   Attr      Idx    E Section Name        Object

    0x00002000   0x000000c4   Data   RO            3    RESET               startup_lpc17xx.o
    0x000020c4   0x00000008   Code   RO          560  * !!!main             c_w.l(__main.o)(c_w.l)
    0x000020cc   0x00000034   Code   RO          855    !!!scatter          c_w.l(__scatter.o)(c_w.l)
    0x00002100   0x0000005a   Code   RO          853    !!dczerorl2         c_w.l(__dczerorl2.o)(c_w.l)
    0x0000215a   0x00000002   PAD
    0x0000215c   0x0000001c   Code   RO          857    !!handler_zi        c_w.l(__scatter_zi.o)(c_w.l)
    0x00002178   0x00000000   Code   RO          551    .ARM.Collect$$_printf_percent$$00000000  c_w.l(_printf_percent.o)(c_w.l)
    0x00002178   0x00000006   Code   RO          550    .ARM.Collect$$_printf_percent$$00000003  c_w.l(_printf_f.o)(c_w.l)
    0x0000217e   0x00000006   Code   RO          549    .ARM.Collect$$_printf_percent$$00000009  c_w.l(_printf_d.o)(c_w.l)
    0x00002184   0x00000004   Code   RO          634    .ARM.Collect$$_printf_percent$$00000017  c_w.l(_printf_percent_end.o)(c_w.l)
    0x00002188   0x00000006   Code   RO          726    .ARM.Collect$$libinit$$00000000  c_w.l(libinit.o)(c_w.l)
    0x0000218e   0x00000000   Code   RO          729    .ARM.Collect$$libinit$$00000006  c_w.l(libinit2.o)(c_w.l)
    0x0000218e   0x00000000   Code   RO          731    .ARM.Collect$$libinit$$00000008  c_w.l(libinit2.o)(c_w.l)
    0x0000218e   0x00000000   Code   RO          733    .ARM.Collect$$libinit$$0000000A  c_w.l(libinit2.o)(c_w.l)
    0x0000218e   0x00000006   Code   RO          734    .ARM.Collect$$libinit$$0000000B  c_w.l(libinit2.o)(c_w.l)
    0x00002194   0x00000000   Code   RO          736    .ARM.Collect$$libinit$$0000000D  c_w.l(libinit2.o)(c_w.l)
    0x00002194   0x00000000   Code   RO          738    .ARM.Collect$$libinit$$0000000F  c_w.l(libinit2.o)(c_w.l)
    0x00002194   0x00000000   Code   RO          740    .ARM.Collect$$libinit$$00000011  c_w.l(libinit2.o)(c_w.l)
    0x00002194   0x0000000a   Code   RO          741    .ARM.Collect$$libinit$$00000012  c_w.l(libinit2.o)(c_w.l)
    0x0000219e   0x00000000   Code   RO          742    .ARM.Collect$$libinit$$00000013  c_w.l(libinit2.o)(c_w.l)
    0x0000219e   0x00000000   Code   RO          744    .ARM.Collect$$libinit$$00000015  c_w.l(libinit2.o)(c_w.l)
    0x0000219e   0x00000000   Code   RO          746    .ARM.Collect$$libinit$$00000017  c_w.l(libinit2.o)(c_w.l)
    0x0000219e   0x00000000   Code   RO          748    .ARM.Collect$$libinit$$00000019  c_w.l(libinit2.o)(c_w.l)
    0x0000219e   0x00000000   Code   RO          750    .ARM.Collect$$libinit$$0000001B  c_w.l(libinit2.o)(c_w.l)
    0x0000219e   0x00000000   Code   RO          752    .ARM.Collect$$libinit$$0000001D  c_w.l(libinit2.o)(c_w.l)
    0x0000219e   0x00000000   Code   RO          754    .ARM.Collect$$libinit$$0000001F  c_w.l(libinit2.o)(c_w.l)
    0x0000219e   0x00000000   Code   RO          756    .ARM.Collect$$libinit$$00000021  c_w.l(libinit2.o)(c_w.l)
    0x0000219e   0x00000000   Code   RO          760    .ARM.Collect$$libinit$$00000028  c_w.l(libinit2.o)(c_w.l)
    0x0000219e   0x00000000   Code   RO          762    .ARM.Collect$$libinit$$0000002A  c_w.l(libinit2.o)(c_w.l)
    0x0000219e   0x00000000   Code   RO          764    .ARM.Collect$$libinit$$0000002C  c_w.l(libinit2.o)(c_w.l)
    0x0000219e   0x00000000   Code   RO          766    .ARM.Collect$$libinit$$0000002E  c_w.l(libinit2.o)(c_w.l)
    0x0000219e   0x00000002   Code   RO          767    .ARM.Collect$$libinit$$0000002F  c_w.l(libinit2.o)(c_w.l)
    0x000021a0   0x00000002   Code   RO          803    .ARM.Collect$$libshutdown$$00000000  c_w.l(libshutdown.o)(c_w.l)
    0x000021a2   0x00000000   Code   RO          814    .ARM.Collect$$libshutdown$$00000003  c_w.l(libshutdown2.o)(c_w.l)
    0x000021a2   0x00000000   Code   RO          817    .ARM.Collect$$libshutdown$$00000006  c_w.l(libshutdown2.o)(c_w.l)
    0x000021a2   0x00000000   Code   RO          820    .ARM.Collect$$libshutdown$$00000009  c_w.l(libshutdown2.o)(c_w.l)
    0x000021a2   0x00000000   Code   RO          822    .ARM.Collect$$libshutdown$$0000000B  c_w.l(libshutdown2.o)(c_w.l)
    0x000021a2   0x00000000   Code   RO          825    .ARM.Collect$$libshutdown$$0000000E  c_w.l(libshutdown2.o)(c_w.l)
    0x000021a2   0x00000002   Code   RO          826    .ARM.Collect$$libshutdown$$0000000F  c_w.l(libshutdown2.o)(c_w.l)
    0x000021a4   0x00000000   Code   RO          624    .ARM.Collect$$rtentry$$00000000  c_w.l(rtentry.o)(c_w.l)
    0x000021a4   0x00000000   Code   RO          651    .ARM.Collect$$rtentry$$00000002  c_w.l(rtentry2.o)(c_w.l)
    0x000021a4   0x00000006   Code   RO          666    .ARM.Collect$$rtentry$$00000004  c_w.l(rtentry4.o)(c_w.l)
    0x000021aa   0x00000000   Code   RO          653    .ARM.Collect$$rtentry$$00000009  c_w.l(rtentry2.o)(c_w.l)
    0x000021aa   0x00000004   Code   RO          654    .ARM.Collect$$rtentry$$0000000A  c_w.l(rtentry2.o)(c_w.l)
    0x000021ae   0x00000000   Code   RO          656    .ARM.Collect$$rtentry$$0000000C  c_w.l(rtentry2.o)(c_w.l)
    0x000021ae   0x00000008   Code   RO          657    .ARM.Collect$$rtentry$$0000000D  c_w.l(rtentry2.o)(c_w.l)
    0x000021b6   0x00000002   Code   RO          768    .ARM.Collect$$rtexit$$00000000  c_w.l(rtexit.o)(c_w.l)
    0x000021b8   0x00000000   Code   RO          775    .ARM.Collect$$rtexit$$00000002  c_w.l(rtexit2.o)(c_w.l)
    0x000021b8   0x00000004   Code   RO          776    .ARM.Collect$$rtexit$$00000003  c_w.l(rtexit2.o)(c_w.l)
    0x000021bc   0x00000006   Code   RO          777    .ARM.Collect$$rtexit$$00000004  c_w.l(rtexit2.o)(c_w.l)
    0x000021c2   0x00000002   PAD
    0x000021c4   0x00000038   Code   RO            5    .text               startup_lpc17xx.o
    0x000021fc   0x00000238   Code   RO           13    .text               system_lpc17xx.o
    0x00002434   0x00000410   Code   RO           41    .text               app_sys.o
    0x00002844   0x000003d0   Code   RO          142    .text               timer.o
    0x00002c14   0x00000600   Code   RO          175    .text               can.o
    0x00003214   0x000001e8   Code   RO          197    .text               main.o
    0x000033fc   0x00000e4c   Code   RO          210    .text               canopen.o
    0x00004248   0x00000f4c   Code   RO          232    .text               adc.o
    0x00005194   0x000000f8   Code   RO          252    .text               gpio.o
    0x0000528c   0x000002d0   Code   RO          273    .text               i2c.o
    0x0000555c   0x00000370   Code   RO          295    .text               uart.o
    0x000058cc   0x000009fc   Code   RO          314    .text               app_io.o
    0x000062c8   0x00001330   Code   RO          337    .text               app_bus.o
    0x000075f8   0x0000003c   Code   RO          377    .text               pwm.o
    0x00007634   0x00002074   Code   RO          395    .text               app_dgus.o
    0x000096a8   0x000003bc   Code   RO          418    .text               app_uart.o
    0x00009a64   0x000010bc   Code   RO          469    .text               app_usr.o
    0x0000ab20   0x000028a4   Code   RO          492    .text               app_lcd.o
    0x0000d3c4   0x00000028   Code   RO          523    .text               c_w.l(noretval__2sprintf.o)(c_w.l)
    0x0000d3ec   0x00000050   Code   RO          527    .text               c_w.l(_printf_pad.o)(c_w.l)
    0x0000d43c   0x00000074   Code   RO          529    .text               c_w.l(_printf_dec.o)(c_w.l)
    0x0000d4b0   0x0000011e   Code   RO          539    .text               c_w.l(__printf_wp.o)(c_w.l)
    0x0000d5ce   0x0000003e   Code   RO          552    .text               c_w.l(strlen.o)(c_w.l)
    0x0000d60c   0x0000008a   Code   RO          554    .text               c_w.l(rt_memcpy_v6.o)(c_w.l)
    0x0000d696   0x00000064   Code   RO          556    .text               c_w.l(rt_memcpy_w.o)(c_w.l)
    0x0000d6fa   0x00000006   Code   RO          558    .text               c_w.l(heapauxi.o)(c_w.l)
    0x0000d700   0x000000b4   Code   RO          626    .text               c_w.l(_printf_intcommon.o)(c_w.l)
    0x0000d7b4   0x0000040e   Code   RO          628    .text               c_w.l(_printf_fp_dec.o)(c_w.l)
    0x0000dbc2   0x00000002   PAD
    0x0000dbc4   0x00000030   Code   RO          630    .text               c_w.l(_printf_char_common.o)(c_w.l)
    0x0000dbf4   0x0000000a   Code   RO          632    .text               c_w.l(_sputc.o)(c_w.l)
    0x0000dbfe   0x00000010   Code   RO          635    .text               c_w.l(rtudiv10.o)(c_w.l)
    0x0000dc0e   0x00000002   PAD
    0x0000dc10   0x0000000c   Code   RO          671    .text               c_w.l(rt_locale_intlibspace.o)(c_w.l)
    0x0000dc1c   0x0000008a   Code   RO          673    .text               c_w.l(lludiv10.o)(c_w.l)
    0x0000dca6   0x00000002   PAD
    0x0000dca8   0x0000007c   Code   RO          675    .text               c_w.l(_printf_fp_infnan.o)(c_w.l)
    0x0000dd24   0x000000ec   Code   RO          679    .text               c_w.l(bigflt0.o)(c_w.l)
    0x0000de10   0x00000008   Code   RO          711    .text               c_w.l(libspace.o)(c_w.l)
    0x0000de18   0x0000004a   Code   RO          714    .text               c_w.l(sys_stackheap_outer.o)(c_w.l)
    0x0000de62   0x0000000c   Code   RO          716    .text               c_w.l(exit.o)(c_w.l)
    0x0000de6e   0x00000002   PAD
    0x0000de70   0x00000080   Code   RO          718    .text               c_w.l(strcmpv7m.o)(c_w.l)
    0x0000def0   0x0000000c   Code   RO          785    .text               c_w.l(rt_fp_status_addr_intlibspace.o)(c_w.l)
    0x0000defc   0x0000000c   Code   RO          793    .text               c_w.l(sys_exit.o)(c_w.l)
    0x0000df08   0x00000002   Code   RO          804    .text               c_w.l(use_no_semi.o)(c_w.l)
    0x0000df0a   0x0000003e   Code   RO          682    CL$$btod_d2e        c_w.l(btod.o)(c_w.l)
    0x0000df48   0x00000046   Code   RO          684    CL$$btod_d2e_denorm_low  c_w.l(btod.o)(c_w.l)
    0x0000df8e   0x00000060   Code   RO          683    CL$$btod_d2e_norm_op1  c_w.l(btod.o)(c_w.l)
    0x0000dfee   0x00000338   Code   RO          692    CL$$btod_div_common  c_w.l(btod.o)(c_w.l)
    0x0000e326   0x000000c6   Code   RO          689    CL$$btod_e2e        c_w.l(btod.o)(c_w.l)
    0x0000e3ec   0x00000028   Code   RO          686    CL$$btod_ediv       c_w.l(btod.o)(c_w.l)
    0x0000e414   0x00000028   Code   RO          685    CL$$btod_emul       c_w.l(btod.o)(c_w.l)
    0x0000e43c   0x00000244   Code   RO          691    CL$$btod_mult_common  c_w.l(btod.o)(c_w.l)
    0x0000e680   0x00000028   Code   RO          709    i.__ARM_fpclassify  m_ws.l(fpclassify.o)(m_ws.l)
    0x0000e6a8   0x0000002c   Code   RO          705    locale$$code        c_w.l(lc_numeric_c.o)(c_w.l)
    0x0000e6d4   0x00000062   Code   RO          562    x$fpl$d2f           fz_ws.l(d2f.o)(fz_ws.l)
    0x0000e736   0x00000002   PAD
    0x0000e738   0x0000014c   Code   RO          564    x$fpl$dadd          fz_ws.l(daddsub_clz.o)(fz_ws.l)
    0x0000e884   0x00000018   Code   RO          637    x$fpl$dcmpinf       fz_ws.l(dcmpi.o)(fz_ws.l)
    0x0000e89c   0x000002b0   Code   RO          571    x$fpl$ddiv          fz_ws.l(ddiv.o)(fz_ws.l)
    0x0000eb4c   0x0000005a   Code   RO          574    x$fpl$dfixu         fz_ws.l(dfixu.o)(fz_ws.l)
    0x0000eba6   0x00000026   Code   RO          578    x$fpl$dfltu         fz_ws.l(dflt_clz.o)(fz_ws.l)
    0x0000ebcc   0x00000078   Code   RO          584    x$fpl$dleqf         fz_ws.l(dleqf.o)(fz_ws.l)
    0x0000ec44   0x00000154   Code   RO          586    x$fpl$dmul          fz_ws.l(dmul.o)(fz_ws.l)
    0x0000ed98   0x0000009c   Code   RO          639    x$fpl$dnaninf       fz_ws.l(dnaninf.o)(fz_ws.l)
    0x0000ee34   0x0000000c   Code   RO          641    x$fpl$dretinf       fz_ws.l(dretinf.o)(fz_ws.l)
    0x0000ee40   0x000001d4   Code   RO          566    x$fpl$dsub          fz_ws.l(daddsub_clz.o)(fz_ws.l)
    0x0000f014   0x00000056   Code   RO          588    x$fpl$f2d           fz_ws.l(f2d.o)(fz_ws.l)
    0x0000f06a   0x00000002   PAD
    0x0000f06c   0x000000c4   Code   RO          590    x$fpl$fadd          fz_ws.l(faddsub_clz.o)(fz_ws.l)
    0x0000f130   0x00000018   Code   RO          643    x$fpl$fcmpinf       fz_ws.l(fcmpi.o)(fz_ws.l)
    0x0000f148   0x00000184   Code   RO          597    x$fpl$fdiv          fz_ws.l(fdiv.o)(fz_ws.l)
    0x0000f2cc   0x00000068   Code   RO          600    x$fpl$feqf          fz_ws.l(feqf.o)(fz_ws.l)
    0x0000f334   0x00000036   Code   RO          602    x$fpl$ffix          fz_ws.l(ffix.o)(fz_ws.l)
    0x0000f36a   0x00000002   PAD
    0x0000f36c   0x0000003e   Code   RO          606    x$fpl$ffixu         fz_ws.l(ffixu.o)(fz_ws.l)
    0x0000f3aa   0x00000002   PAD
    0x0000f3ac   0x00000030   Code   RO          611    x$fpl$fflt          fz_ws.l(fflt_clz.o)(fz_ws.l)
    0x0000f3dc   0x00000026   Code   RO          610    x$fpl$ffltu         fz_ws.l(fflt_clz.o)(fz_ws.l)
    0x0000f402   0x00000002   PAD
    0x0000f404   0x00000068   Code   RO          616    x$fpl$fleqf         fz_ws.l(fleqf.o)(fz_ws.l)
    0x0000f46c   0x00000102   Code   RO          618    x$fpl$fmul          fz_ws.l(fmul.o)(fz_ws.l)
    0x0000f56e   0x0000008c   Code   RO          645    x$fpl$fnaninf       fz_ws.l(fnaninf.o)(fz_ws.l)
    0x0000f5fa   0x0000000e   Code   RO          772    x$fpl$fpinit        fz_ws.l(fpinit.o)(fz_ws.l)
    0x0000f608   0x0000000a   Code   RO          647    x$fpl$fretinf       fz_ws.l(fretinf.o)(fz_ws.l)
    0x0000f612   0x00000062   Code   RO          620    x$fpl$frleqf        fz_ws.l(frleqf.o)(fz_ws.l)
    0x0000f674   0x000000ea   Code   RO          592    x$fpl$fsub          fz_ws.l(faddsub_clz.o)(fz_ws.l)
    0x0000f75e   0x00000004   Code   RO          622    x$fpl$printf1       fz_ws.l(printf1.o)(fz_ws.l)
    0x0000f762   0x00000000   Code   RO          649    x$fpl$usenofp       fz_ws.l(usenofp.o)(fz_ws.l)
    0x0000f762   0x000002ca   Data   RO          494    .constdata          app_lcd.o
    0x0000fa2c   0x00000094   Data   RO          680    .constdata          c_w.l(bigflt0.o)(c_w.l)
    0x0000fac0   0x00000020   Data   RO          851    Region$$Table       anon$$obj.o
    0x0000fae0   0x0000001c   Data   RO          704    locale$$data        c_w.l(lc_numeric_c.o)(c_w.l)


    Execution Region RW_IRAM1 (Base: 0x10000000, Size: 0x000024c8, Max: 0x00008000, ABSOLUTE, COMPRESSED[0x000000d0])

    Base Addr    Size         Type   Attr      Idx    E Section Name        Object

    0x10000000   0x00000004   Data   RW           14    .data               system_lpc17xx.o
    0x10000004   0x0000002a   Data   RW           43    .data               app_sys.o
    0x1000002e   0x00000002   PAD
    0x10000030   0x0000003b   Data   RW          143    .data               timer.o
    0x1000006b   0x00000001   PAD
    0x1000006c   0x00000038   Data   RW          176    .data               can.o
    0x100000a4   0x00000088   Data   RW          212    .data               canopen.o
    0x1000012c   0x00000066   Data   RW          234    .data               adc.o
    0x10000192   0x00000002   PAD
    0x10000194   0x00000005   Data   RW          253    .data               gpio.o
    0x10000199   0x00000003   PAD
    0x1000019c   0x00000030   Data   RW          275    .data               i2c.o
    0x100001cc   0x00000024   Data   RW          297    .data               uart.o
    0x100001f0   0x000000b7   Data   RW          316    .data               app_io.o
    0x100002a7   0x00000001   PAD
    0x100002a8   0x00000030   Data   RW          339    .data               app_bus.o
    0x100002d8   0x00000010   Data   RW          378    .data               pwm.o
    0x100002e8   0x00000002   Data   RW          397    .data               app_dgus.o
    0x100002ea   0x00000002   PAD
    0x100002ec   0x00000038   Data   RW          420    .data               app_uart.o
    0x10000324   0x00000168   Data   RW          471    .data               app_usr.o
    0x1000048c   0x000000c8   Data   RW          495    .data               app_lcd.o
    0x10000554   0x000001c0   Zero   RW           42    .bss                app_sys.o
    0x10000714   0x00000c80   Zero   RW          211    .bss                canopen.o
    0x10001394   0x000000c0   Zero   RW          233    .bss                adc.o
    0x10001454   0x00000120   Zero   RW          274    .bss                i2c.o
    0x10001574   0x00000080   Zero   RW          296    .bss                uart.o
    0x100015f4   0x000003c0   Zero   RW          315    .bss                app_io.o
    0x100019b4   0x0000001e   Zero   RW          338    .bss                app_bus.o
    0x100019d2   0x000000d2   Zero   RW          396    .bss                app_dgus.o
    0x10001aa4   0x00000090   Zero   RW          419    .bss                app_uart.o
    0x10001b34   0x00000016   Zero   RW          470    .bss                app_usr.o
    0x10001b4a   0x00000002   PAD
    0x10001b4c   0x00000518   Zero   RW          493    .bss                app_lcd.o
    0x10002064   0x00000060   Zero   RW          712    .bss                c_w.l(libspace.o)(c_w.l)
    0x100020c4   0x00000004   PAD
    0x100020c8   0x00000100   Zero   RW            2    HEAP                startup_lpc17xx.o
    0x100021c8   0x00000300   Zero   RW            1    STACK               startup_lpc17xx.o



  Load Region LR$$.ARM.__at_0x02FC (Base: 0x000002fc, Size: 0x00000004, Max: 0x00000004, ABSOLUTE)

    Execution Region ER$$.ARM.__at_0x02FC (Base: 0x000002fc, Size: 0x00000004, Max: 0x00000004, ABSOLUTE, UNINIT)

    Base Addr    Size         Type   Attr      Idx    E Section Name        Object

    0x000002fc   0x00000004   Code   RO            4    .ARM.__at_0x02FC    startup_lpc17xx.o


==============================================================================

Image component sizes


      Code (inc. data)   RO Data    RW Data    ZI Data      Debug   Object Name

      3916        334          0        102        192          0   adc.o
      4912        202          0         48         30          0   app_bus.o
      8308        150          0          2        210          0   app_dgus.o
      2556        132          0        183        960          0   app_io.o
     10404       1146        714        200       1304          0   app_lcd.o
      1040        134          0         42        448          0   app_sys.o
       956         58          0         56        144          0   app_uart.o
      4284        948          0        360         22          0   app_usr.o
      1536        120          0         56          0          0   can.o
      3660        140          0        136       3200          0   canopen.o
       248          8          0          5          0          0   gpio.o
       720         68          0         48        288          0   i2c.o
       488         60          0          0          0          0   main.o
        60          8          0         16          0          0   pwm.o
        60         26        196          0       1024          0   startup_lpc17xx.o
       568         64          0          4          0          0   system_lpc17xx.o
       976        116          0         59          0          0   timer.o
       880         78          0         36        128          0   uart.o

    ----------------------------------------------------------------------
     45572       3792        942       1364       7952          0   Object Totals
         0          0         32          0          0          0   (incl. Generated)
         0          0          0         11          2          1   (incl. Padding)

    ----------------------------------------------------------------------

      Code (inc. data)   RO Data    RW Data    ZI Data      Debug   Library Member Name

        90          0          0          0          0          0   __dczerorl2.o
         8          0          0          0          0          0   __main.o
       286          0          0          0          0          0   __printf_wp.o
        52          8          0          0          0          0   __scatter.o
        28          0          0          0          0          0   __scatter_zi.o
        48          6          0          0          0          0   _printf_char_common.o
         6          0          0          0          0          0   _printf_d.o
       116         18          0          0          0          0   _printf_dec.o
         6          0          0          0          0          0   _printf_f.o
      1038          0          0          0          0          0   _printf_fp_dec.o
       124         16          0          0          0          0   _printf_fp_infnan.o
       180          0          0          0          0          0   _printf_intcommon.o
        80          0          0          0          0          0   _printf_pad.o
         0          0          0          0          0          0   _printf_percent.o
         4          0          0          0          0          0   _printf_percent_end.o
        10          0          0          0          0          0   _sputc.o
       236          6        148          0          0          0   bigflt0.o
      1910        128          0          0          0          0   btod.o
        12          0          0          0          0          0   exit.o
         6          0          0          0          0          0   heapauxi.o
        44         10         28          0          0          0   lc_numeric_c.o
         6          0          0          0          0          0   libinit.o
        18          0          0          0          0          0   libinit2.o
         2          0          0          0          0          0   libshutdown.o
         2          0          0          0          0          0   libshutdown2.o
         8          4          0          0         96          0   libspace.o
       138          0          0          0          0          0   lludiv10.o
        40          6          0          0          0          0   noretval__2sprintf.o
        12          4          0          0          0          0   rt_fp_status_addr_intlibspace.o
        12          4          0          0          0          0   rt_locale_intlibspace.o
       138          0          0          0          0          0   rt_memcpy_v6.o
       100          0          0          0          0          0   rt_memcpy_w.o
         0          0          0          0          0          0   rtentry.o
        12          0          0          0          0          0   rtentry2.o
         6          0          0          0          0          0   rtentry4.o
         2          0          0          0          0          0   rtexit.o
        10          0          0          0          0          0   rtexit2.o
        16          0          0          0          0          0   rtudiv10.o
       128          0          0          0          0          0   strcmpv7m.o
        62          0          0          0          0          0   strlen.o
        12          4          0          0          0          0   sys_exit.o
        74          0          0          0          0          0   sys_stackheap_outer.o
         2          0          0          0          0          0   use_no_semi.o
        98          4          0          0          0          0   d2f.o
       800         16          0          0          0          0   daddsub_clz.o
        24          0          0          0          0          0   dcmpi.o
       688        140          0          0          0          0   ddiv.o
        90          4          0          0          0          0   dfixu.o
        38          0          0          0          0          0   dflt_clz.o
       120          4          0          0          0          0   dleqf.o
       340         12          0          0          0          0   dmul.o
       156          4          0          0          0          0   dnaninf.o
        12          0          0          0          0          0   dretinf.o
        86          4          0          0          0          0   f2d.o
       430          8          0          0          0          0   faddsub_clz.o
        24          0          0          0          0          0   fcmpi.o
       388         76          0          0          0          0   fdiv.o
       104          4          0          0          0          0   feqf.o
        54          4          0          0          0          0   ffix.o
        62          4          0          0          0          0   ffixu.o
        86          0          0          0          0          0   fflt_clz.o
       104          4          0          0          0          0   fleqf.o
       258          4          0          0          0          0   fmul.o
       140          4          0          0          0          0   fnaninf.o
        14          0          0          0          0          0   fpinit.o
        10          0          0          0          0          0   fretinf.o
        98          0          0          0          0          0   frleqf.o
         4          0          0          0          0          0   printf1.o
         0          0          0          0          0          0   usenofp.o
        40          0          0          0          0          0   fpclassify.o

    ----------------------------------------------------------------------
      9374        510        176          0        100          0   Library Totals
        22          0          0          0          4          0   (incl. Padding)

    ----------------------------------------------------------------------

      Code (inc. data)   RO Data    RW Data    ZI Data      Debug   Library Name

      5084        214        176          0         96       2920   c_w.l
      4228        296          0          0          0       2496   fz_ws.l
        40          0          0          0          0         68   m_ws.l

    ----------------------------------------------------------------------
      9374        510        176          0        100          0   Library Totals

    ----------------------------------------------------------------------

==============================================================================


      Code (inc. data)   RO Data    RW Data    ZI Data      Debug   

     54946       4302       1118       1364       8052     143408   Grand Totals
     54946       4302       1118        208       8052     143408   ELF Image Totals (compressed)
     54946       4302       1118        208          0          0   ROM Totals

==============================================================================

    Total RO  Size (Code + RO Data)                56064 (  54.75kB)
    Total RW  Size (RW Data + ZI Data)              9416 (   9.20kB)
    Total ROM Size (Code + RO Data + RW Data)      56272 (  54.95kB)

==============================================================================

