<html>
<body>
<pre>
<h1>µVision Build Log</h1>
<h2>Project:</h2>
E:\prj1\HDH2\œ‘ æ∆¡\MC_LCD - YC\MC_LCD.uvproj
Project File Date:  09/12/2018

<h2>Output:</h2>
Build target 'FLASH'
compiling timer.c...
compiling can.c...
compiling main.c...
Src\main.c(194): warning:  #223-D: function "CAN_receive_data" declared implicitly
Src\main.c(196): warning:  #223-D: function "Laji_IO_init" declared implicitly
Src\main.c(201): warning:  #223-D: function "Mode_definition" declared implicitly
Src\main.c(214): warning:  #223-D: function "CAN_Send_data" declared implicitly
compiling CanOpen.c...
compiling adc.c...
Src\adc.c(50): warning:  #177-D: variable "stFlg" was declared but never referenced
Src\adc.c(53): warning:  #177-D: variable "vAd0" was declared but never referenced
compiling GPIO.c...
compiling App_IO.c...
Src\App_IO.c(389): warning:  #186-D: pointless comparison of unsigned integer with zero
compiling App_Bus.c...
Src\App_Bus.c(415): warning:  #177-D: variable "i" was declared but never referenced
compiling Task.c...
compiling App_usr.c...
compiling pwm.c...
compiling App_DGUS.c...
compiling App_KEY.c...
compiling App_lcd.c...
Src\App_lcd.c(86): warning:  #167-D: argument of type "unsigned char *" is incompatible with parameter of type "char *restrict"
compiling App_Logic.c...
compiling MY_IO.c...
Src\MY_IO.c(17): warning:  #1295-D: Deprecated declaration clearTODH - give arg types
compiling MY_LCD.c...
Src\MY_LCD.c(39): warning:  #520-D: initialization with "{...}" expected for aggregate object
Src\MY_LCD.c(47): warning:  #177-D: variable "j" was declared but never referenced
Src\MY_LCD.c(363): warning:  #1-D: last line of file ends without a newline
linking...
Program Size: Code=46224 RO-data=644 RW-data=1024 ZI-data=6416  
FromELF: creating hex file...
".\FLASH\MC_LCD.axf" - 0 Errors, 13 Warning(s).
Clean started: Project: 'MC_LCD'
   deleting intermediate output files for target 'RAM'
   deleting intermediate output files for target 'FLASH'
Build target 'FLASH'
assembling startup_LPC17xx.s...
compiling system_LPC17xx.c...
compiling timer.c...
compiling can.c...
compiling main.c...
Src\main.c(194): warning:  #223-D: function "CAN_receive_data" declared implicitly
Src\main.c(196): warning:  #223-D: function "Laji_IO_init" declared implicitly
Src\main.c(201): warning:  #223-D: function "Mode_definition" declared implicitly
Src\main.c(214): warning:  #223-D: function "CAN_Send_data" declared implicitly
compiling CanOpen.c...
compiling adc.c...
Src\adc.c(50): warning:  #177-D: variable "stFlg" was declared but never referenced
Src\adc.c(53): warning:  #177-D: variable "vAd0" was declared but never referenced
compiling GPIO.c...
compiling i2c.c...
compiling uart.c...
compiling App_IO.c...
Src\App_IO.c(389): warning:  #186-D: pointless comparison of unsigned integer with zero
compiling App_Bus.c...
Src\App_Bus.c(415): warning:  #177-D: variable "i" was declared but never referenced
compiling Task.c...
compiling App_usr.c...
compiling pwm.c...
compiling App_DGUS.c...
compiling App_KEY.c...
compiling App_lcd.c...
Src\App_lcd.c(86): warning:  #167-D: argument of type "unsigned char *" is incompatible with parameter of type "char *restrict"
compiling App_Logic.c...
compiling MY_IO.c...
Src\MY_IO.c(17): warning:  #1295-D: Deprecated declaration clearTODH - give arg types
compiling MY_LCD.c...
Src\MY_LCD.c(39): warning:  #520-D: initialization with "{...}" expected for aggregate object
Src\MY_LCD.c(47): warning:  #177-D: variable "j" was declared but never referenced
Src\MY_LCD.c(363): warning:  #1-D: last line of file ends without a newline
linking...
Program Size: Code=46224 RO-data=644 RW-data=1024 ZI-data=6416  
FromELF: creating hex file...
".\FLASH\MC_LCD_KX_V2.axf" - 0 Errors, 13 Warning(s).
