<html>
<body>
<pre>
<h1>µVision Build Log</h1>
<h2>Project:</h2>
E:\Prj19\øÿ÷∆ œ‘ æ\7¥Á∆¡\MC_LCD - 7C\MC_LCD_7C.uvproj
Project File Date:  06/25/2019

<h2>Output:</h2>
Build target 'FLASH'
compiling App_IO.c...
Src\App_IO.c(518): warning:  #177-D: variable "pGPIO" was declared but never referenced
linking...
Program Size: Code=38888 RO-data=404 RW-data=832 ZI-data=6816  
FromELF: creating hex file...
After Build - User command #1: fromelf.exe --bincombined --bincombined_base=0x000 --bincombined_padding=1,0 --output="E:\Prj19\øÿ÷∆ œ‘ æ\7¥Á∆¡\MC_LCD - 7C\FLASH\MC_LCD_KX_V2.bin" "E:\Prj19\øÿ÷∆ œ‘ æ\7¥Á∆¡\MC_LCD - 7C\FLASH\MC_LCD_KX_V2.axf"
".\FLASH\MC_LCD_KX_V2.axf" - 0 Errors, 1 Warning(s).
Load "E:\\Prj19\\øÿ÷∆ œ‘ æ\\7¥Á∆¡\\MC_LCD - 7C\\FLASH\\MC_LCD_KX_V2.axf" 
Erase Done.
Programming Done.
Verify OK.
Application running ...
Build target 'FLASH'
compiling App_sys.c...
compiling timer.c...
compiling can.c...
compiling main.c...
Src\main.c(60): warning:  #177-D: variable "stX10ms" was declared but never referenced
compiling CanOpen.c...
compiling adc.c...
Src\adc.c(167): warning:  #550-D: variable "vAd0" was set but never used
compiling GPIO.c...
compiling App_IO.c...
Src\App_IO.c(518): warning:  #177-D: variable "pGPIO" was declared but never referenced
compiling App_Bus.c...
Src\App_Bus.c(790): warning:  #177-D: variable "i" was declared but never referenced
compiling Task.c...
compiling pwm.c...
Src\pwm.c(320): warning:  #177-D: variable "vCh" was declared but never referenced
compiling App_DGUS.c...
compiling App_uart.c...
compiling App_KEY.c...
compiling App_usr.c...
compiling App_lcd.c...
linking...
Program Size: Code=38888 RO-data=404 RW-data=840 ZI-data=6824  
FromELF: creating hex file...
After Build - User command #1: fromelf.exe --bincombined --bincombined_base=0x000 --bincombined_padding=1,0 --output="E:\Prj19\øÿ÷∆ œ‘ æ\7¥Á∆¡\MC_LCD - 7C\FLASH\MC_LCD_KX_V2.bin" "E:\Prj19\øÿ÷∆ œ‘ æ\7¥Á∆¡\MC_LCD - 7C\FLASH\MC_LCD_KX_V2.axf"
".\FLASH\MC_LCD_KX_V2.axf" - 0 Errors, 5 Warning(s).
Build target 'FLASH'
compiling App_sys.c...
compiling timer.c...
compiling can.c...
compiling main.c...
Src\main.c(60): warning:  #177-D: variable "stX10ms" was declared but never referenced
compiling CanOpen.c...
compiling adc.c...
Src\adc.c(167): warning:  #550-D: variable "vAd0" was set but never used
compiling GPIO.c...
compiling App_IO.c...
Src\App_IO.c(518): warning:  #177-D: variable "pGPIO" was declared but never referenced
compiling App_Bus.c...
Src\App_Bus.c(790): warning:  #177-D: variable "i" was declared but never referenced
compiling Task.c...
compiling pwm.c...
Src\pwm.c(320): warning:  #177-D: variable "vCh" was declared but never referenced
compiling App_DGUS.c...
compiling App_uart.c...
compiling App_KEY.c...
compiling App_usr.c...
compiling App_lcd.c...
linking...
Program Size: Code=38888 RO-data=404 RW-data=840 ZI-data=6824  
FromELF: creating hex file...
After Build - User command #1: fromelf.exe --bincombined --bincombined_base=0x000 --bincombined_padding=1,0 --output="E:\Prj19\øÿ÷∆ œ‘ æ\7¥Á∆¡\MC_LCD - 7C\FLASH\MC_LCD_KX_V2.bin" "E:\Prj19\øÿ÷∆ œ‘ æ\7¥Á∆¡\MC_LCD - 7C\FLASH\MC_LCD_KX_V2.axf"
".\FLASH\MC_LCD_KX_V2.axf" - 0 Errors, 5 Warning(s).
Build target 'FLASH'
compiling App_sys.c...
compiling main.c...
Src\main.c(60): warning:  #177-D: variable "stX10ms" was declared but never referenced
compiling App_IO.c...
Src\App_IO.c(518): warning:  #177-D: variable "pGPIO" was declared but never referenced
linking...
Program Size: Code=38888 RO-data=404 RW-data=840 ZI-data=6824  
FromELF: creating hex file...
After Build - User command #1: fromelf.exe --bincombined --bincombined_base=0x000 --bincombined_padding=1,0 --output="E:\Prj19\øÿ÷∆ œ‘ æ\7¥Á∆¡\MC_LCD - 7C\FLASH\MC_LCD_KX_V2.bin" "E:\Prj19\øÿ÷∆ œ‘ æ\7¥Á∆¡\MC_LCD - 7C\FLASH\MC_LCD_KX_V2.axf"
".\FLASH\MC_LCD_KX_V2.axf" - 0 Errors, 2 Warning(s).
Build target 'FLASH'
compiling main.c...
Src\main.c(60): warning:  #177-D: variable "stX10ms" was declared but never referenced
linking...
Program Size: Code=38888 RO-data=404 RW-data=840 ZI-data=6824  
FromELF: creating hex file...
After Build - User command #1: fromelf.exe --bincombined --bincombined_base=0x000 --bincombined_padding=1,0 --output="E:\Prj19\øÿ÷∆ œ‘ æ\7¥Á∆¡\MC_LCD - 7C\FLASH\MC_LCD_KX_V2.bin" "E:\Prj19\øÿ÷∆ œ‘ æ\7¥Á∆¡\MC_LCD - 7C\FLASH\MC_LCD_KX_V2.axf"
".\FLASH\MC_LCD_KX_V2.axf" - 0 Errors, 1 Warning(s).
Clean started: Project: 'MC_LCD_7C'
   deleting intermediate output files for target 'RAM'
   deleting intermediate output files for target 'FLASH'
Build target 'FLASH'
assembling startup_LPC17xx.s...
compiling system_LPC17xx.c...
compiling App_sys.c...
compiling timer.c...
compiling can.c...
compiling main.c...
Src\main.c(60): warning:  #177-D: variable "stX10ms" was declared but never referenced
compiling CanOpen.c...
compiling adc.c...
Src\adc.c(167): warning:  #550-D: variable "vAd0" was set but never used
compiling GPIO.c...
compiling i2c.c...
compiling uart.c...
compiling App_IO.c...
Src\App_IO.c(518): warning:  #177-D: variable "pGPIO" was declared but never referenced
compiling App_Bus.c...
Src\App_Bus.c(790): warning:  #177-D: variable "i" was declared but never referenced
compiling Task.c...
compiling pwm.c...
Src\pwm.c(320): warning:  #177-D: variable "vCh" was declared but never referenced
compiling App_DGUS.c...
compiling App_uart.c...
compiling App_KEY.c...
compiling App_usr.c...
compiling App_lcd.c...
linking...
Program Size: Code=38888 RO-data=404 RW-data=840 ZI-data=6824  
FromELF: creating hex file...
After Build - User command #1: fromelf.exe --bincombined --bincombined_base=0x000 --bincombined_padding=1,0 --output="E:\Prj19\øÿ÷∆ œ‘ æ\7¥Á∆¡\MC_LCD - 7C\FLASH\MC_LCD7_KX_V2.bin" "E:\Prj19\øÿ÷∆ œ‘ æ\7¥Á∆¡\MC_LCD - 7C\FLASH\MC_LCD7_KX_V2.axf"
".\FLASH\MC_LCD7_KX_V2.axf" - 0 Errors, 5 Warning(s).
Build target 'FLASH'
compiling main.c...
Src\main.c(60): warning:  #177-D: variable "stX10ms" was declared but never referenced
linking...
Program Size: Code=38880 RO-data=404 RW-data=840 ZI-data=6824  
FromELF: creating hex file...
After Build - User command #1: fromelf.exe --bincombined --bincombined_base=0x000 --bincombined_padding=1,0 --output="E:\Prj19\øÿ÷∆ œ‘ æ\7¥Á∆¡\MC_LCD - 7C\FLASH\MC_LCD7_KX_V2.bin" "E:\Prj19\øÿ÷∆ œ‘ æ\7¥Á∆¡\MC_LCD - 7C\FLASH\MC_LCD7_KX_V2.axf"
".\FLASH\MC_LCD7_KX_V2.axf" - 0 Errors, 1 Warning(s).
Build target 'FLASH'
compiling main.c...
Src\main.c(60): warning:  #177-D: variable "stX10ms" was declared but never referenced
linking...
Program Size: Code=38880 RO-data=404 RW-data=840 ZI-data=6824  
FromELF: creating hex file...
After Build - User command #1: fromelf.exe --bincombined --bincombined_base=0x000 --bincombined_padding=1,0 --output="E:\Prj19\øÿ÷∆ œ‘ æ\7¥Á∆¡\MC_LCD - 7C\FLASH\MC_LCD7_KX_V2.bin" "E:\Prj19\øÿ÷∆ œ‘ æ\7¥Á∆¡\MC_LCD - 7C\FLASH\MC_LCD7_KX_V2.axf"
".\FLASH\MC_LCD7_KX_V2.axf" - 0 Errors, 1 Warning(s).
Load "E:\\Prj19\\øÿ÷∆ œ‘ æ\\7¥Á∆¡\\MC_LCD - 7C\\FLASH\\MC_LCD7_KX_V2.axf" 
Erase Done.
Programming Done.
Verify OK.
Application running ...
Build target 'FLASH'
linking...
Program Size: Code=38880 RO-data=404 RW-data=840 ZI-data=6824  
FromELF: creating hex file...
After Build - User command #1: fromelf.exe --bincombined --bincombined_base=0x000 --bincombined_padding=1,0 --output="E:\Prj19\øÿ÷∆ œ‘ æ\7¥Á∆¡\MC_LCD - 7C\FLASH\MC_LCD7_KX_V2.bin" "E:\Prj19\øÿ÷∆ œ‘ æ\7¥Á∆¡\MC_LCD - 7C\FLASH\MC_LCD7_KX_V2.axf"
".\FLASH\MC_LCD7_KX_V2.axf" - 0 Errors, 0 Warning(s).
Build target 'FLASH'
linking...
Program Size: Code=38880 RO-data=404 RW-data=840 ZI-data=6824  
FromELF: creating hex file...
After Build - User command #1: fromelf.exe --bincombined --bincombined_base=0x000 --bincombined_padding=1,0 --output="E:\Prj19\øÿ÷∆ œ‘ æ\7¥Á∆¡\MC_LCD - 7C\FLASH\MC_LCD7_KX_V2.bin" "E:\Prj19\øÿ÷∆ œ‘ æ\7¥Á∆¡\MC_LCD - 7C\FLASH\MC_LCD7_KX_V2.axf"
".\FLASH\MC_LCD7_KX_V2.axf" - 0 Errors, 0 Warning(s).
